[5.274s] Invoking command in '/home/ashraful/HBRS/AMR/AMR_PROJECT/amr-team-bot/build/amr_localization': PYTHONPATH=/home/ashraful/HBRS/AMR/AMR_PROJECT/amr-team-bot/build/amr_localization/prefix_override:/usr/lib/python3/dist-packages/colcon_core/task/python/colcon_distutils_commands:/home/ashraful/HBRS/AMR/AMR_PROJECT/amr-team-bot/install/amr_localization/lib/python3.10/site-packages:${PYTHONPATH} /usr/bin/python3 -W ignore:setup.py install is deprecated -W ignore:easy_install command is deprecated setup.py develop --uninstall --editable --build-directory /home/ashraful/HBRS/AMR/AMR_PROJECT/amr-team-bot/build/amr_localization/build
[6.276s] running develop
[6.795s] Removing /home/ashraful/HBRS/AMR/AMR_PROJECT/amr-team-bot/install/amr_localization/lib/python3.10/site-packages/amr-localization.egg-link (link to .)
[7.397s] Invoked command in '/home/ashraful/HBRS/AMR/AMR_PROJECT/amr-team-bot/build/amr_localization' returned '0': PYTHONPATH=/home/ashraful/HBRS/AMR/AMR_PROJECT/amr-team-bot/build/amr_localization/prefix_override:/usr/lib/python3/dist-packages/colcon_core/task/python/colcon_distutils_commands:/home/ashraful/HBRS/AMR/AMR_PROJECT/amr-team-bot/install/amr_localization/lib/python3.10/site-packages:${PYTHONPATH} /usr/bin/python3 -W ignore:setup.py install is deprecated -W ignore:easy_install command is deprecated setup.py develop --uninstall --editable --build-directory /home/ashraful/HBRS/AMR/AMR_PROJECT/amr-team-bot/build/amr_localization/build
[7.398s] Invoking command in '/home/ashraful/HBRS/AMR/AMR_PROJECT/amr-team-bot/src/amr_localization': PYTHONPATH=/home/ashraful/HBRS/AMR/AMR_PROJECT/amr-team-bot/build/amr_localization/prefix_override:/usr/lib/python3/dist-packages/colcon_core/task/python/colcon_distutils_commands:/home/ashraful/HBRS/AMR/AMR_PROJECT/amr-team-bot/install/amr_localization/lib/python3.10/site-packages:${PYTHONPATH} /usr/bin/python3 -W ignore:setup.py install is deprecated -W ignore:easy_install command is deprecated setup.py egg_info --egg-base ../../build/amr_localization build --build-base /home/ashraful/HBRS/AMR/AMR_PROJECT/amr-team-bot/build/amr_localization/build install --record /home/ashraful/HBRS/AMR/AMR_PROJECT/amr-team-bot/build/amr_localization/install.log --install-scripts $base/lib/amr_localization --single-version-externally-managed install_data --force
[8.320s] running egg_info
[8.322s] writing ../../build/amr_localization/amr_localization.egg-info/PKG-INFO
[8.323s] writing dependency_links to ../../build/amr_localization/amr_localization.egg-info/dependency_links.txt
[8.323s] writing entry points to ../../build/amr_localization/amr_localization.egg-info/entry_points.txt
[8.324s] writing requirements to ../../build/amr_localization/amr_localization.egg-info/requires.txt
[8.330s] writing top-level names to ../../build/amr_localization/amr_localization.egg-info/top_level.txt
[8.330s] reading manifest file '../../build/amr_localization/amr_localization.egg-info/SOURCES.txt'
[8.331s] adding license file 'LICENSE'
[8.334s] writing manifest file '../../build/amr_localization/amr_localization.egg-info/SOURCES.txt'
[8.335s] running build
[8.335s] running build_py
[8.337s] copying amr_localization/lo.py -> /home/ashraful/HBRS/AMR/AMR_PROJECT/amr-team-bot/build/amr_localization/build/lib/amr_localization
[8.339s] running install
[8.341s] running install_lib
[8.344s] creating /home/ashraful/HBRS/AMR/AMR_PROJECT/amr-team-bot/install/amr_localization/lib/python3.10/site-packages/amr_localization
[8.345s] copying /home/ashraful/HBRS/AMR/AMR_PROJECT/amr-team-bot/build/amr_localization/build/lib/amr_localization/ggwp.py -> /home/ashraful/HBRS/AMR/AMR_PROJECT/amr-team-bot/install/amr_localization/lib/python3.10/site-packages/amr_localization
[8.346s] copying /home/ashraful/HBRS/AMR/AMR_PROJECT/amr-team-bot/build/amr_localization/build/lib/amr_localization/__init__.py -> /home/ashraful/HBRS/AMR/AMR_PROJECT/amr-team-bot/install/amr_localization/lib/python3.10/site-packages/amr_localization
[8.346s] copying /home/ashraful/HBRS/AMR/AMR_PROJECT/amr-team-bot/build/amr_localization/build/lib/amr_localization/lo.py -> /home/ashraful/HBRS/AMR/AMR_PROJECT/amr-team-bot/install/amr_localization/lib/python3.10/site-packages/amr_localization
[8.348s] copying /home/ashraful/HBRS/AMR/AMR_PROJECT/amr-team-bot/build/amr_localization/build/lib/amr_localization/ggwp copy.py -> /home/ashraful/HBRS/AMR/AMR_PROJECT/amr-team-bot/install/amr_localization/lib/python3.10/site-packages/amr_localization
[8.349s] copying /home/ashraful/HBRS/AMR/AMR_PROJECT/amr-team-bot/build/amr_localization/build/lib/amr_localization/particle_filter_node_backup.py -> /home/ashraful/HBRS/AMR/AMR_PROJECT/amr-team-bot/install/amr_localization/lib/python3.10/site-packages/amr_localization
[8.350s] copying /home/ashraful/HBRS/AMR/AMR_PROJECT/amr-team-bot/build/amr_localization/build/lib/amr_localization/import math.py -> /home/ashraful/HBRS/AMR/AMR_PROJECT/amr-team-bot/install/amr_localization/lib/python3.10/site-packages/amr_localization
[8.351s] copying /home/ashraful/HBRS/AMR/AMR_PROJECT/amr-team-bot/build/amr_localization/build/lib/amr_localization/particle_filter_node.py -> /home/ashraful/HBRS/AMR/AMR_PROJECT/amr-team-bot/install/amr_localization/lib/python3.10/site-packages/amr_localization
[8.351s] copying /home/ashraful/HBRS/AMR/AMR_PROJECT/amr-team-bot/build/amr_localization/build/lib/amr_localization/_2ndggwp.py -> /home/ashraful/HBRS/AMR/AMR_PROJECT/amr-team-bot/install/amr_localization/lib/python3.10/site-packages/amr_localization
[8.354s] byte-compiling /home/ashraful/HBRS/AMR/AMR_PROJECT/amr-team-bot/install/amr_localization/lib/python3.10/site-packages/amr_localization/ggwp.py to ggwp.cpython-310.pyc
[8.366s] byte-compiling /home/ashraful/HBRS/AMR/AMR_PROJECT/amr-team-bot/install/amr_localization/lib/python3.10/site-packages/amr_localization/__init__.py to __init__.cpython-310.pyc
[8.367s] byte-compiling /home/ashraful/HBRS/AMR/AMR_PROJECT/amr-team-bot/install/amr_localization/lib/python3.10/site-packages/amr_localization/lo.py to lo.cpython-310.pyc
[8.380s] byte-compiling /home/ashraful/HBRS/AMR/AMR_PROJECT/amr-team-bot/install/amr_localization/lib/python3.10/site-packages/amr_localization/ggwp copy.py to ggwp copy.cpython-310.pyc
[8.381s] byte-compiling /home/ashraful/HBRS/AMR/AMR_PROJECT/amr-team-bot/install/amr_localization/lib/python3.10/site-packages/amr_localization/particle_filter_node_backup.py to particle_filter_node_backup.cpython-310.pyc
[8.386s] byte-compiling /home/ashraful/HBRS/AMR/AMR_PROJECT/amr-team-bot/install/amr_localization/lib/python3.10/site-packages/amr_localization/import math.py to import math.cpython-310.pyc
[8.396s] byte-compiling /home/ashraful/HBRS/AMR/AMR_PROJECT/amr-team-bot/install/amr_localization/lib/python3.10/site-packages/amr_localization/particle_filter_node.py to particle_filter_node.cpython-310.pyc
[8.406s] byte-compiling /home/ashraful/HBRS/AMR/AMR_PROJECT/amr-team-bot/install/amr_localization/lib/python3.10/site-packages/amr_localization/_2ndggwp.py to _2ndggwp.cpython-310.pyc
[8.411s] running install_data
[8.411s] copying resource/amr_localization -> /home/ashraful/HBRS/AMR/AMR_PROJECT/amr-team-bot/install/amr_localization/share/ament_index/resource_index/packages
[8.412s] copying package.xml -> /home/ashraful/HBRS/AMR/AMR_PROJECT/amr-team-bot/install/amr_localization/share/amr_localization
[8.412s] copying launch/map_server.launch.py -> /home/ashraful/HBRS/AMR/AMR_PROJECT/amr-team-bot/install/amr_localization/share/amr_localization/launch
[8.413s] running install_egg_info
[8.419s] Copying ../../build/amr_localization/amr_localization.egg-info to /home/ashraful/HBRS/AMR/AMR_PROJECT/amr-team-bot/install/amr_localization/lib/python3.10/site-packages/amr_localization-0.0.0-py3.10.egg-info
[8.421s] running install_scripts
[8.486s] Installing gg script to /home/ashraful/HBRS/AMR/AMR_PROJECT/amr-team-bot/install/amr_localization/lib/amr_localization
[8.487s] Installing ggwp script to /home/ashraful/HBRS/AMR/AMR_PROJECT/amr-team-bot/install/amr_localization/lib/amr_localization
[8.487s] Installing lo script to /home/ashraful/HBRS/AMR/AMR_PROJECT/amr-team-bot/install/amr_localization/lib/amr_localization
[8.487s] Installing particle_filter_node script to /home/ashraful/HBRS/AMR/AMR_PROJECT/amr-team-bot/install/amr_localization/lib/amr_localization
[8.488s] writing list of installed files to '/home/ashraful/HBRS/AMR/AMR_PROJECT/amr-team-bot/build/amr_localization/install.log'
[8.539s] Invoked command in '/home/ashraful/HBRS/AMR/AMR_PROJECT/amr-team-bot/src/amr_localization' returned '0': PYTHONPATH=/home/ashraful/HBRS/AMR/AMR_PROJECT/amr-team-bot/build/amr_localization/prefix_override:/usr/lib/python3/dist-packages/colcon_core/task/python/colcon_distutils_commands:/home/ashraful/HBRS/AMR/AMR_PROJECT/amr-team-bot/install/amr_localization/lib/python3.10/site-packages:${PYTHONPATH} /usr/bin/python3 -W ignore:setup.py install is deprecated -W ignore:easy_install command is deprecated setup.py egg_info --egg-base ../../build/amr_localization build --build-base /home/ashraful/HBRS/AMR/AMR_PROJECT/amr-team-bot/build/amr_localization/build install --record /home/ashraful/HBRS/AMR/AMR_PROJECT/amr-team-bot/build/amr_localization/install.log --install-scripts $base/lib/amr_localization --single-version-externally-managed install_data --force
