running egg_info
writing ../../build/potential/potential.egg-info/PKG-INFO
writing dependency_links to ../../build/potential/potential.egg-info/dependency_links.txt
writing entry points to ../../build/potential/potential.egg-info/entry_points.txt
writing requirements to ../../build/potential/potential.egg-info/requires.txt
writing top-level names to ../../build/potential/potential.egg-info/top_level.txt
reading manifest file '../../build/potential/potential.egg-info/SOURCES.txt'
adding license file 'LICENSE'
writing manifest file '../../build/potential/potential.egg-info/SOURCES.txt'
running build
running build_py
running install
running install_lib
running install_data
running install_egg_info
removing '/home/ashraful/HBRS/AMR/AMR_PROJECT/amr-team-bot/install/potential/lib/python3.10/site-packages/potential-0.0.0-py3.10.egg-info' (and everything under it)
Copying ../../build/potential/potential.egg-info to /home/ashraful/HBRS/AMR/AMR_PROJECT/amr-team-bot/install/potential/lib/python3.10/site-packages/potential-0.0.0-py3.10.egg-info
running install_scripts
Installing potential script to /home/ashraful/HBRS/AMR/AMR_PROJECT/amr-team-bot/install/potential/lib/potential
writing list of installed files to '/home/ashraful/HBRS/AMR/AMR_PROJECT/amr-team-bot/build/potential/install.log'
