[5.212s] Invoking command in '/home/ashraful/HBRS/AMR/AMR_PROJECT/amr-team-bot/src/potential': PYTHONPATH=/home/ashraful/HBRS/AMR/AMR_PROJECT/amr-team-bot/build/potential/prefix_override:/usr/lib/python3/dist-packages/colcon_core/task/python/colcon_distutils_commands:/home/ashraful/HBRS/AMR/AMR_PROJECT/amr-team-bot/install/potential/lib/python3.10/site-packages:${PYTHONPATH} /usr/bin/python3 -W ignore:setup.py install is deprecated -W ignore:easy_install command is deprecated setup.py egg_info --egg-base ../../build/potential build --build-base /home/ashraful/HBRS/AMR/AMR_PROJECT/amr-team-bot/build/potential/build install --record /home/ashraful/HBRS/AMR/AMR_PROJECT/amr-team-bot/build/potential/install.log --install-scripts $base/lib/potential --single-version-externally-managed install_data
[6.213s] running egg_info
[6.214s] writing ../../build/potential/potential.egg-info/PKG-INFO
[6.214s] writing dependency_links to ../../build/potential/potential.egg-info/dependency_links.txt
[6.214s] writing entry points to ../../build/potential/potential.egg-info/entry_points.txt
[6.214s] writing requirements to ../../build/potential/potential.egg-info/requires.txt
[6.215s] writing top-level names to ../../build/potential/potential.egg-info/top_level.txt
[6.215s] reading manifest file '../../build/potential/potential.egg-info/SOURCES.txt'
[6.216s] adding license file 'LICENSE'
[6.216s] writing manifest file '../../build/potential/potential.egg-info/SOURCES.txt'
[6.216s] running build
[6.216s] running build_py
[6.216s] running install
[6.217s] running install_lib
[6.217s] running install_data
[6.217s] running install_egg_info
[6.217s] removing '/home/ashraful/HBRS/AMR/AMR_PROJECT/amr-team-bot/install/potential/lib/python3.10/site-packages/potential-0.0.0-py3.10.egg-info' (and everything under it)
[6.218s] Copying ../../build/potential/potential.egg-info to /home/ashraful/HBRS/AMR/AMR_PROJECT/amr-team-bot/install/potential/lib/python3.10/site-packages/potential-0.0.0-py3.10.egg-info
[6.218s] running install_scripts
[6.218s] Installing potential script to /home/ashraful/HBRS/AMR/AMR_PROJECT/amr-team-bot/install/potential/lib/potential
[6.218s] writing list of installed files to '/home/ashraful/HBRS/AMR/AMR_PROJECT/amr-team-bot/build/potential/install.log'
[6.247s] Invoked command in '/home/ashraful/HBRS/AMR/AMR_PROJECT/amr-team-bot/src/potential' returned '0': PYTHONPATH=/home/ashraful/HBRS/AMR/AMR_PROJECT/amr-team-bot/build/potential/prefix_override:/usr/lib/python3/dist-packages/colcon_core/task/python/colcon_distutils_commands:/home/ashraful/HBRS/AMR/AMR_PROJECT/amr-team-bot/install/potential/lib/python3.10/site-packages:${PYTHONPATH} /usr/bin/python3 -W ignore:setup.py install is deprecated -W ignore:easy_install command is deprecated setup.py egg_info --egg-base ../../build/potential build --build-base /home/ashraful/HBRS/AMR/AMR_PROJECT/amr-team-bot/build/potential/build install --record /home/ashraful/HBRS/AMR/AMR_PROJECT/amr-team-bot/build/potential/install.log --install-scripts $base/lib/potential --single-version-externally-managed install_data
