[3.348s] Invoking command in '/home/ashraful/HBRS/AMR/AMR_PROJECT/amr-team-bot/build/amr_localization': PYTHONPATH=/home/ashraful/HBRS/AMR/AMR_PROJECT/amr-team-bot/build/amr_localization/prefix_override:/usr/lib/python3/dist-packages/colcon_core/task/python/colcon_distutils_commands:/home/ashraful/HBRS/AMR/AMR_PROJECT/amr-team-bot/install/amr_localization/lib/python3.10/site-packages:${PYTHONPATH} /usr/bin/python3 -W ignore:setup.py install is deprecated -W ignore:easy_install command is deprecated setup.py develop --editable --build-directory /home/ashraful/HBRS/AMR/AMR_PROJECT/amr-team-bot/build/amr_localization/build --no-deps symlink_data
[4.492s] running develop
[5.152s] running egg_info
[5.153s] writing amr_localization.egg-info/PKG-INFO
[5.153s] writing dependency_links to amr_localization.egg-info/dependency_links.txt
[5.154s] writing entry points to amr_localization.egg-info/entry_points.txt
[5.154s] writing requirements to amr_localization.egg-info/requires.txt
[5.155s] writing top-level names to amr_localization.egg-info/top_level.txt
[5.160s] reading manifest file 'amr_localization.egg-info/SOURCES.txt'
[5.162s] writing manifest file 'amr_localization.egg-info/SOURCES.txt'
[5.166s] running build_ext
[5.167s] Creating /home/ashraful/HBRS/AMR/AMR_PROJECT/amr-team-bot/install/amr_localization/lib/python3.10/site-packages/amr-localization.egg-link (link to .)
[5.169s] Installing gg script to /home/ashraful/HBRS/AMR/AMR_PROJECT/amr-team-bot/install/amr_localization/lib/amr_localization
[5.170s] Installing ggwp script to /home/ashraful/HBRS/AMR/AMR_PROJECT/amr-team-bot/install/amr_localization/lib/amr_localization
[5.170s] Installing lo script to /home/ashraful/HBRS/AMR/AMR_PROJECT/amr-team-bot/install/amr_localization/lib/amr_localization
[5.170s] Installing particle_filter_node script to /home/ashraful/HBRS/AMR/AMR_PROJECT/amr-team-bot/install/amr_localization/lib/amr_localization
[5.171s] 
[5.171s] Installed /home/ashraful/HBRS/AMR/AMR_PROJECT/amr-team-bot/build/amr_localization
[5.174s] running symlink_data
[5.251s] Invoked command in '/home/ashraful/HBRS/AMR/AMR_PROJECT/amr-team-bot/build/amr_localization' returned '0': PYTHONPATH=/home/ashraful/HBRS/AMR/AMR_PROJECT/amr-team-bot/build/amr_localization/prefix_override:/usr/lib/python3/dist-packages/colcon_core/task/python/colcon_distutils_commands:/home/ashraful/HBRS/AMR/AMR_PROJECT/amr-team-bot/install/amr_localization/lib/python3.10/site-packages:${PYTHONPATH} /usr/bin/python3 -W ignore:setup.py install is deprecated -W ignore:easy_install command is deprecated setup.py develop --editable --build-directory /home/ashraful/HBRS/AMR/AMR_PROJECT/amr-team-bot/build/amr_localization/build --no-deps symlink_data
