[5.240s] Invoking command in '/home/ashraful/HBRS/AMR/AMR_PROJECT/amr-team-bot/src/mcl_particle_filter': PYTHONPATH=/home/ashraful/HBRS/AMR/AMR_PROJECT/amr-team-bot/build/mcl_particle_filter/prefix_override:/usr/lib/python3/dist-packages/colcon_core/task/python/colcon_distutils_commands:/home/ashraful/HBRS/AMR/AMR_PROJECT/amr-team-bot/install/mcl_particle_filter/lib/python3.10/site-packages:${PYTHONPATH} /usr/bin/python3 -W ignore:setup.py install is deprecated -W ignore:easy_install command is deprecated setup.py egg_info --egg-base ../../build/mcl_particle_filter build --build-base /home/ashraful/HBRS/AMR/AMR_PROJECT/amr-team-bot/build/mcl_particle_filter/build install --record /home/ashraful/HBRS/AMR/AMR_PROJECT/amr-team-bot/build/mcl_particle_filter/install.log --install-scripts $base/lib/mcl_particle_filter --single-version-externally-managed install_data
[6.242s] running egg_info
[6.243s] writing ../../build/mcl_particle_filter/mcl_particle_filter.egg-info/PKG-INFO
[6.243s] writing dependency_links to ../../build/mcl_particle_filter/mcl_particle_filter.egg-info/dependency_links.txt
[6.243s] writing entry points to ../../build/mcl_particle_filter/mcl_particle_filter.egg-info/entry_points.txt
[6.244s] writing requirements to ../../build/mcl_particle_filter/mcl_particle_filter.egg-info/requires.txt
[6.244s] writing top-level names to ../../build/mcl_particle_filter/mcl_particle_filter.egg-info/top_level.txt
[6.245s] reading manifest file '../../build/mcl_particle_filter/mcl_particle_filter.egg-info/SOURCES.txt'
[6.245s] writing manifest file '../../build/mcl_particle_filter/mcl_particle_filter.egg-info/SOURCES.txt'
[6.245s] running build
[6.246s] running build_py
[6.246s] running install
[6.246s] running install_lib
[6.246s] running install_data
[6.246s] running install_egg_info
[6.246s] removing '/home/ashraful/HBRS/AMR/AMR_PROJECT/amr-team-bot/install/mcl_particle_filter/lib/python3.10/site-packages/mcl_particle_filter-0.0.0-py3.10.egg-info' (and everything under it)
[6.247s] Copying ../../build/mcl_particle_filter/mcl_particle_filter.egg-info to /home/ashraful/HBRS/AMR/AMR_PROJECT/amr-team-bot/install/mcl_particle_filter/lib/python3.10/site-packages/mcl_particle_filter-0.0.0-py3.10.egg-info
[6.247s] running install_scripts
[6.264s] Installing particle_filter script to /home/ashraful/HBRS/AMR/AMR_PROJECT/amr-team-bot/install/mcl_particle_filter/lib/mcl_particle_filter
[6.264s] writing list of installed files to '/home/ashraful/HBRS/AMR/AMR_PROJECT/amr-team-bot/build/mcl_particle_filter/install.log'
[6.346s] Invoked command in '/home/ashraful/HBRS/AMR/AMR_PROJECT/amr-team-bot/src/mcl_particle_filter' returned '0': PYTHONPATH=/home/ashraful/HBRS/AMR/AMR_PROJECT/amr-team-bot/build/mcl_particle_filter/prefix_override:/usr/lib/python3/dist-packages/colcon_core/task/python/colcon_distutils_commands:/home/ashraful/HBRS/AMR/AMR_PROJECT/amr-team-bot/install/mcl_particle_filter/lib/python3.10/site-packages:${PYTHONPATH} /usr/bin/python3 -W ignore:setup.py install is deprecated -W ignore:easy_install command is deprecated setup.py egg_info --egg-base ../../build/mcl_particle_filter build --build-base /home/ashraful/HBRS/AMR/AMR_PROJECT/amr-team-bot/build/mcl_particle_filter/build install --record /home/ashraful/HBRS/AMR/AMR_PROJECT/amr-team-bot/build/mcl_particle_filter/install.log --install-scripts $base/lib/mcl_particle_filter --single-version-externally-managed install_data
