[0.091s] Invoking command in '/home/ashraful/HBRS/AMR/AMR_PROJECT/amr-team-bot/build/robile_interfaces': CMAKE_PREFIX_PATH=/opt/ros/humble /usr/bin/cmake /home/ashraful/HBRS/AMR/AMR_PROJECT/amr-team-bot/src/robile_interfaces -DCMAKE_INSTALL_PREFIX=/home/ashraful/HBRS/AMR/AMR_PROJECT/amr-team-bot/install/robile_interfaces
[3.223s] -- Found ament_cmake: 1.3.14 (/opt/ros/humble/share/ament_cmake/cmake)
[3.223s] -- Override CMake install command with custom implementation using symlinks instead of copying resources
[3.223s] -- Found builtin_interfaces: 1.2.3 (/opt/ros/humble/share/builtin_interfaces/cmake)
[3.224s] -- Found rosidl_generator_c: 3.1.9 (/opt/ros/humble/share/rosidl_generator_c/cmake)
[3.225s] -- Found rosidl_adapter: 3.1.9 (/opt/ros/humble/share/rosidl_adapter/cmake)
[3.225s] -- Found rosidl_generator_cpp: 3.1.9 (/opt/ros/humble/share/rosidl_generator_cpp/cmake)
[3.226s] -- Using all available rosidl_typesupport_c: rosidl_typesupport_fastrtps_c;rosidl_typesupport_introspection_c
[3.230s] -- Using all available rosidl_typesupport_cpp: rosidl_typesupport_fastrtps_cpp;rosidl_typesupport_introspection_cpp
[3.231s] -- Found rosidl_default_generators: 1.2.1 (/opt/ros/humble/share/rosidl_default_generators/cmake)
[3.231s] -- Found geometry_msgs: 4.9.2 (/opt/ros/humble/share/geometry_msgs/cmake)
[3.232s] -- Found ament_cmake_ros: 0.10.0 (/opt/ros/humble/share/ament_cmake_ros/cmake)
[3.232s] -- Using all available rosidl_typesupport_c: rosidl_typesupport_fastrtps_c;rosidl_typesupport_introspection_c
[3.298s] -- Using all available rosidl_typesupport_cpp: rosidl_typesupport_fastrtps_cpp;rosidl_typesupport_introspection_cpp
[3.361s] -- Found python_cmake_module: 0.10.0 (/opt/ros/humble/share/python_cmake_module/cmake)
[3.434s] -- Using PYTHON_EXECUTABLE: /usr/bin/python3
[3.434s] -- Using PYTHON_INCLUDE_DIRS: /usr/include/python3.10
[3.435s] -- Using PYTHON_LIBRARIES: /usr/lib/x86_64-linux-gnu/libpython3.10.so
[3.746s] -- Configuring done
[3.869s] -- Generating done
[3.903s] -- Build files have been written to: /home/ashraful/HBRS/AMR/AMR_PROJECT/amr-team-bot/build/robile_interfaces
[4.050s] Invoked command in '/home/ashraful/HBRS/AMR/AMR_PROJECT/amr-team-bot/build/robile_interfaces' returned '0': CMAKE_PREFIX_PATH=/opt/ros/humble /usr/bin/cmake /home/ashraful/HBRS/AMR/AMR_PROJECT/amr-team-bot/src/robile_interfaces -DCMAKE_INSTALL_PREFIX=/home/ashraful/HBRS/AMR/AMR_PROJECT/amr-team-bot/install/robile_interfaces
[4.064s] Invoking command in '/home/ashraful/HBRS/AMR/AMR_PROJECT/amr-team-bot/build/robile_interfaces': CMAKE_PREFIX_PATH=/opt/ros/humble /usr/bin/cmake --build /home/ashraful/HBRS/AMR/AMR_PROJECT/amr-team-bot/build/robile_interfaces -- -j8 -l8
[4.281s] [35m[1mConsolidate compiler generated dependencies of target robile_interfaces__rosidl_generator_c[0m
[4.325s] [  2%] Built target robile_interfaces__cpp
[4.360s] [  2%] Built target ament_cmake_python_symlink_robile_interfaces
[4.378s] [  5%] Built target robile_interfaces__rs
[4.394s] [  7%] [32mBuilding C object CMakeFiles/robile_interfaces__rosidl_generator_c.dir/rosidl_generator_c/robile_interfaces/msg/detail/position_labelled_array__functions.c.o[0m
[4.428s] [ 10%] [32mBuilding C object CMakeFiles/robile_interfaces__rosidl_generator_c.dir/rosidl_generator_c/robile_interfaces/msg/detail/position_labelled__functions.c.o[0m
[4.428s] [35m[1mConsolidate compiler generated dependencies of target robile_interfaces__rosidl_typesupport_fastrtps_cpp[0m
[4.477s] [35m[1mConsolidate compiler generated dependencies of target robile_interfaces__rosidl_typesupport_cpp[0m
[4.477s] [35m[1mConsolidate compiler generated dependencies of target robile_interfaces__rosidl_typesupport_introspection_cpp[0m
[4.595s] [ 12%] [32mBuilding CXX object CMakeFiles/robile_interfaces__rosidl_typesupport_introspection_cpp.dir/rosidl_typesupport_introspection_cpp/robile_interfaces/msg/detail/position_labelled__type_support.cpp.o[0m
[4.620s] [ 15%] [32mBuilding CXX object CMakeFiles/robile_interfaces__rosidl_typesupport_cpp.dir/rosidl_typesupport_cpp/robile_interfaces/msg/position_labelled__type_support.cpp.o[0m
[4.676s] [ 17%] [32mBuilding CXX object CMakeFiles/robile_interfaces__rosidl_typesupport_cpp.dir/rosidl_typesupport_cpp/robile_interfaces/msg/position_labelled_array__type_support.cpp.o[0m
[4.710s] [ 20%] [32mBuilding CXX object CMakeFiles/robile_interfaces__rosidl_typesupport_introspection_cpp.dir/rosidl_typesupport_introspection_cpp/robile_interfaces/msg/detail/position_labelled_array__type_support.cpp.o[0m
[4.731s] [ 22%] [32mBuilding CXX object CMakeFiles/robile_interfaces__rosidl_typesupport_fastrtps_cpp.dir/rosidl_typesupport_fastrtps_cpp/robile_interfaces/msg/detail/dds_fastrtps/position_labelled__type_support.cpp.o[0m
[5.318s] [ 25%] [32mBuilding CXX object CMakeFiles/robile_interfaces__rosidl_typesupport_fastrtps_cpp.dir/rosidl_typesupport_fastrtps_cpp/robile_interfaces/msg/detail/dds_fastrtps/position_labelled_array__type_support.cpp.o[0m
[5.367s] [ 27%] [32m[1mLinking C shared library librobile_interfaces__rosidl_generator_c.so[0m
[5.820s] [ 30%] Built target robile_interfaces__rosidl_generator_c
[5.916s] [35m[1mConsolidate compiler generated dependencies of target robile_interfaces__rosidl_typesupport_fastrtps_c[0m
[6.047s] [ 32%] [32mBuilding CXX object CMakeFiles/robile_interfaces__rosidl_typesupport_fastrtps_c.dir/rosidl_typesupport_fastrtps_c/robile_interfaces/msg/detail/position_labelled__type_support_c.cpp.o[0m
[7.440s] running egg_info
[7.442s] writing robile_interfaces.egg-info/PKG-INFO
[7.448s] writing dependency_links to robile_interfaces.egg-info/dependency_links.txt
[7.449s] writing top-level names to robile_interfaces.egg-info/top_level.txt
[7.472s] reading manifest file 'robile_interfaces.egg-info/SOURCES.txt'
[7.478s] writing manifest file 'robile_interfaces.egg-info/SOURCES.txt'
[7.759s] [ 32%] Built target ament_cmake_python_build_robile_interfaces_egg
[7.848s] [35m[1mConsolidate compiler generated dependencies of target robile_interfaces__rosidl_typesupport_introspection_c[0m
[7.998s] [ 35%] [32mBuilding C object CMakeFiles/robile_interfaces__rosidl_typesupport_introspection_c.dir/rosidl_typesupport_introspection_c/robile_interfaces/msg/detail/position_labelled__type_support.c.o[0m
[8.033s] [ 37%] [32mBuilding C object CMakeFiles/robile_interfaces__rosidl_typesupport_introspection_c.dir/rosidl_typesupport_introspection_c/robile_interfaces/msg/detail/position_labelled_array__type_support.c.o[0m
[8.320s] [ 40%] [32m[1mLinking CXX shared library librobile_interfaces__rosidl_typesupport_cpp.so[0m
[8.481s] [ 42%] [32m[1mLinking C shared library librobile_interfaces__rosidl_typesupport_introspection_c.so[0m
[8.507s] [ 45%] [32mBuilding CXX object CMakeFiles/robile_interfaces__rosidl_typesupport_fastrtps_c.dir/rosidl_typesupport_fastrtps_c/robile_interfaces/msg/detail/position_labelled_array__type_support_c.cpp.o[0m
[8.766s] [ 47%] Built target robile_interfaces__rosidl_typesupport_cpp
[8.805s] [35m[1mConsolidate compiler generated dependencies of target robile_interfaces__rosidl_typesupport_c[0m
[8.871s] [ 50%] Built target robile_interfaces__rosidl_typesupport_introspection_c
[8.909s] [ 52%] [32mBuilding CXX object CMakeFiles/robile_interfaces__rosidl_typesupport_c.dir/rosidl_typesupport_c/robile_interfaces/msg/position_labelled__type_support.cpp.o[0m
[8.950s] [ 55%] [32mBuilding CXX object CMakeFiles/robile_interfaces__rosidl_typesupport_c.dir/rosidl_typesupport_c/robile_interfaces/msg/position_labelled_array__type_support.cpp.o[0m
[9.113s] [ 57%] [32m[1mLinking CXX shared library librobile_interfaces__rosidl_typesupport_introspection_cpp.so[0m
[9.215s] [ 60%] [32m[1mLinking CXX shared library librobile_interfaces__rosidl_typesupport_c.so[0m
[9.272s] [ 62%] [32m[1mLinking CXX shared library librobile_interfaces__rosidl_typesupport_fastrtps_cpp.so[0m
[9.742s] [ 65%] Built target robile_interfaces__rosidl_typesupport_c
[9.787s] [ 67%] Built target robile_interfaces__rosidl_typesupport_introspection_cpp
[9.845s] [ 70%] Built target robile_interfaces__rosidl_typesupport_fastrtps_cpp
[10.409s] [ 72%] [32m[1mLinking CXX shared library librobile_interfaces__rosidl_typesupport_fastrtps_c.so[0m
[10.780s] [ 75%] Built target robile_interfaces__rosidl_typesupport_fastrtps_c
[10.852s] [ 75%] Built target robile_interfaces
[10.920s] [ 77%] Built target robile_interfaces__py
[11.001s] [35m[1mConsolidate compiler generated dependencies of target robile_interfaces__rosidl_generator_py[0m
[11.092s] [ 80%] [32mBuilding C object CMakeFiles/robile_interfaces__rosidl_generator_py.dir/rosidl_generator_py/robile_interfaces/msg/_position_labelled_s.c.o[0m
[11.122s] [ 82%] [32mBuilding C object CMakeFiles/robile_interfaces__rosidl_generator_py.dir/rosidl_generator_py/robile_interfaces/msg/_position_labelled_array_s.c.o[0m
[12.140s] [ 85%] [32m[1mLinking C shared library rosidl_generator_py/robile_interfaces/librobile_interfaces__rosidl_generator_py.so[0m
[12.582s] [ 85%] Built target robile_interfaces__rosidl_generator_py
[12.644s] [35m[1mConsolidate compiler generated dependencies of target robile_interfaces__rosidl_typesupport_c__pyext[0m
[12.665s] [35m[1mConsolidate compiler generated dependencies of target robile_interfaces__rosidl_typesupport_fastrtps_c__pyext[0m
[12.673s] [35m[1mConsolidate compiler generated dependencies of target robile_interfaces__rosidl_typesupport_introspection_c__pyext[0m
[12.699s] [ 87%] [32mBuilding C object CMakeFiles/robile_interfaces__rosidl_typesupport_c__pyext.dir/rosidl_generator_py/robile_interfaces/_robile_interfaces_s.ep.rosidl_typesupport_c.c.o[0m
[12.784s] [ 90%] [32mBuilding C object CMakeFiles/robile_interfaces__rosidl_typesupport_introspection_c__pyext.dir/rosidl_generator_py/robile_interfaces/_robile_interfaces_s.ep.rosidl_typesupport_introspection_c.c.o[0m
[12.792s] [ 92%] [32mBuilding C object CMakeFiles/robile_interfaces__rosidl_typesupport_fastrtps_c__pyext.dir/rosidl_generator_py/robile_interfaces/_robile_interfaces_s.ep.rosidl_typesupport_fastrtps_c.c.o[0m
[13.323s] [ 95%] [32m[1mLinking C shared library rosidl_generator_py/robile_interfaces/robile_interfaces_s__rosidl_typesupport_c.cpython-310-x86_64-linux-gnu.so[0m
[13.391s] [ 97%] [32m[1mLinking C shared library rosidl_generator_py/robile_interfaces/robile_interfaces_s__rosidl_typesupport_introspection_c.cpython-310-x86_64-linux-gnu.so[0m
[13.675s] [ 97%] Built target robile_interfaces__rosidl_typesupport_introspection_c__pyext
[13.783s] [ 97%] Built target robile_interfaces__rosidl_typesupport_c__pyext
[13.985s] [100%] [32m[1mLinking C shared library rosidl_generator_py/robile_interfaces/robile_interfaces_s__rosidl_typesupport_fastrtps_c.cpython-310-x86_64-linux-gnu.so[0m
[14.257s] [100%] Built target robile_interfaces__rosidl_typesupport_fastrtps_c__pyext
[14.672s] Invoked command in '/home/ashraful/HBRS/AMR/AMR_PROJECT/amr-team-bot/build/robile_interfaces' returned '0': CMAKE_PREFIX_PATH=/opt/ros/humble /usr/bin/cmake --build /home/ashraful/HBRS/AMR/AMR_PROJECT/amr-team-bot/build/robile_interfaces -- -j8 -l8
[14.685s] Invoking command in '/home/ashraful/HBRS/AMR/AMR_PROJECT/amr-team-bot/build/robile_interfaces': CMAKE_PREFIX_PATH=/opt/ros/humble /usr/bin/cmake --install /home/ashraful/HBRS/AMR/AMR_PROJECT/amr-team-bot/build/robile_interfaces
[14.751s] -- Install configuration: ""
[14.769s] -- Execute custom install script
[14.782s] -- Up-to-date symlink: /home/ashraful/HBRS/AMR/AMR_PROJECT/amr-team-bot/install/robile_interfaces/share/ament_index/resource_index/rosidl_interfaces/robile_interfaces
[14.783s] -- Up-to-date symlink: /home/ashraful/HBRS/AMR/AMR_PROJECT/amr-team-bot/install/robile_interfaces/include/robile_interfaces/robile_interfaces/msg/detail/position_labelled__functions.h
[14.783s] -- Up-to-date symlink: /home/ashraful/HBRS/AMR/AMR_PROJECT/amr-team-bot/install/robile_interfaces/include/robile_interfaces/robile_interfaces/msg/detail/position_labelled__struct.h
[14.783s] -- Up-to-date symlink: /home/ashraful/HBRS/AMR/AMR_PROJECT/amr-team-bot/install/robile_interfaces/include/robile_interfaces/robile_interfaces/msg/detail/position_labelled__type_support.h
[14.783s] -- Up-to-date symlink: /home/ashraful/HBRS/AMR/AMR_PROJECT/amr-team-bot/install/robile_interfaces/include/robile_interfaces/robile_interfaces/msg/detail/position_labelled_array__functions.h
[14.784s] -- Up-to-date symlink: /home/ashraful/HBRS/AMR/AMR_PROJECT/amr-team-bot/install/robile_interfaces/include/robile_interfaces/robile_interfaces/msg/detail/position_labelled_array__struct.h
[14.796s] -- Up-to-date symlink: /home/ashraful/HBRS/AMR/AMR_PROJECT/amr-team-bot/install/robile_interfaces/include/robile_interfaces/robile_interfaces/msg/detail/position_labelled_array__type_support.h
[14.801s] -- Up-to-date symlink: /home/ashraful/HBRS/AMR/AMR_PROJECT/amr-team-bot/install/robile_interfaces/include/robile_interfaces/robile_interfaces/msg/position_labelled.h
[14.801s] -- Up-to-date symlink: /home/ashraful/HBRS/AMR/AMR_PROJECT/amr-team-bot/install/robile_interfaces/include/robile_interfaces/robile_interfaces/msg/position_labelled_array.h
[14.802s] -- Up-to-date symlink: /home/ashraful/HBRS/AMR/AMR_PROJECT/amr-team-bot/install/robile_interfaces/include/robile_interfaces/robile_interfaces/msg/rosidl_generator_c__visibility_control.h
[14.802s] -- Up-to-date symlink: /home/ashraful/HBRS/AMR/AMR_PROJECT/amr-team-bot/install/robile_interfaces/share/robile_interfaces/environment/library_path.sh
[14.803s] -- Up-to-date symlink: /home/ashraful/HBRS/AMR/AMR_PROJECT/amr-team-bot/install/robile_interfaces/share/robile_interfaces/environment/library_path.dsv
[14.804s] -- Up-to-date symlink: /home/ashraful/HBRS/AMR/AMR_PROJECT/amr-team-bot/install/robile_interfaces/include/robile_interfaces/robile_interfaces/msg/detail/position_labelled__rosidl_typesupport_fastrtps_c.h
[14.805s] -- Up-to-date symlink: /home/ashraful/HBRS/AMR/AMR_PROJECT/amr-team-bot/install/robile_interfaces/include/robile_interfaces/robile_interfaces/msg/detail/position_labelled_array__rosidl_typesupport_fastrtps_c.h
[14.806s] -- Up-to-date symlink: /home/ashraful/HBRS/AMR/AMR_PROJECT/amr-team-bot/install/robile_interfaces/include/robile_interfaces/robile_interfaces/msg/rosidl_typesupport_fastrtps_c__visibility_control.h
[14.806s] -- Up-to-date symlink: /home/ashraful/HBRS/AMR/AMR_PROJECT/amr-team-bot/install/robile_interfaces/include/robile_interfaces/robile_interfaces/msg/detail/position_labelled__builder.hpp
[14.807s] -- Up-to-date symlink: /home/ashraful/HBRS/AMR/AMR_PROJECT/amr-team-bot/install/robile_interfaces/include/robile_interfaces/robile_interfaces/msg/detail/position_labelled__struct.hpp
[14.814s] -- Up-to-date symlink: /home/ashraful/HBRS/AMR/AMR_PROJECT/amr-team-bot/install/robile_interfaces/include/robile_interfaces/robile_interfaces/msg/detail/position_labelled__traits.hpp
[14.814s] -- Up-to-date symlink: /home/ashraful/HBRS/AMR/AMR_PROJECT/amr-team-bot/install/robile_interfaces/include/robile_interfaces/robile_interfaces/msg/detail/position_labelled__type_support.hpp
[14.814s] -- Up-to-date symlink: /home/ashraful/HBRS/AMR/AMR_PROJECT/amr-team-bot/install/robile_interfaces/include/robile_interfaces/robile_interfaces/msg/detail/position_labelled_array__builder.hpp
[14.814s] -- Up-to-date symlink: /home/ashraful/HBRS/AMR/AMR_PROJECT/amr-team-bot/install/robile_interfaces/include/robile_interfaces/robile_interfaces/msg/detail/position_labelled_array__struct.hpp
[14.815s] -- Up-to-date symlink: /home/ashraful/HBRS/AMR/AMR_PROJECT/amr-team-bot/install/robile_interfaces/include/robile_interfaces/robile_interfaces/msg/detail/position_labelled_array__traits.hpp
[14.815s] -- Up-to-date symlink: /home/ashraful/HBRS/AMR/AMR_PROJECT/amr-team-bot/install/robile_interfaces/include/robile_interfaces/robile_interfaces/msg/detail/position_labelled_array__type_support.hpp
[14.815s] -- Up-to-date symlink: /home/ashraful/HBRS/AMR/AMR_PROJECT/amr-team-bot/install/robile_interfaces/include/robile_interfaces/robile_interfaces/msg/position_labelled.hpp
[14.815s] -- Up-to-date symlink: /home/ashraful/HBRS/AMR/AMR_PROJECT/amr-team-bot/install/robile_interfaces/include/robile_interfaces/robile_interfaces/msg/position_labelled_array.hpp
[14.815s] -- Up-to-date symlink: /home/ashraful/HBRS/AMR/AMR_PROJECT/amr-team-bot/install/robile_interfaces/include/robile_interfaces/robile_interfaces/msg/rosidl_generator_cpp__visibility_control.hpp
[14.816s] -- Up-to-date symlink: /home/ashraful/HBRS/AMR/AMR_PROJECT/amr-team-bot/install/robile_interfaces/include/robile_interfaces/robile_interfaces/msg/detail/position_labelled__rosidl_typesupport_fastrtps_cpp.hpp
[14.828s] -- Up-to-date symlink: /home/ashraful/HBRS/AMR/AMR_PROJECT/amr-team-bot/install/robile_interfaces/include/robile_interfaces/robile_interfaces/msg/detail/position_labelled_array__rosidl_typesupport_fastrtps_cpp.hpp
[14.829s] -- Up-to-date symlink: /home/ashraful/HBRS/AMR/AMR_PROJECT/amr-team-bot/install/robile_interfaces/include/robile_interfaces/robile_interfaces/msg/rosidl_typesupport_fastrtps_cpp__visibility_control.h
[14.829s] -- Up-to-date symlink: /home/ashraful/HBRS/AMR/AMR_PROJECT/amr-team-bot/install/robile_interfaces/include/robile_interfaces/robile_interfaces/msg/detail/position_labelled__rosidl_typesupport_introspection_c.h
[14.830s] -- Up-to-date symlink: /home/ashraful/HBRS/AMR/AMR_PROJECT/amr-team-bot/install/robile_interfaces/include/robile_interfaces/robile_interfaces/msg/detail/position_labelled_array__rosidl_typesupport_introspection_c.h
[14.830s] -- Up-to-date symlink: /home/ashraful/HBRS/AMR/AMR_PROJECT/amr-team-bot/install/robile_interfaces/include/robile_interfaces/robile_interfaces/msg/rosidl_typesupport_introspection_c__visibility_control.h
[14.830s] -- Up-to-date symlink: /home/ashraful/HBRS/AMR/AMR_PROJECT/amr-team-bot/install/robile_interfaces/include/robile_interfaces/robile_interfaces/msg/detail/position_labelled__rosidl_typesupport_introspection_cpp.hpp
[14.830s] -- Up-to-date symlink: /home/ashraful/HBRS/AMR/AMR_PROJECT/amr-team-bot/install/robile_interfaces/include/robile_interfaces/robile_interfaces/msg/detail/position_labelled_array__rosidl_typesupport_introspection_cpp.hpp
[14.830s] -- Up-to-date symlink: /home/ashraful/HBRS/AMR/AMR_PROJECT/amr-team-bot/install/robile_interfaces/share/robile_interfaces/environment/pythonpath.sh
[14.831s] -- Up-to-date symlink: /home/ashraful/HBRS/AMR/AMR_PROJECT/amr-team-bot/install/robile_interfaces/share/robile_interfaces/environment/pythonpath.dsv
[14.831s] -- Up-to-date symlink: /home/ashraful/HBRS/AMR/AMR_PROJECT/amr-team-bot/install/robile_interfaces/local/lib/python3.10/dist-packages/robile_interfaces-0.0.0-py3.10.egg-info/PKG-INFO
[14.831s] -- Up-to-date symlink: /home/ashraful/HBRS/AMR/AMR_PROJECT/amr-team-bot/install/robile_interfaces/local/lib/python3.10/dist-packages/robile_interfaces-0.0.0-py3.10.egg-info/SOURCES.txt
[14.831s] -- Up-to-date symlink: /home/ashraful/HBRS/AMR/AMR_PROJECT/amr-team-bot/install/robile_interfaces/local/lib/python3.10/dist-packages/robile_interfaces-0.0.0-py3.10.egg-info/dependency_links.txt
[14.831s] -- Up-to-date symlink: /home/ashraful/HBRS/AMR/AMR_PROJECT/amr-team-bot/install/robile_interfaces/local/lib/python3.10/dist-packages/robile_interfaces-0.0.0-py3.10.egg-info/top_level.txt
[14.831s] -- Up-to-date symlink: /home/ashraful/HBRS/AMR/AMR_PROJECT/amr-team-bot/install/robile_interfaces/local/lib/python3.10/dist-packages/robile_interfaces/__init__.py
[14.832s] -- Up-to-date symlink: /home/ashraful/HBRS/AMR/AMR_PROJECT/amr-team-bot/install/robile_interfaces/local/lib/python3.10/dist-packages/robile_interfaces/_robile_interfaces_s.ep.rosidl_typesupport_c.c
[14.832s] -- Up-to-date symlink: /home/ashraful/HBRS/AMR/AMR_PROJECT/amr-team-bot/install/robile_interfaces/local/lib/python3.10/dist-packages/robile_interfaces/_robile_interfaces_s.ep.rosidl_typesupport_fastrtps_c.c
[14.843s] -- Up-to-date symlink: /home/ashraful/HBRS/AMR/AMR_PROJECT/amr-team-bot/install/robile_interfaces/local/lib/python3.10/dist-packages/robile_interfaces/_robile_interfaces_s.ep.rosidl_typesupport_introspection_c.c
[14.843s] -- Up-to-date symlink: /home/ashraful/HBRS/AMR/AMR_PROJECT/amr-team-bot/install/robile_interfaces/local/lib/python3.10/dist-packages/robile_interfaces/librobile_interfaces__rosidl_generator_py.so
[14.848s] -- Up-to-date symlink: /home/ashraful/HBRS/AMR/AMR_PROJECT/amr-team-bot/install/robile_interfaces/local/lib/python3.10/dist-packages/robile_interfaces/msg/__init__.py
[14.849s] -- Up-to-date symlink: /home/ashraful/HBRS/AMR/AMR_PROJECT/amr-team-bot/install/robile_interfaces/local/lib/python3.10/dist-packages/robile_interfaces/msg/_position_labelled.py
[14.850s] -- Up-to-date symlink: /home/ashraful/HBRS/AMR/AMR_PROJECT/amr-team-bot/install/robile_interfaces/local/lib/python3.10/dist-packages/robile_interfaces/msg/_position_labelled_array.py
[14.851s] -- Up-to-date symlink: /home/ashraful/HBRS/AMR/AMR_PROJECT/amr-team-bot/install/robile_interfaces/local/lib/python3.10/dist-packages/robile_interfaces/msg/_position_labelled_array_s.c
[14.851s] -- Up-to-date symlink: /home/ashraful/HBRS/AMR/AMR_PROJECT/amr-team-bot/install/robile_interfaces/local/lib/python3.10/dist-packages/robile_interfaces/msg/_position_labelled_s.c
[14.852s] -- Up-to-date symlink: /home/ashraful/HBRS/AMR/AMR_PROJECT/amr-team-bot/install/robile_interfaces/local/lib/python3.10/dist-packages/robile_interfaces/robile_interfaces_s__rosidl_typesupport_c.cpython-310-x86_64-linux-gnu.so
[14.852s] -- Up-to-date symlink: /home/ashraful/HBRS/AMR/AMR_PROJECT/amr-team-bot/install/robile_interfaces/local/lib/python3.10/dist-packages/robile_interfaces/robile_interfaces_s__rosidl_typesupport_fastrtps_c.cpython-310-x86_64-linux-gnu.so
[14.852s] -- Up-to-date symlink: /home/ashraful/HBRS/AMR/AMR_PROJECT/amr-team-bot/install/robile_interfaces/local/lib/python3.10/dist-packages/robile_interfaces/robile_interfaces_s__rosidl_typesupport_introspection_c.cpython-310-x86_64-linux-gnu.so
[14.852s] -- Up-to-date symlink: /home/ashraful/HBRS/AMR/AMR_PROJECT/amr-team-bot/install/robile_interfaces/local/lib/python3.10/dist-packages/robile_interfaces/robile_interfaces_s__rosidl_typesupport_fastrtps_c.cpython-310-x86_64-linux-gnu.so
[14.853s] -- Up-to-date symlink: /home/ashraful/HBRS/AMR/AMR_PROJECT/amr-team-bot/install/robile_interfaces/local/lib/python3.10/dist-packages/robile_interfaces/robile_interfaces_s__rosidl_typesupport_introspection_c.cpython-310-x86_64-linux-gnu.so
[14.853s] -- Up-to-date symlink: /home/ashraful/HBRS/AMR/AMR_PROJECT/amr-team-bot/install/robile_interfaces/local/lib/python3.10/dist-packages/robile_interfaces/robile_interfaces_s__rosidl_typesupport_c.cpython-310-x86_64-linux-gnu.so
[14.853s] -- Up-to-date symlink: /home/ashraful/HBRS/AMR/AMR_PROJECT/amr-team-bot/install/robile_interfaces/share/ament_index/resource_index/rust_packages/robile_interfaces
[14.853s] -- Up-to-date symlink: /home/ashraful/HBRS/AMR/AMR_PROJECT/amr-team-bot/install/robile_interfaces/share/robile_interfaces/rust/Cargo.toml
[14.853s] -- Up-to-date symlink: /home/ashraful/HBRS/AMR/AMR_PROJECT/amr-team-bot/install/robile_interfaces/share/robile_interfaces/rust/build.rs
[14.853s] -- Up-to-date symlink: /home/ashraful/HBRS/AMR/AMR_PROJECT/amr-team-bot/install/robile_interfaces/share/robile_interfaces/rust/src/lib.rs
[14.854s] -- Up-to-date symlink: /home/ashraful/HBRS/AMR/AMR_PROJECT/amr-team-bot/install/robile_interfaces/share/robile_interfaces/rust/src/msg.rs
[14.854s] -- Up-to-date symlink: /home/ashraful/HBRS/AMR/AMR_PROJECT/amr-team-bot/install/robile_interfaces/share/robile_interfaces/rust/src/msg/rmw.rs
[14.858s] -- Up-to-date symlink: /home/ashraful/HBRS/AMR/AMR_PROJECT/amr-team-bot/install/robile_interfaces/share/robile_interfaces/msg/PositionLabelled.idl
[14.859s] -- Up-to-date symlink: /home/ashraful/HBRS/AMR/AMR_PROJECT/amr-team-bot/install/robile_interfaces/share/robile_interfaces/msg/PositionLabelledArray.idl
[14.859s] -- Up-to-date symlink: /home/ashraful/HBRS/AMR/AMR_PROJECT/amr-team-bot/install/robile_interfaces/share/robile_interfaces/msg/PositionLabelled.msg
[14.859s] -- Up-to-date symlink: /home/ashraful/HBRS/AMR/AMR_PROJECT/amr-team-bot/install/robile_interfaces/share/robile_interfaces/msg/PositionLabelledArray.msg
[14.859s] -- Up-to-date symlink: /home/ashraful/HBRS/AMR/AMR_PROJECT/amr-team-bot/install/robile_interfaces/share/ament_index/resource_index/package_run_dependencies/robile_interfaces
[14.859s] -- Up-to-date symlink: /home/ashraful/HBRS/AMR/AMR_PROJECT/amr-team-bot/install/robile_interfaces/share/ament_index/resource_index/parent_prefix_path/robile_interfaces
[14.861s] -- Up-to-date symlink: /home/ashraful/HBRS/AMR/AMR_PROJECT/amr-team-bot/install/robile_interfaces/share/robile_interfaces/environment/ament_prefix_path.sh
[14.863s] -- Up-to-date symlink: /home/ashraful/HBRS/AMR/AMR_PROJECT/amr-team-bot/install/robile_interfaces/share/robile_interfaces/environment/ament_prefix_path.dsv
[14.864s] -- Up-to-date symlink: /home/ashraful/HBRS/AMR/AMR_PROJECT/amr-team-bot/install/robile_interfaces/share/robile_interfaces/environment/path.sh
[14.864s] -- Up-to-date symlink: /home/ashraful/HBRS/AMR/AMR_PROJECT/amr-team-bot/install/robile_interfaces/share/robile_interfaces/environment/path.dsv
[14.864s] -- Up-to-date symlink: /home/ashraful/HBRS/AMR/AMR_PROJECT/amr-team-bot/install/robile_interfaces/share/robile_interfaces/local_setup.bash
[14.865s] -- Up-to-date symlink: /home/ashraful/HBRS/AMR/AMR_PROJECT/amr-team-bot/install/robile_interfaces/share/robile_interfaces/local_setup.sh
[14.866s] -- Up-to-date symlink: /home/ashraful/HBRS/AMR/AMR_PROJECT/amr-team-bot/install/robile_interfaces/share/robile_interfaces/local_setup.zsh
[14.866s] -- Up-to-date symlink: /home/ashraful/HBRS/AMR/AMR_PROJECT/amr-team-bot/install/robile_interfaces/share/robile_interfaces/local_setup.dsv
[14.866s] -- Symlinking: /home/ashraful/HBRS/AMR/AMR_PROJECT/amr-team-bot/install/robile_interfaces/share/robile_interfaces/package.dsv
[14.867s] -- Up-to-date symlink: /home/ashraful/HBRS/AMR/AMR_PROJECT/amr-team-bot/install/robile_interfaces/share/ament_index/resource_index/packages/robile_interfaces
[14.867s] -- Up-to-date symlink: /home/ashraful/HBRS/AMR/AMR_PROJECT/amr-team-bot/install/robile_interfaces/share/robile_interfaces/cmake/rosidl_cmake-extras.cmake
[14.868s] -- Up-to-date symlink: /home/ashraful/HBRS/AMR/AMR_PROJECT/amr-team-bot/install/robile_interfaces/share/robile_interfaces/cmake/ament_cmake_export_dependencies-extras.cmake
[14.869s] -- Up-to-date symlink: /home/ashraful/HBRS/AMR/AMR_PROJECT/amr-team-bot/install/robile_interfaces/share/robile_interfaces/cmake/ament_cmake_export_include_directories-extras.cmake
[14.869s] -- Up-to-date symlink: /home/ashraful/HBRS/AMR/AMR_PROJECT/amr-team-bot/install/robile_interfaces/share/robile_interfaces/cmake/ament_cmake_export_libraries-extras.cmake
[14.869s] -- Up-to-date symlink: /home/ashraful/HBRS/AMR/AMR_PROJECT/amr-team-bot/install/robile_interfaces/share/robile_interfaces/cmake/ament_cmake_export_targets-extras.cmake
[14.870s] -- Up-to-date symlink: /home/ashraful/HBRS/AMR/AMR_PROJECT/amr-team-bot/install/robile_interfaces/share/robile_interfaces/cmake/rosidl_cmake_export_typesupport_targets-extras.cmake
[14.870s] -- Up-to-date symlink: /home/ashraful/HBRS/AMR/AMR_PROJECT/amr-team-bot/install/robile_interfaces/share/robile_interfaces/cmake/rosidl_cmake_export_typesupport_libraries-extras.cmake
[14.871s] -- Symlinking: /home/ashraful/HBRS/AMR/AMR_PROJECT/amr-team-bot/install/robile_interfaces/share/robile_interfaces/cmake/rosidl_cmake_aggregate_target-extras.cmake
[14.873s] -- Up-to-date symlink: /home/ashraful/HBRS/AMR/AMR_PROJECT/amr-team-bot/install/robile_interfaces/share/robile_interfaces/cmake/robile_interfacesConfig.cmake
[14.874s] -- Up-to-date symlink: /home/ashraful/HBRS/AMR/AMR_PROJECT/amr-team-bot/install/robile_interfaces/share/robile_interfaces/cmake/robile_interfacesConfig-version.cmake
[14.875s] -- Up-to-date symlink: /home/ashraful/HBRS/AMR/AMR_PROJECT/amr-team-bot/install/robile_interfaces/share/robile_interfaces/package.xml
[14.888s] -- Installing: /home/ashraful/HBRS/AMR/AMR_PROJECT/amr-team-bot/install/robile_interfaces/lib/librobile_interfaces__rosidl_generator_c.so
[14.889s] -- Set runtime path of "/home/ashraful/HBRS/AMR/AMR_PROJECT/amr-team-bot/install/robile_interfaces/lib/librobile_interfaces__rosidl_generator_c.so" to ""
[14.891s] -- Installing: /home/ashraful/HBRS/AMR/AMR_PROJECT/amr-team-bot/install/robile_interfaces/lib/librobile_interfaces__rosidl_typesupport_fastrtps_c.so
[14.894s] -- Set runtime path of "/home/ashraful/HBRS/AMR/AMR_PROJECT/amr-team-bot/install/robile_interfaces/lib/librobile_interfaces__rosidl_typesupport_fastrtps_c.so" to ""
[14.905s] -- Installing: /home/ashraful/HBRS/AMR/AMR_PROJECT/amr-team-bot/install/robile_interfaces/lib/librobile_interfaces__rosidl_typesupport_fastrtps_cpp.so
[14.907s] -- Set runtime path of "/home/ashraful/HBRS/AMR/AMR_PROJECT/amr-team-bot/install/robile_interfaces/lib/librobile_interfaces__rosidl_typesupport_fastrtps_cpp.so" to ""
[14.913s] -- Installing: /home/ashraful/HBRS/AMR/AMR_PROJECT/amr-team-bot/install/robile_interfaces/lib/librobile_interfaces__rosidl_typesupport_introspection_c.so
[14.914s] -- Set runtime path of "/home/ashraful/HBRS/AMR/AMR_PROJECT/amr-team-bot/install/robile_interfaces/lib/librobile_interfaces__rosidl_typesupport_introspection_c.so" to ""
[14.917s] -- Installing: /home/ashraful/HBRS/AMR/AMR_PROJECT/amr-team-bot/install/robile_interfaces/lib/librobile_interfaces__rosidl_typesupport_c.so
[14.921s] -- Set runtime path of "/home/ashraful/HBRS/AMR/AMR_PROJECT/amr-team-bot/install/robile_interfaces/lib/librobile_interfaces__rosidl_typesupport_c.so" to ""
[14.924s] -- Installing: /home/ashraful/HBRS/AMR/AMR_PROJECT/amr-team-bot/install/robile_interfaces/lib/librobile_interfaces__rosidl_typesupport_introspection_cpp.so
[14.933s] -- Set runtime path of "/home/ashraful/HBRS/AMR/AMR_PROJECT/amr-team-bot/install/robile_interfaces/lib/librobile_interfaces__rosidl_typesupport_introspection_cpp.so" to ""
[14.933s] -- Installing: /home/ashraful/HBRS/AMR/AMR_PROJECT/amr-team-bot/install/robile_interfaces/lib/librobile_interfaces__rosidl_typesupport_cpp.so
[14.934s] -- Set runtime path of "/home/ashraful/HBRS/AMR/AMR_PROJECT/amr-team-bot/install/robile_interfaces/lib/librobile_interfaces__rosidl_typesupport_cpp.so" to ""
[15.065s] Listing '/home/ashraful/HBRS/AMR/AMR_PROJECT/amr-team-bot/install/robile_interfaces/local/lib/python3.10/dist-packages/robile_interfaces'...
[15.066s] Compiling '/home/ashraful/HBRS/AMR/AMR_PROJECT/amr-team-bot/install/robile_interfaces/local/lib/python3.10/dist-packages/robile_interfaces/__init__.py'...
[15.067s] Listing '/home/ashraful/HBRS/AMR/AMR_PROJECT/amr-team-bot/install/robile_interfaces/local/lib/python3.10/dist-packages/robile_interfaces/msg'...
[15.089s] -- Installing: /home/ashraful/HBRS/AMR/AMR_PROJECT/amr-team-bot/install/robile_interfaces/lib/librobile_interfaces__rosidl_generator_py.so
[15.091s] -- Set runtime path of "/home/ashraful/HBRS/AMR/AMR_PROJECT/amr-team-bot/install/robile_interfaces/lib/librobile_interfaces__rosidl_generator_py.so" to ""
[15.092s] -- Up-to-date: /home/ashraful/HBRS/AMR/AMR_PROJECT/amr-team-bot/install/robile_interfaces/share/robile_interfaces/cmake/export_robile_interfaces__rosidl_generator_cExport.cmake
[15.093s] -- Up-to-date: /home/ashraful/HBRS/AMR/AMR_PROJECT/amr-team-bot/install/robile_interfaces/share/robile_interfaces/cmake/export_robile_interfaces__rosidl_generator_cExport-noconfig.cmake
[15.098s] -- Up-to-date: /home/ashraful/HBRS/AMR/AMR_PROJECT/amr-team-bot/install/robile_interfaces/share/robile_interfaces/cmake/export_robile_interfaces__rosidl_typesupport_fastrtps_cExport.cmake
[15.100s] -- Up-to-date: /home/ashraful/HBRS/AMR/AMR_PROJECT/amr-team-bot/install/robile_interfaces/share/robile_interfaces/cmake/export_robile_interfaces__rosidl_typesupport_fastrtps_cExport-noconfig.cmake
[15.100s] -- Up-to-date: /home/ashraful/HBRS/AMR/AMR_PROJECT/amr-team-bot/install/robile_interfaces/share/robile_interfaces/cmake/export_robile_interfaces__rosidl_generator_cppExport.cmake
[15.103s] -- Up-to-date: /home/ashraful/HBRS/AMR/AMR_PROJECT/amr-team-bot/install/robile_interfaces/share/robile_interfaces/cmake/export_robile_interfaces__rosidl_typesupport_fastrtps_cppExport.cmake
[15.114s] -- Up-to-date: /home/ashraful/HBRS/AMR/AMR_PROJECT/amr-team-bot/install/robile_interfaces/share/robile_interfaces/cmake/export_robile_interfaces__rosidl_typesupport_fastrtps_cppExport-noconfig.cmake
[15.114s] -- Up-to-date: /home/ashraful/HBRS/AMR/AMR_PROJECT/amr-team-bot/install/robile_interfaces/share/robile_interfaces/cmake/robile_interfaces__rosidl_typesupport_introspection_cExport.cmake
[15.114s] -- Up-to-date: /home/ashraful/HBRS/AMR/AMR_PROJECT/amr-team-bot/install/robile_interfaces/share/robile_interfaces/cmake/robile_interfaces__rosidl_typesupport_introspection_cExport-noconfig.cmake
[15.114s] -- Up-to-date: /home/ashraful/HBRS/AMR/AMR_PROJECT/amr-team-bot/install/robile_interfaces/share/robile_interfaces/cmake/robile_interfaces__rosidl_typesupport_cExport.cmake
[15.115s] -- Up-to-date: /home/ashraful/HBRS/AMR/AMR_PROJECT/amr-team-bot/install/robile_interfaces/share/robile_interfaces/cmake/robile_interfaces__rosidl_typesupport_cExport-noconfig.cmake
[15.115s] -- Up-to-date: /home/ashraful/HBRS/AMR/AMR_PROJECT/amr-team-bot/install/robile_interfaces/share/robile_interfaces/cmake/robile_interfaces__rosidl_typesupport_introspection_cppExport.cmake
[15.115s] -- Up-to-date: /home/ashraful/HBRS/AMR/AMR_PROJECT/amr-team-bot/install/robile_interfaces/share/robile_interfaces/cmake/robile_interfaces__rosidl_typesupport_introspection_cppExport-noconfig.cmake
[15.124s] -- Up-to-date: /home/ashraful/HBRS/AMR/AMR_PROJECT/amr-team-bot/install/robile_interfaces/share/robile_interfaces/cmake/robile_interfaces__rosidl_typesupport_cppExport.cmake
[15.124s] -- Up-to-date: /home/ashraful/HBRS/AMR/AMR_PROJECT/amr-team-bot/install/robile_interfaces/share/robile_interfaces/cmake/robile_interfaces__rosidl_typesupport_cppExport-noconfig.cmake
[15.125s] -- Up-to-date: /home/ashraful/HBRS/AMR/AMR_PROJECT/amr-team-bot/install/robile_interfaces/share/robile_interfaces/cmake/export_robile_interfaces__rosidl_generator_pyExport.cmake
[15.125s] -- Up-to-date: /home/ashraful/HBRS/AMR/AMR_PROJECT/amr-team-bot/install/robile_interfaces/share/robile_interfaces/cmake/export_robile_interfaces__rosidl_generator_pyExport-noconfig.cmake
[15.925s] Invoked command in '/home/ashraful/HBRS/AMR/AMR_PROJECT/amr-team-bot/build/robile_interfaces' returned '0': CMAKE_PREFIX_PATH=/opt/ros/humble /usr/bin/cmake --install /home/ashraful/HBRS/AMR/AMR_PROJECT/amr-team-bot/build/robile_interfaces
