[2.604s] Invoking command in '/home/ashraful/HBRS/AMR/AMR_PROJECT/amr-team-bot/build/particle_localization': PYTHONPATH=/home/ashraful/HBRS/AMR/AMR_PROJECT/amr-team-bot/build/particle_localization/prefix_override:/usr/lib/python3/dist-packages/colcon_core/task/python/colcon_distutils_commands:/home/ashraful/HBRS/AMR/AMR_PROJECT/amr-team-bot/install/particle_localization/lib/python3.10/site-packages:${PYTHONPATH} /usr/bin/python3 -W ignore:setup.py install is deprecated -W ignore:easy_install command is deprecated setup.py develop --editable --build-directory /home/ashraful/HBRS/AMR/AMR_PROJECT/amr-team-bot/build/particle_localization/build --no-deps symlink_data
[3.452s] running develop
[4.068s] running egg_info
[4.068s] creating particle_localization.egg-info
[4.071s] writing particle_localization.egg-info/PKG-INFO
[4.072s] writing dependency_links to particle_localization.egg-info/dependency_links.txt
[4.072s] writing entry points to particle_localization.egg-info/entry_points.txt
[4.072s] writing requirements to particle_localization.egg-info/requires.txt
[4.072s] writing top-level names to particle_localization.egg-info/top_level.txt
[4.073s] writing manifest file 'particle_localization.egg-info/SOURCES.txt'
[4.075s] reading manifest file 'particle_localization.egg-info/SOURCES.txt'
[4.077s] writing manifest file 'particle_localization.egg-info/SOURCES.txt'
[4.081s] running build_ext
[4.082s] Creating /home/ashraful/HBRS/AMR/AMR_PROJECT/amr-team-bot/install/particle_localization/lib/python3.10/site-packages/particle-localization.egg-link (link to .)
[4.084s] Installing particle_filter script to /home/ashraful/HBRS/AMR/AMR_PROJECT/amr-team-bot/install/particle_localization/lib/particle_localization
[4.085s] 
[4.086s] Installed /home/ashraful/HBRS/AMR/AMR_PROJECT/amr-team-bot/build/particle_localization
[4.086s] running symlink_data
[4.086s] creating /home/ashraful/HBRS/AMR/AMR_PROJECT/amr-team-bot/install/particle_localization/share/ament_index
[4.086s] creating /home/ashraful/HBRS/AMR/AMR_PROJECT/amr-team-bot/install/particle_localization/share/ament_index/resource_index
[4.087s] creating /home/ashraful/HBRS/AMR/AMR_PROJECT/amr-team-bot/install/particle_localization/share/ament_index/resource_index/packages
[4.087s] symbolically linking /home/ashraful/HBRS/AMR/AMR_PROJECT/amr-team-bot/build/particle_localization/resource/particle_localization -> /home/ashraful/HBRS/AMR/AMR_PROJECT/amr-team-bot/install/particle_localization/share/ament_index/resource_index/packages
[4.087s] symbolically linking /home/ashraful/HBRS/AMR/AMR_PROJECT/amr-team-bot/build/particle_localization/package.xml -> /home/ashraful/HBRS/AMR/AMR_PROJECT/amr-team-bot/install/particle_localization/share/particle_localization
[4.087s] creating /home/ashraful/HBRS/AMR/AMR_PROJECT/amr-team-bot/install/particle_localization/share/particle_localization/config
[4.089s] symbolically linking /home/ashraful/HBRS/AMR/AMR_PROJECT/amr-team-bot/build/particle_localization/config/particle_filter.yaml -> /home/ashraful/HBRS/AMR/AMR_PROJECT/amr-team-bot/install/particle_localization/share/particle_localization/config
[4.158s] Invoked command in '/home/ashraful/HBRS/AMR/AMR_PROJECT/amr-team-bot/build/particle_localization' returned '0': PYTHONPATH=/home/ashraful/HBRS/AMR/AMR_PROJECT/amr-team-bot/build/particle_localization/prefix_override:/usr/lib/python3/dist-packages/colcon_core/task/python/colcon_distutils_commands:/home/ashraful/HBRS/AMR/AMR_PROJECT/amr-team-bot/install/particle_localization/lib/python3.10/site-packages:${PYTHONPATH} /usr/bin/python3 -W ignore:setup.py install is deprecated -W ignore:easy_install command is deprecated setup.py develop --editable --build-directory /home/ashraful/HBRS/AMR/AMR_PROJECT/amr-team-bot/build/particle_localization/build --no-deps symlink_data
