[0.287s] DEBUG:colcon:Command line arguments: ['/usr/bin/colcon', 'build', '--packages-select', 'amr_localization', '--symlink-install']
[0.288s] DEBUG:colcon:Parsed command line arguments: Namespace(log_base=None, log_level=None, verb_name='build', build_base='build', install_base='install', merge_install=False, symlink_install=True, test_result_base=None, continue_on_error=False, executor='parallel', parallel_workers=8, event_handlers=None, ignore_user_meta=False, metas=['./colcon.meta'], base_paths=['.'], packages_ignore=None, packages_ignore_regex=None, paths=None, packages_up_to=None, packages_up_to_regex=None, packages_above=None, packages_above_and_dependencies=None, packages_above_depth=None, packages_select_by_dep=None, packages_skip_by_dep=None, packages_skip_up_to=None, packages_select_build_failed=False, packages_skip_build_finished=False, packages_select_test_failures=False, packages_skip_test_passed=False, packages_select=['amr_localization'], packages_skip=None, packages_select_regex=None, packages_skip_regex=None, packages_start=None, packages_end=None, allow_overriding=[], cmake_args=None, cmake_target=None, cmake_target_skip_unavailable=False, cmake_clean_cache=False, cmake_clean_first=False, cmake_force_configure=False, ament_cmake_args=None, catkin_cmake_args=None, catkin_skip_building_tests=False, verb_parser=<colcon_defaults.argument_parser.defaults.DefaultArgumentsDecorator object at 0x7e6d8f09de10>, verb_extension=<colcon_core.verb.build.BuildVerb object at 0x7e6d8f09d840>, main=<bound method BuildVerb.main of <colcon_core.verb.build.BuildVerb object at 0x7e6d8f09d840>>)
[0.901s] Level 1:colcon.colcon_core.package_discovery:discover_packages(colcon_meta) check parameters
[0.901s] Level 1:colcon.colcon_core.package_discovery:discover_packages(recursive) check parameters
[0.901s] Level 1:colcon.colcon_core.package_discovery:discover_packages(ignore) check parameters
[0.901s] Level 1:colcon.colcon_core.package_discovery:discover_packages(path) check parameters
[0.902s] Level 1:colcon.colcon_core.package_discovery:discover_packages(colcon_meta) discover
[0.902s] Level 1:colcon.colcon_core.package_discovery:discover_packages(recursive) discover
[0.902s] INFO:colcon.colcon_core.package_discovery:Crawling recursively for packages in '/home/ashraful/HBRS/AMR/AMR_PROJECT/amr-team-bot'
[0.903s] Level 1:colcon.colcon_core.package_identification:_identify(.) by extensions ['ignore', 'ignore_ament_install']
[0.903s] Level 1:colcon.colcon_core.package_identification:_identify(.) by extension 'ignore'
[0.903s] Level 1:colcon.colcon_core.package_identification:_identify(.) by extension 'ignore_ament_install'
[0.903s] Level 1:colcon.colcon_core.package_identification:_identify(.) by extensions ['colcon_pkg']
[0.903s] Level 1:colcon.colcon_core.package_identification:_identify(.) by extension 'colcon_pkg'
[0.903s] Level 1:colcon.colcon_core.package_identification:_identify(.) by extensions ['colcon_meta']
[0.903s] Level 1:colcon.colcon_core.package_identification:_identify(.) by extension 'colcon_meta'
[0.904s] Level 1:colcon.colcon_core.package_identification:_identify(.) by extensions ['ros']
[0.904s] Level 1:colcon.colcon_core.package_identification:_identify(.) by extension 'ros'
[0.987s] Level 1:colcon.colcon_core.package_identification:_identify(.) by extensions ['cmake', 'python']
[0.988s] Level 1:colcon.colcon_core.package_identification:_identify(.) by extension 'cmake'
[0.988s] Level 1:colcon.colcon_core.package_identification:_identify(.) by extension 'python'
[0.988s] Level 1:colcon.colcon_core.package_identification:_identify(.) by extensions ['python_setup_py']
[0.988s] Level 1:colcon.colcon_core.package_identification:_identify(.) by extension 'python_setup_py'
[0.988s] Level 1:colcon.colcon_core.package_identification:_identify(Pictures) by extensions ['ignore', 'ignore_ament_install']
[0.989s] Level 1:colcon.colcon_core.package_identification:_identify(Pictures) by extension 'ignore'
[0.989s] Level 1:colcon.colcon_core.package_identification:_identify(Pictures) by extension 'ignore_ament_install'
[0.989s] Level 1:colcon.colcon_core.package_identification:_identify(Pictures) by extensions ['colcon_pkg']
[0.989s] Level 1:colcon.colcon_core.package_identification:_identify(Pictures) by extension 'colcon_pkg'
[0.989s] Level 1:colcon.colcon_core.package_identification:_identify(Pictures) by extensions ['colcon_meta']
[0.989s] Level 1:colcon.colcon_core.package_identification:_identify(Pictures) by extension 'colcon_meta'
[0.989s] Level 1:colcon.colcon_core.package_identification:_identify(Pictures) by extensions ['ros']
[0.989s] Level 1:colcon.colcon_core.package_identification:_identify(Pictures) by extension 'ros'
[0.990s] Level 1:colcon.colcon_core.package_identification:_identify(Pictures) by extensions ['cmake', 'python']
[0.990s] Level 1:colcon.colcon_core.package_identification:_identify(Pictures) by extension 'cmake'
[0.990s] Level 1:colcon.colcon_core.package_identification:_identify(Pictures) by extension 'python'
[0.990s] Level 1:colcon.colcon_core.package_identification:_identify(Pictures) by extensions ['python_setup_py']
[0.990s] Level 1:colcon.colcon_core.package_identification:_identify(Pictures) by extension 'python_setup_py'
[0.990s] Level 1:colcon.colcon_core.package_identification:_identify(Pictures/Particle) by extensions ['ignore', 'ignore_ament_install']
[0.991s] Level 1:colcon.colcon_core.package_identification:_identify(Pictures/Particle) by extension 'ignore'
[0.991s] Level 1:colcon.colcon_core.package_identification:_identify(Pictures/Particle) by extension 'ignore_ament_install'
[0.991s] Level 1:colcon.colcon_core.package_identification:_identify(Pictures/Particle) by extensions ['colcon_pkg']
[0.991s] Level 1:colcon.colcon_core.package_identification:_identify(Pictures/Particle) by extension 'colcon_pkg'
[0.991s] Level 1:colcon.colcon_core.package_identification:_identify(Pictures/Particle) by extensions ['colcon_meta']
[0.991s] Level 1:colcon.colcon_core.package_identification:_identify(Pictures/Particle) by extension 'colcon_meta'
[0.991s] Level 1:colcon.colcon_core.package_identification:_identify(Pictures/Particle) by extensions ['ros']
[0.991s] Level 1:colcon.colcon_core.package_identification:_identify(Pictures/Particle) by extension 'ros'
[0.991s] Level 1:colcon.colcon_core.package_identification:_identify(Pictures/Particle) by extensions ['cmake', 'python']
[0.991s] Level 1:colcon.colcon_core.package_identification:_identify(Pictures/Particle) by extension 'cmake'
[0.992s] Level 1:colcon.colcon_core.package_identification:_identify(Pictures/Particle) by extension 'python'
[0.992s] Level 1:colcon.colcon_core.package_identification:_identify(Pictures/Particle) by extensions ['python_setup_py']
[0.992s] Level 1:colcon.colcon_core.package_identification:_identify(Pictures/Particle) by extension 'python_setup_py'
[0.992s] Level 1:colcon.colcon_core.package_identification:_identify(build) by extensions ['ignore', 'ignore_ament_install']
[0.993s] Level 1:colcon.colcon_core.package_identification:_identify(build) by extension 'ignore'
[0.993s] Level 1:colcon.colcon_core.package_identification:_identify(build) ignored
[0.993s] Level 1:colcon.colcon_core.package_identification:_identify(install) by extensions ['ignore', 'ignore_ament_install']
[0.993s] Level 1:colcon.colcon_core.package_identification:_identify(install) by extension 'ignore'
[0.994s] Level 1:colcon.colcon_core.package_identification:_identify(install) ignored
[0.994s] Level 1:colcon.colcon_core.package_identification:_identify(log) by extensions ['ignore', 'ignore_ament_install']
[0.994s] Level 1:colcon.colcon_core.package_identification:_identify(log) by extension 'ignore'
[0.995s] Level 1:colcon.colcon_core.package_identification:_identify(log) ignored
[0.995s] Level 1:colcon.colcon_core.package_identification:_identify(maps) by extensions ['ignore', 'ignore_ament_install']
[0.995s] Level 1:colcon.colcon_core.package_identification:_identify(maps) by extension 'ignore'
[0.995s] Level 1:colcon.colcon_core.package_identification:_identify(maps) by extension 'ignore_ament_install'
[0.996s] Level 1:colcon.colcon_core.package_identification:_identify(maps) by extensions ['colcon_pkg']
[0.996s] Level 1:colcon.colcon_core.package_identification:_identify(maps) by extension 'colcon_pkg'
[0.996s] Level 1:colcon.colcon_core.package_identification:_identify(maps) by extensions ['colcon_meta']
[0.996s] Level 1:colcon.colcon_core.package_identification:_identify(maps) by extension 'colcon_meta'
[0.996s] Level 1:colcon.colcon_core.package_identification:_identify(maps) by extensions ['ros']
[0.996s] Level 1:colcon.colcon_core.package_identification:_identify(maps) by extension 'ros'
[0.997s] Level 1:colcon.colcon_core.package_identification:_identify(maps) by extensions ['cmake', 'python']
[0.997s] Level 1:colcon.colcon_core.package_identification:_identify(maps) by extension 'cmake'
[0.997s] Level 1:colcon.colcon_core.package_identification:_identify(maps) by extension 'python'
[0.997s] Level 1:colcon.colcon_core.package_identification:_identify(maps) by extensions ['python_setup_py']
[0.997s] Level 1:colcon.colcon_core.package_identification:_identify(maps) by extension 'python_setup_py'
[0.997s] Level 1:colcon.colcon_core.package_identification:_identify(src) by extensions ['ignore', 'ignore_ament_install']
[0.998s] Level 1:colcon.colcon_core.package_identification:_identify(src) by extension 'ignore'
[0.998s] Level 1:colcon.colcon_core.package_identification:_identify(src) by extension 'ignore_ament_install'
[0.998s] Level 1:colcon.colcon_core.package_identification:_identify(src) by extensions ['colcon_pkg']
[0.998s] Level 1:colcon.colcon_core.package_identification:_identify(src) by extension 'colcon_pkg'
[0.998s] Level 1:colcon.colcon_core.package_identification:_identify(src) by extensions ['colcon_meta']
[0.998s] Level 1:colcon.colcon_core.package_identification:_identify(src) by extension 'colcon_meta'
[0.998s] Level 1:colcon.colcon_core.package_identification:_identify(src) by extensions ['ros']
[0.998s] Level 1:colcon.colcon_core.package_identification:_identify(src) by extension 'ros'
[0.998s] Level 1:colcon.colcon_core.package_identification:_identify(src) by extensions ['cmake', 'python']
[0.999s] Level 1:colcon.colcon_core.package_identification:_identify(src) by extension 'cmake'
[0.999s] Level 1:colcon.colcon_core.package_identification:_identify(src) by extension 'python'
[0.999s] Level 1:colcon.colcon_core.package_identification:_identify(src) by extensions ['python_setup_py']
[0.999s] Level 1:colcon.colcon_core.package_identification:_identify(src) by extension 'python_setup_py'
[1.000s] Level 1:colcon.colcon_core.package_identification:_identify(src/Robile) by extensions ['ignore', 'ignore_ament_install']
[1.000s] Level 1:colcon.colcon_core.package_identification:_identify(src/Robile) by extension 'ignore'
[1.000s] Level 1:colcon.colcon_core.package_identification:_identify(src/Robile) by extension 'ignore_ament_install'
[1.000s] Level 1:colcon.colcon_core.package_identification:_identify(src/Robile) by extensions ['colcon_pkg']
[1.000s] Level 1:colcon.colcon_core.package_identification:_identify(src/Robile) by extension 'colcon_pkg'
[1.001s] Level 1:colcon.colcon_core.package_identification:_identify(src/Robile) by extensions ['colcon_meta']
[1.001s] Level 1:colcon.colcon_core.package_identification:_identify(src/Robile) by extension 'colcon_meta'
[1.001s] Level 1:colcon.colcon_core.package_identification:_identify(src/Robile) by extensions ['ros']
[1.001s] Level 1:colcon.colcon_core.package_identification:_identify(src/Robile) by extension 'ros'
[1.001s] Level 1:colcon.colcon_core.package_identification:_identify(src/Robile) by extensions ['cmake', 'python']
[1.001s] Level 1:colcon.colcon_core.package_identification:_identify(src/Robile) by extension 'cmake'
[1.001s] Level 1:colcon.colcon_core.package_identification:_identify(src/Robile) by extension 'python'
[1.002s] Level 1:colcon.colcon_core.package_identification:_identify(src/Robile) by extensions ['python_setup_py']
[1.002s] Level 1:colcon.colcon_core.package_identification:_identify(src/Robile) by extension 'python_setup_py'
[1.002s] Level 1:colcon.colcon_core.package_identification:_identify(src/Robile/docs) by extensions ['ignore', 'ignore_ament_install']
[1.003s] Level 1:colcon.colcon_core.package_identification:_identify(src/Robile/docs) by extension 'ignore'
[1.003s] Level 1:colcon.colcon_core.package_identification:_identify(src/Robile/docs) ignored
[1.003s] Level 1:colcon.colcon_core.package_identification:_identify(src/Robile/robile_bringup) by extensions ['ignore', 'ignore_ament_install']
[1.004s] Level 1:colcon.colcon_core.package_identification:_identify(src/Robile/robile_bringup) by extension 'ignore'
[1.004s] Level 1:colcon.colcon_core.package_identification:_identify(src/Robile/robile_bringup) by extension 'ignore_ament_install'
[1.004s] Level 1:colcon.colcon_core.package_identification:_identify(src/Robile/robile_bringup) by extensions ['colcon_pkg']
[1.004s] Level 1:colcon.colcon_core.package_identification:_identify(src/Robile/robile_bringup) by extension 'colcon_pkg'
[1.004s] Level 1:colcon.colcon_core.package_identification:_identify(src/Robile/robile_bringup) by extensions ['colcon_meta']
[1.004s] Level 1:colcon.colcon_core.package_identification:_identify(src/Robile/robile_bringup) by extension 'colcon_meta'
[1.004s] Level 1:colcon.colcon_core.package_identification:_identify(src/Robile/robile_bringup) by extensions ['ros']
[1.004s] Level 1:colcon.colcon_core.package_identification:_identify(src/Robile/robile_bringup) by extension 'ros'
[1.014s] DEBUG:colcon.colcon_core.package_identification:Package 'src/Robile/robile_bringup' with type 'ros.ament_python' and name 'robile_bringup'
[1.015s] Level 1:colcon.colcon_core.package_identification:_identify(src/Robile/robile_demos) by extensions ['ignore', 'ignore_ament_install']
[1.015s] Level 1:colcon.colcon_core.package_identification:_identify(src/Robile/robile_demos) by extension 'ignore'
[1.015s] Level 1:colcon.colcon_core.package_identification:_identify(src/Robile/robile_demos) by extension 'ignore_ament_install'
[1.015s] Level 1:colcon.colcon_core.package_identification:_identify(src/Robile/robile_demos) by extensions ['colcon_pkg']
[1.016s] Level 1:colcon.colcon_core.package_identification:_identify(src/Robile/robile_demos) by extension 'colcon_pkg'
[1.016s] Level 1:colcon.colcon_core.package_identification:_identify(src/Robile/robile_demos) by extensions ['colcon_meta']
[1.016s] Level 1:colcon.colcon_core.package_identification:_identify(src/Robile/robile_demos) by extension 'colcon_meta'
[1.016s] Level 1:colcon.colcon_core.package_identification:_identify(src/Robile/robile_demos) by extensions ['ros']
[1.016s] Level 1:colcon.colcon_core.package_identification:_identify(src/Robile/robile_demos) by extension 'ros'
[1.016s] Level 1:colcon.colcon_core.package_identification:_identify(src/Robile/robile_demos) by extensions ['cmake', 'python']
[1.016s] Level 1:colcon.colcon_core.package_identification:_identify(src/Robile/robile_demos) by extension 'cmake'
[1.016s] Level 1:colcon.colcon_core.package_identification:_identify(src/Robile/robile_demos) by extension 'python'
[1.016s] Level 1:colcon.colcon_core.package_identification:_identify(src/Robile/robile_demos) by extensions ['python_setup_py']
[1.017s] Level 1:colcon.colcon_core.package_identification:_identify(src/Robile/robile_demos) by extension 'python_setup_py'
[1.017s] Level 1:colcon.colcon_core.package_identification:_identify(src/Robile/robile_demos/robile_control_simple) by extensions ['ignore', 'ignore_ament_install']
[1.017s] Level 1:colcon.colcon_core.package_identification:_identify(src/Robile/robile_demos/robile_control_simple) by extension 'ignore'
[1.018s] Level 1:colcon.colcon_core.package_identification:_identify(src/Robile/robile_demos/robile_control_simple) by extension 'ignore_ament_install'
[1.018s] Level 1:colcon.colcon_core.package_identification:_identify(src/Robile/robile_demos/robile_control_simple) by extensions ['colcon_pkg']
[1.018s] Level 1:colcon.colcon_core.package_identification:_identify(src/Robile/robile_demos/robile_control_simple) by extension 'colcon_pkg'
[1.018s] Level 1:colcon.colcon_core.package_identification:_identify(src/Robile/robile_demos/robile_control_simple) by extensions ['colcon_meta']
[1.018s] Level 1:colcon.colcon_core.package_identification:_identify(src/Robile/robile_demos/robile_control_simple) by extension 'colcon_meta'
[1.019s] Level 1:colcon.colcon_core.package_identification:_identify(src/Robile/robile_demos/robile_control_simple) by extensions ['ros']
[1.019s] Level 1:colcon.colcon_core.package_identification:_identify(src/Robile/robile_demos/robile_control_simple) by extension 'ros'
[1.021s] DEBUG:colcon.colcon_core.package_identification:Package 'src/Robile/robile_demos/robile_control_simple' with type 'ros.ament_python' and name 'robile_control_simple'
[1.021s] Level 1:colcon.colcon_core.package_identification:_identify(src/Robile/robile_demos/robile_reach_goal) by extensions ['ignore', 'ignore_ament_install']
[1.022s] Level 1:colcon.colcon_core.package_identification:_identify(src/Robile/robile_demos/robile_reach_goal) by extension 'ignore'
[1.022s] Level 1:colcon.colcon_core.package_identification:_identify(src/Robile/robile_demos/robile_reach_goal) by extension 'ignore_ament_install'
[1.022s] Level 1:colcon.colcon_core.package_identification:_identify(src/Robile/robile_demos/robile_reach_goal) by extensions ['colcon_pkg']
[1.022s] Level 1:colcon.colcon_core.package_identification:_identify(src/Robile/robile_demos/robile_reach_goal) by extension 'colcon_pkg'
[1.022s] Level 1:colcon.colcon_core.package_identification:_identify(src/Robile/robile_demos/robile_reach_goal) by extensions ['colcon_meta']
[1.022s] Level 1:colcon.colcon_core.package_identification:_identify(src/Robile/robile_demos/robile_reach_goal) by extension 'colcon_meta'
[1.022s] Level 1:colcon.colcon_core.package_identification:_identify(src/Robile/robile_demos/robile_reach_goal) by extensions ['ros']
[1.023s] Level 1:colcon.colcon_core.package_identification:_identify(src/Robile/robile_demos/robile_reach_goal) by extension 'ros'
[1.025s] DEBUG:colcon.colcon_core.package_identification:Package 'src/Robile/robile_demos/robile_reach_goal' with type 'ros.ament_python' and name 'robile_reach_goal'
[1.025s] Level 1:colcon.colcon_core.package_identification:_identify(src/Robile/worksheets) by extensions ['ignore', 'ignore_ament_install']
[1.026s] Level 1:colcon.colcon_core.package_identification:_identify(src/Robile/worksheets) by extension 'ignore'
[1.026s] Level 1:colcon.colcon_core.package_identification:_identify(src/Robile/worksheets) by extension 'ignore_ament_install'
[1.026s] Level 1:colcon.colcon_core.package_identification:_identify(src/Robile/worksheets) by extensions ['colcon_pkg']
[1.026s] Level 1:colcon.colcon_core.package_identification:_identify(src/Robile/worksheets) by extension 'colcon_pkg'
[1.026s] Level 1:colcon.colcon_core.package_identification:_identify(src/Robile/worksheets) by extensions ['colcon_meta']
[1.026s] Level 1:colcon.colcon_core.package_identification:_identify(src/Robile/worksheets) by extension 'colcon_meta'
[1.026s] Level 1:colcon.colcon_core.package_identification:_identify(src/Robile/worksheets) by extensions ['ros']
[1.026s] Level 1:colcon.colcon_core.package_identification:_identify(src/Robile/worksheets) by extension 'ros'
[1.027s] Level 1:colcon.colcon_core.package_identification:_identify(src/Robile/worksheets) by extensions ['cmake', 'python']
[1.027s] Level 1:colcon.colcon_core.package_identification:_identify(src/Robile/worksheets) by extension 'cmake'
[1.027s] Level 1:colcon.colcon_core.package_identification:_identify(src/Robile/worksheets) by extension 'python'
[1.027s] Level 1:colcon.colcon_core.package_identification:_identify(src/Robile/worksheets) by extensions ['python_setup_py']
[1.027s] Level 1:colcon.colcon_core.package_identification:_identify(src/Robile/worksheets) by extension 'python_setup_py'
[1.028s] Level 1:colcon.colcon_core.package_identification:_identify(src/Robile/worksheets/bitmaps) by extensions ['ignore', 'ignore_ament_install']
[1.028s] Level 1:colcon.colcon_core.package_identification:_identify(src/Robile/worksheets/bitmaps) by extension 'ignore'
[1.028s] Level 1:colcon.colcon_core.package_identification:_identify(src/Robile/worksheets/bitmaps) by extension 'ignore_ament_install'
[1.029s] Level 1:colcon.colcon_core.package_identification:_identify(src/Robile/worksheets/bitmaps) by extensions ['colcon_pkg']
[1.029s] Level 1:colcon.colcon_core.package_identification:_identify(src/Robile/worksheets/bitmaps) by extension 'colcon_pkg'
[1.029s] Level 1:colcon.colcon_core.package_identification:_identify(src/Robile/worksheets/bitmaps) by extensions ['colcon_meta']
[1.029s] Level 1:colcon.colcon_core.package_identification:_identify(src/Robile/worksheets/bitmaps) by extension 'colcon_meta'
[1.029s] Level 1:colcon.colcon_core.package_identification:_identify(src/Robile/worksheets/bitmaps) by extensions ['ros']
[1.029s] Level 1:colcon.colcon_core.package_identification:_identify(src/Robile/worksheets/bitmaps) by extension 'ros'
[1.030s] Level 1:colcon.colcon_core.package_identification:_identify(src/Robile/worksheets/bitmaps) by extensions ['cmake', 'python']
[1.030s] Level 1:colcon.colcon_core.package_identification:_identify(src/Robile/worksheets/bitmaps) by extension 'cmake'
[1.030s] Level 1:colcon.colcon_core.package_identification:_identify(src/Robile/worksheets/bitmaps) by extension 'python'
[1.030s] Level 1:colcon.colcon_core.package_identification:_identify(src/Robile/worksheets/bitmaps) by extensions ['python_setup_py']
[1.030s] Level 1:colcon.colcon_core.package_identification:_identify(src/Robile/worksheets/bitmaps) by extension 'python_setup_py'
[1.030s] Level 1:colcon.colcon_core.package_identification:_identify(src/Robile/worksheets/worksheet01) by extensions ['ignore', 'ignore_ament_install']
[1.031s] Level 1:colcon.colcon_core.package_identification:_identify(src/Robile/worksheets/worksheet01) by extension 'ignore'
[1.031s] Level 1:colcon.colcon_core.package_identification:_identify(src/Robile/worksheets/worksheet01) by extension 'ignore_ament_install'
[1.031s] Level 1:colcon.colcon_core.package_identification:_identify(src/Robile/worksheets/worksheet01) by extensions ['colcon_pkg']
[1.031s] Level 1:colcon.colcon_core.package_identification:_identify(src/Robile/worksheets/worksheet01) by extension 'colcon_pkg'
[1.031s] Level 1:colcon.colcon_core.package_identification:_identify(src/Robile/worksheets/worksheet01) by extensions ['colcon_meta']
[1.031s] Level 1:colcon.colcon_core.package_identification:_identify(src/Robile/worksheets/worksheet01) by extension 'colcon_meta'
[1.032s] Level 1:colcon.colcon_core.package_identification:_identify(src/Robile/worksheets/worksheet01) by extensions ['ros']
[1.032s] Level 1:colcon.colcon_core.package_identification:_identify(src/Robile/worksheets/worksheet01) by extension 'ros'
[1.032s] Level 1:colcon.colcon_core.package_identification:_identify(src/Robile/worksheets/worksheet01) by extensions ['cmake', 'python']
[1.032s] Level 1:colcon.colcon_core.package_identification:_identify(src/Robile/worksheets/worksheet01) by extension 'cmake'
[1.032s] Level 1:colcon.colcon_core.package_identification:_identify(src/Robile/worksheets/worksheet01) by extension 'python'
[1.032s] Level 1:colcon.colcon_core.package_identification:_identify(src/Robile/worksheets/worksheet01) by extensions ['python_setup_py']
[1.032s] Level 1:colcon.colcon_core.package_identification:_identify(src/Robile/worksheets/worksheet01) by extension 'python_setup_py'
[1.033s] Level 1:colcon.colcon_core.package_identification:_identify(src/Robile/worksheets/worksheet02) by extensions ['ignore', 'ignore_ament_install']
[1.033s] Level 1:colcon.colcon_core.package_identification:_identify(src/Robile/worksheets/worksheet02) by extension 'ignore'
[1.033s] Level 1:colcon.colcon_core.package_identification:_identify(src/Robile/worksheets/worksheet02) by extension 'ignore_ament_install'
[1.034s] Level 1:colcon.colcon_core.package_identification:_identify(src/Robile/worksheets/worksheet02) by extensions ['colcon_pkg']
[1.034s] Level 1:colcon.colcon_core.package_identification:_identify(src/Robile/worksheets/worksheet02) by extension 'colcon_pkg'
[1.034s] Level 1:colcon.colcon_core.package_identification:_identify(src/Robile/worksheets/worksheet02) by extensions ['colcon_meta']
[1.034s] Level 1:colcon.colcon_core.package_identification:_identify(src/Robile/worksheets/worksheet02) by extension 'colcon_meta'
[1.034s] Level 1:colcon.colcon_core.package_identification:_identify(src/Robile/worksheets/worksheet02) by extensions ['ros']
[1.034s] Level 1:colcon.colcon_core.package_identification:_identify(src/Robile/worksheets/worksheet02) by extension 'ros'
[1.034s] Level 1:colcon.colcon_core.package_identification:_identify(src/Robile/worksheets/worksheet02) by extensions ['cmake', 'python']
[1.034s] Level 1:colcon.colcon_core.package_identification:_identify(src/Robile/worksheets/worksheet02) by extension 'cmake'
[1.035s] Level 1:colcon.colcon_core.package_identification:_identify(src/Robile/worksheets/worksheet02) by extension 'python'
[1.035s] Level 1:colcon.colcon_core.package_identification:_identify(src/Robile/worksheets/worksheet02) by extensions ['python_setup_py']
[1.035s] Level 1:colcon.colcon_core.package_identification:_identify(src/Robile/worksheets/worksheet02) by extension 'python_setup_py'
[1.035s] Level 1:colcon.colcon_core.package_identification:_identify(src/amr_localization) by extensions ['ignore', 'ignore_ament_install']
[1.035s] Level 1:colcon.colcon_core.package_identification:_identify(src/amr_localization) by extension 'ignore'
[1.035s] Level 1:colcon.colcon_core.package_identification:_identify(src/amr_localization) by extension 'ignore_ament_install'
[1.036s] Level 1:colcon.colcon_core.package_identification:_identify(src/amr_localization) by extensions ['colcon_pkg']
[1.036s] Level 1:colcon.colcon_core.package_identification:_identify(src/amr_localization) by extension 'colcon_pkg'
[1.036s] Level 1:colcon.colcon_core.package_identification:_identify(src/amr_localization) by extensions ['colcon_meta']
[1.036s] Level 1:colcon.colcon_core.package_identification:_identify(src/amr_localization) by extension 'colcon_meta'
[1.036s] Level 1:colcon.colcon_core.package_identification:_identify(src/amr_localization) by extensions ['ros']
[1.036s] Level 1:colcon.colcon_core.package_identification:_identify(src/amr_localization) by extension 'ros'
[1.039s] DEBUG:colcon.colcon_core.package_identification:Package 'src/amr_localization' with type 'ros.ament_python' and name 'amr_localization'
[1.040s] Level 1:colcon.colcon_core.package_identification:_identify(src/aws-robomaker-small-house-world) by extensions ['ignore', 'ignore_ament_install']
[1.040s] Level 1:colcon.colcon_core.package_identification:_identify(src/aws-robomaker-small-house-world) by extension 'ignore'
[1.040s] Level 1:colcon.colcon_core.package_identification:_identify(src/aws-robomaker-small-house-world) by extension 'ignore_ament_install'
[1.041s] Level 1:colcon.colcon_core.package_identification:_identify(src/aws-robomaker-small-house-world) by extensions ['colcon_pkg']
[1.041s] Level 1:colcon.colcon_core.package_identification:_identify(src/aws-robomaker-small-house-world) by extension 'colcon_pkg'
[1.041s] Level 1:colcon.colcon_core.package_identification:_identify(src/aws-robomaker-small-house-world) by extensions ['colcon_meta']
[1.041s] Level 1:colcon.colcon_core.package_identification:_identify(src/aws-robomaker-small-house-world) by extension 'colcon_meta'
[1.041s] Level 1:colcon.colcon_core.package_identification:_identify(src/aws-robomaker-small-house-world) by extensions ['ros']
[1.041s] Level 1:colcon.colcon_core.package_identification:_identify(src/aws-robomaker-small-house-world) by extension 'ros'
[1.044s] DEBUG:colcon.colcon_core.package_identification:Package 'src/aws-robomaker-small-house-world' with type 'ros.ament_cmake' and name 'aws_robomaker_small_house_world'
[1.044s] Level 1:colcon.colcon_core.package_identification:_identify(src/mcl_particle_filter) by extensions ['ignore', 'ignore_ament_install']
[1.044s] Level 1:colcon.colcon_core.package_identification:_identify(src/mcl_particle_filter) by extension 'ignore'
[1.044s] Level 1:colcon.colcon_core.package_identification:_identify(src/mcl_particle_filter) by extension 'ignore_ament_install'
[1.044s] Level 1:colcon.colcon_core.package_identification:_identify(src/mcl_particle_filter) by extensions ['colcon_pkg']
[1.045s] Level 1:colcon.colcon_core.package_identification:_identify(src/mcl_particle_filter) by extension 'colcon_pkg'
[1.045s] Level 1:colcon.colcon_core.package_identification:_identify(src/mcl_particle_filter) by extensions ['colcon_meta']
[1.045s] Level 1:colcon.colcon_core.package_identification:_identify(src/mcl_particle_filter) by extension 'colcon_meta'
[1.045s] Level 1:colcon.colcon_core.package_identification:_identify(src/mcl_particle_filter) by extensions ['ros']
[1.045s] Level 1:colcon.colcon_core.package_identification:_identify(src/mcl_particle_filter) by extension 'ros'
[1.047s] DEBUG:colcon.colcon_core.package_identification:Package 'src/mcl_particle_filter' with type 'ros.ament_python' and name 'mcl_particle_filter'
[1.047s] Level 1:colcon.colcon_core.package_identification:_identify(src/my_explorer) by extensions ['ignore', 'ignore_ament_install']
[1.048s] Level 1:colcon.colcon_core.package_identification:_identify(src/my_explorer) by extension 'ignore'
[1.048s] Level 1:colcon.colcon_core.package_identification:_identify(src/my_explorer) by extension 'ignore_ament_install'
[1.048s] Level 1:colcon.colcon_core.package_identification:_identify(src/my_explorer) by extensions ['colcon_pkg']
[1.048s] Level 1:colcon.colcon_core.package_identification:_identify(src/my_explorer) by extension 'colcon_pkg'
[1.049s] Level 1:colcon.colcon_core.package_identification:_identify(src/my_explorer) by extensions ['colcon_meta']
[1.049s] Level 1:colcon.colcon_core.package_identification:_identify(src/my_explorer) by extension 'colcon_meta'
[1.049s] Level 1:colcon.colcon_core.package_identification:_identify(src/my_explorer) by extensions ['ros']
[1.049s] Level 1:colcon.colcon_core.package_identification:_identify(src/my_explorer) by extension 'ros'
[1.052s] DEBUG:colcon.colcon_core.package_identification:Package 'src/my_explorer' with type 'ros.ament_python' and name 'my_explorer'
[1.052s] Level 1:colcon.colcon_core.package_identification:_identify(src/particle_localization) by extensions ['ignore', 'ignore_ament_install']
[1.053s] Level 1:colcon.colcon_core.package_identification:_identify(src/particle_localization) by extension 'ignore'
[1.053s] Level 1:colcon.colcon_core.package_identification:_identify(src/particle_localization) by extension 'ignore_ament_install'
[1.053s] Level 1:colcon.colcon_core.package_identification:_identify(src/particle_localization) by extensions ['colcon_pkg']
[1.053s] Level 1:colcon.colcon_core.package_identification:_identify(src/particle_localization) by extension 'colcon_pkg'
[1.053s] Level 1:colcon.colcon_core.package_identification:_identify(src/particle_localization) by extensions ['colcon_meta']
[1.053s] Level 1:colcon.colcon_core.package_identification:_identify(src/particle_localization) by extension 'colcon_meta'
[1.054s] Level 1:colcon.colcon_core.package_identification:_identify(src/particle_localization) by extensions ['ros']
[1.054s] Level 1:colcon.colcon_core.package_identification:_identify(src/particle_localization) by extension 'ros'
[1.057s] DEBUG:colcon.colcon_core.package_identification:Package 'src/particle_localization' with type 'ros.ament_python' and name 'particle_localization'
[1.057s] Level 1:colcon.colcon_core.package_identification:_identify(src/potential) by extensions ['ignore', 'ignore_ament_install']
[1.058s] Level 1:colcon.colcon_core.package_identification:_identify(src/potential) by extension 'ignore'
[1.058s] Level 1:colcon.colcon_core.package_identification:_identify(src/potential) by extension 'ignore_ament_install'
[1.058s] Level 1:colcon.colcon_core.package_identification:_identify(src/potential) by extensions ['colcon_pkg']
[1.058s] Level 1:colcon.colcon_core.package_identification:_identify(src/potential) by extension 'colcon_pkg'
[1.058s] Level 1:colcon.colcon_core.package_identification:_identify(src/potential) by extensions ['colcon_meta']
[1.058s] Level 1:colcon.colcon_core.package_identification:_identify(src/potential) by extension 'colcon_meta'
[1.058s] Level 1:colcon.colcon_core.package_identification:_identify(src/potential) by extensions ['ros']
[1.058s] Level 1:colcon.colcon_core.package_identification:_identify(src/potential) by extension 'ros'
[1.062s] DEBUG:colcon.colcon_core.package_identification:Package 'src/potential' with type 'ros.ament_python' and name 'potential'
[1.062s] Level 1:colcon.colcon_core.package_identification:_identify(src/robile_description) by extensions ['ignore', 'ignore_ament_install']
[1.062s] Level 1:colcon.colcon_core.package_identification:_identify(src/robile_description) by extension 'ignore'
[1.063s] Level 1:colcon.colcon_core.package_identification:_identify(src/robile_description) by extension 'ignore_ament_install'
[1.063s] Level 1:colcon.colcon_core.package_identification:_identify(src/robile_description) by extensions ['colcon_pkg']
[1.063s] Level 1:colcon.colcon_core.package_identification:_identify(src/robile_description) by extension 'colcon_pkg'
[1.063s] Level 1:colcon.colcon_core.package_identification:_identify(src/robile_description) by extensions ['colcon_meta']
[1.063s] Level 1:colcon.colcon_core.package_identification:_identify(src/robile_description) by extension 'colcon_meta'
[1.063s] Level 1:colcon.colcon_core.package_identification:_identify(src/robile_description) by extensions ['ros']
[1.063s] Level 1:colcon.colcon_core.package_identification:_identify(src/robile_description) by extension 'ros'
[1.065s] DEBUG:colcon.colcon_core.package_identification:Package 'src/robile_description' with type 'ros.ament_cmake' and name 'robile_description'
[1.066s] Level 1:colcon.colcon_core.package_identification:_identify(src/robile_gazebo) by extensions ['ignore', 'ignore_ament_install']
[1.066s] Level 1:colcon.colcon_core.package_identification:_identify(src/robile_gazebo) by extension 'ignore'
[1.066s] Level 1:colcon.colcon_core.package_identification:_identify(src/robile_gazebo) by extension 'ignore_ament_install'
[1.066s] Level 1:colcon.colcon_core.package_identification:_identify(src/robile_gazebo) by extensions ['colcon_pkg']
[1.067s] Level 1:colcon.colcon_core.package_identification:_identify(src/robile_gazebo) by extension 'colcon_pkg'
[1.067s] Level 1:colcon.colcon_core.package_identification:_identify(src/robile_gazebo) by extensions ['colcon_meta']
[1.067s] Level 1:colcon.colcon_core.package_identification:_identify(src/robile_gazebo) by extension 'colcon_meta'
[1.067s] Level 1:colcon.colcon_core.package_identification:_identify(src/robile_gazebo) by extensions ['ros']
[1.067s] Level 1:colcon.colcon_core.package_identification:_identify(src/robile_gazebo) by extension 'ros'
[1.072s] DEBUG:colcon.colcon_core.package_identification:Package 'src/robile_gazebo' with type 'ros.ament_cmake' and name 'robile_gazebo'
[1.073s] Level 1:colcon.colcon_core.package_identification:_identify(src/robile_interfaces) by extensions ['ignore', 'ignore_ament_install']
[1.074s] Level 1:colcon.colcon_core.package_identification:_identify(src/robile_interfaces) by extension 'ignore'
[1.074s] Level 1:colcon.colcon_core.package_identification:_identify(src/robile_interfaces) by extension 'ignore_ament_install'
[1.074s] Level 1:colcon.colcon_core.package_identification:_identify(src/robile_interfaces) by extensions ['colcon_pkg']
[1.074s] Level 1:colcon.colcon_core.package_identification:_identify(src/robile_interfaces) by extension 'colcon_pkg'
[1.075s] Level 1:colcon.colcon_core.package_identification:_identify(src/robile_interfaces) by extensions ['colcon_meta']
[1.075s] Level 1:colcon.colcon_core.package_identification:_identify(src/robile_interfaces) by extension 'colcon_meta'
[1.075s] Level 1:colcon.colcon_core.package_identification:_identify(src/robile_interfaces) by extensions ['ros']
[1.075s] Level 1:colcon.colcon_core.package_identification:_identify(src/robile_interfaces) by extension 'ros'
[1.077s] DEBUG:colcon.colcon_core.package_identification:Package 'src/robile_interfaces' with type 'ros.ament_cmake' and name 'robile_interfaces'
[1.078s] Level 1:colcon.colcon_core.package_identification:_identify(src/robile_navigation) by extensions ['ignore', 'ignore_ament_install']
[1.082s] Level 1:colcon.colcon_core.package_identification:_identify(src/robile_navigation) by extension 'ignore'
[1.082s] Level 1:colcon.colcon_core.package_identification:_identify(src/robile_navigation) by extension 'ignore_ament_install'
[1.082s] Level 1:colcon.colcon_core.package_identification:_identify(src/robile_navigation) by extensions ['colcon_pkg']
[1.082s] Level 1:colcon.colcon_core.package_identification:_identify(src/robile_navigation) by extension 'colcon_pkg'
[1.083s] Level 1:colcon.colcon_core.package_identification:_identify(src/robile_navigation) by extensions ['colcon_meta']
[1.083s] Level 1:colcon.colcon_core.package_identification:_identify(src/robile_navigation) by extension 'colcon_meta'
[1.083s] Level 1:colcon.colcon_core.package_identification:_identify(src/robile_navigation) by extensions ['ros']
[1.083s] Level 1:colcon.colcon_core.package_identification:_identify(src/robile_navigation) by extension 'ros'
[1.087s] DEBUG:colcon.colcon_core.package_identification:Found ROS schema reference in package manifest in 'src/robile_navigation'
[1.087s] WARNING:colcon.colcon_core.package_identification:Failed to parse ROS package manifest in 'src/robile_navigation': Error(s) in package 'src/robile_navigation/package.xml':
Error(s):
- The generic dependency on 'rclpy' is redundant with: build_depend, build_export_depend, exec_depend
- The generic dependency on 'sensor_msgs' is redundant with: exec_depend
- The generic dependency on 'geometry_msgs' is redundant with: exec_depend
[1.088s] Level 1:colcon.colcon_core.package_identification:_identify(src/robile_navigation) by extensions ['cmake', 'python']
[1.088s] Level 1:colcon.colcon_core.package_identification:_identify(src/robile_navigation) by extension 'cmake'
[1.093s] Level 1:colcon.colcon_core.package_identification:_identify(src/robile_navigation) by extension 'python'
[1.094s] DEBUG:colcon.colcon_core.package_identification:Package 'src/robile_navigation' with type 'cmake' and name 'robile_navigation'
[1.095s] Level 1:colcon.colcon_core.package_identification:_identify(src/wavefront) by extensions ['ignore', 'ignore_ament_install']
[1.095s] Level 1:colcon.colcon_core.package_identification:_identify(src/wavefront) by extension 'ignore'
[1.095s] Level 1:colcon.colcon_core.package_identification:_identify(src/wavefront) by extension 'ignore_ament_install'
[1.095s] Level 1:colcon.colcon_core.package_identification:_identify(src/wavefront) by extensions ['colcon_pkg']
[1.095s] Level 1:colcon.colcon_core.package_identification:_identify(src/wavefront) by extension 'colcon_pkg'
[1.095s] Level 1:colcon.colcon_core.package_identification:_identify(src/wavefront) by extensions ['colcon_meta']
[1.096s] Level 1:colcon.colcon_core.package_identification:_identify(src/wavefront) by extension 'colcon_meta'
[1.096s] Level 1:colcon.colcon_core.package_identification:_identify(src/wavefront) by extensions ['ros']
[1.096s] Level 1:colcon.colcon_core.package_identification:_identify(src/wavefront) by extension 'ros'
[1.098s] DEBUG:colcon.colcon_core.package_identification:Package 'src/wavefront' with type 'ros.ament_python' and name 'wavefront'
[1.102s] Level 1:colcon.colcon_core.package_discovery:discover_packages(recursive) using defaults
[1.102s] Level 1:colcon.colcon_core.package_discovery:discover_packages(ignore) discover
[1.102s] Level 1:colcon.colcon_core.package_discovery:discover_packages(ignore) using defaults
[1.102s] Level 1:colcon.colcon_core.package_discovery:discover_packages(path) discover
[1.102s] Level 1:colcon.colcon_core.package_discovery:discover_packages(path) using defaults
[1.186s] INFO:colcon.colcon_core.package_selection:Skipping not selected package 'aws_robomaker_small_house_world' in 'src/aws-robomaker-small-house-world'
[1.186s] INFO:colcon.colcon_core.package_selection:Skipping not selected package 'mcl_particle_filter' in 'src/mcl_particle_filter'
[1.187s] INFO:colcon.colcon_core.package_selection:Skipping not selected package 'my_explorer' in 'src/my_explorer'
[1.187s] INFO:colcon.colcon_core.package_selection:Skipping not selected package 'particle_localization' in 'src/particle_localization'
[1.187s] INFO:colcon.colcon_core.package_selection:Skipping not selected package 'potential' in 'src/potential'
[1.187s] INFO:colcon.colcon_core.package_selection:Skipping not selected package 'robile_bringup' in 'src/Robile/robile_bringup'
[1.187s] INFO:colcon.colcon_core.package_selection:Skipping not selected package 'robile_control_simple' in 'src/Robile/robile_demos/robile_control_simple'
[1.187s] INFO:colcon.colcon_core.package_selection:Skipping not selected package 'robile_description' in 'src/robile_description'
[1.187s] INFO:colcon.colcon_core.package_selection:Skipping not selected package 'robile_interfaces' in 'src/robile_interfaces'
[1.187s] INFO:colcon.colcon_core.package_selection:Skipping not selected package 'robile_reach_goal' in 'src/Robile/robile_demos/robile_reach_goal'
[1.187s] INFO:colcon.colcon_core.package_selection:Skipping not selected package 'wavefront' in 'src/wavefront'
[1.187s] INFO:colcon.colcon_core.package_selection:Skipping not selected package 'robile_gazebo' in 'src/robile_gazebo'
[1.187s] INFO:colcon.colcon_core.package_selection:Skipping not selected package 'robile_navigation' in 'src/robile_navigation'
[1.189s] Level 1:colcon.colcon_core.package_discovery:discover_packages(prefix_path) check parameters
[1.189s] Level 1:colcon.colcon_core.package_discovery:discover_packages(prefix_path) discover
[1.203s] DEBUG:colcon.colcon_installed_package_information.package_discovery:Found 14 installed packages in /home/ashraful/HBRS/AMR/AMR_PROJECT/amr-team-bot/install
[1.207s] DEBUG:colcon.colcon_installed_package_information.package_discovery:Found 353 installed packages in /opt/ros/humble
[1.213s] Level 1:colcon.colcon_core.package_discovery:discover_packages(prefix_path) using defaults
[1.313s] Level 5:colcon.colcon_core.verb:set package 'amr_localization' build argument 'cmake_args' from command line to 'None'
[1.313s] Level 5:colcon.colcon_core.verb:set package 'amr_localization' build argument 'cmake_target' from command line to 'None'
[1.313s] Level 5:colcon.colcon_core.verb:set package 'amr_localization' build argument 'cmake_target_skip_unavailable' from command line to 'False'
[1.313s] Level 5:colcon.colcon_core.verb:set package 'amr_localization' build argument 'cmake_clean_cache' from command line to 'False'
[1.314s] Level 5:colcon.colcon_core.verb:set package 'amr_localization' build argument 'cmake_clean_first' from command line to 'False'
[1.314s] Level 5:colcon.colcon_core.verb:set package 'amr_localization' build argument 'cmake_force_configure' from command line to 'False'
[1.314s] Level 5:colcon.colcon_core.verb:set package 'amr_localization' build argument 'ament_cmake_args' from command line to 'None'
[1.314s] Level 5:colcon.colcon_core.verb:set package 'amr_localization' build argument 'catkin_cmake_args' from command line to 'None'
[1.314s] Level 5:colcon.colcon_core.verb:set package 'amr_localization' build argument 'catkin_skip_building_tests' from command line to 'False'
[1.314s] DEBUG:colcon.colcon_core.verb:Building package 'amr_localization' with the following arguments: {'ament_cmake_args': None, 'build_base': '/home/ashraful/HBRS/AMR/AMR_PROJECT/amr-team-bot/build/amr_localization', 'catkin_cmake_args': None, 'catkin_skip_building_tests': False, 'cmake_args': None, 'cmake_clean_cache': False, 'cmake_clean_first': False, 'cmake_force_configure': False, 'cmake_target': None, 'cmake_target_skip_unavailable': False, 'install_base': '/home/ashraful/HBRS/AMR/AMR_PROJECT/amr-team-bot/install/amr_localization', 'merge_install': False, 'path': '/home/ashraful/HBRS/AMR/AMR_PROJECT/amr-team-bot/src/amr_localization', 'symlink_install': True, 'test_result_base': None}
[1.314s] INFO:colcon.colcon_core.executor:Executing jobs using 'parallel' executor
[1.316s] DEBUG:colcon.colcon_parallel_executor.executor.parallel:run_until_complete
[1.317s] INFO:colcon.colcon_ros.task.ament_python.build:Building ROS package in '/home/ashraful/HBRS/AMR/AMR_PROJECT/amr-team-bot/src/amr_localization' with build type 'ament_python'
[1.317s] Level 1:colcon.colcon_core.shell:create_environment_hook('amr_localization', 'ament_prefix_path')
[1.324s] INFO:colcon.colcon_core.plugin_system:Skipping extension 'colcon_core.shell.bat': Not used on non-Windows systems
[1.324s] INFO:colcon.colcon_core.shell:Creating environment hook '/home/ashraful/HBRS/AMR/AMR_PROJECT/amr-team-bot/install/amr_localization/share/amr_localization/hook/ament_prefix_path.ps1'
[1.325s] INFO:colcon.colcon_core.shell:Creating environment descriptor '/home/ashraful/HBRS/AMR/AMR_PROJECT/amr-team-bot/install/amr_localization/share/amr_localization/hook/ament_prefix_path.dsv'
[1.326s] INFO:colcon.colcon_core.shell:Creating environment hook '/home/ashraful/HBRS/AMR/AMR_PROJECT/amr-team-bot/install/amr_localization/share/amr_localization/hook/ament_prefix_path.sh'
[1.328s] INFO:colcon.colcon_core.shell:Skip shell extension 'powershell' for command environment: Not usable outside of PowerShell
[1.328s] DEBUG:colcon.colcon_core.shell:Skip shell extension 'dsv' for command environment
[1.978s] INFO:colcon.colcon_core.task.python.build:Building Python package in '/home/ashraful/HBRS/AMR/AMR_PROJECT/amr-team-bot/src/amr_localization'
[1.979s] INFO:colcon.colcon_core.shell:Skip shell extension 'powershell' for command environment: Not usable outside of PowerShell
[1.979s] DEBUG:colcon.colcon_core.shell:Skip shell extension 'dsv' for command environment
[2.893s] DEBUG:colcon.colcon_core.task.python.build:Available setuptools commands: dist_info, sdist, build_clib, develop, register, install_scripts, test, build_ext, easy_install, build_scripts, rotate, clean, install_egg_info, install_lib, upload_docs, extract_messages, check, bdist_egg, init_catalog, bdist_rpm, setopt, update_catalog, saveopts, install_headers, egg_info, build, compile_catalog, bdist_wheel, symlink_data, build_py, alias, bdist, install, install_data, bdist_dumb, upload
[3.682s] DEBUG:colcon.colcon_core.task.python.build:Available setuptools 'develop' options: --no-user-cfg, --verbose, --help, --dry-run, --uninstall, --zip-ok, --site-dirs, --index-url, --editable, --install-dir, --multi-version, --allow-hosts, --version, --force-installation-into-system-dir, --optimize, --no-deps, --record, --quiet, --user, --always-unzip, --upgrade, --script-dir, --exclude-scripts, --egg-path, --find-links, --always-copy, --prefix, --local-snapshots-ok, --install-layout, --no-find-links, --build-directory
[3.686s] DEBUG:colcon.colcon_core.task.python.build:While undoing a previous installation files outside the Python library path are being ignored: /home/ashraful/HBRS/AMR/AMR_PROJECT/amr-team-bot/install/amr_localization/share/ament_index/resource_index/packages/amr_localization
[3.686s] DEBUG:colcon.colcon_core.task.python.build:While undoing a previous installation files outside the Python library path are being ignored: /home/ashraful/HBRS/AMR/AMR_PROJECT/amr-team-bot/install/amr_localization/share/amr_localization/package.xml
[3.686s] DEBUG:colcon.colcon_core.task.python.build:While undoing a previous installation files outside the Python library path are being ignored: /home/ashraful/HBRS/AMR/AMR_PROJECT/amr-team-bot/install/amr_localization/share/amr_localization/launch/map_server.launch.py
[3.687s] DEBUG:colcon.colcon_core.task.python.build:While undoing a previous installation files outside the Python library path are being ignored: /home/ashraful/HBRS/AMR/AMR_PROJECT/amr-team-bot/install/amr_localization/lib/amr_localization/gg
[3.687s] DEBUG:colcon.colcon_core.task.python.build:While undoing a previous installation files outside the Python library path are being ignored: /home/ashraful/HBRS/AMR/AMR_PROJECT/amr-team-bot/install/amr_localization/lib/amr_localization/ggwp
[3.687s] DEBUG:colcon.colcon_core.task.python.build:While undoing a previous installation files outside the Python library path are being ignored: /home/ashraful/HBRS/AMR/AMR_PROJECT/amr-team-bot/install/amr_localization/lib/amr_localization/lo
[3.687s] DEBUG:colcon.colcon_core.task.python.build:While undoing a previous installation files outside the Python library path are being ignored: /home/ashraful/HBRS/AMR/AMR_PROJECT/amr-team-bot/install/amr_localization/lib/amr_localization/particle_filter_node
[3.696s] DEBUG:colcon.colcon_core.event_handler.log_command:Invoking command in '/home/ashraful/HBRS/AMR/AMR_PROJECT/amr-team-bot/build/amr_localization': PYTHONPATH=/home/ashraful/HBRS/AMR/AMR_PROJECT/amr-team-bot/build/amr_localization/prefix_override:/usr/lib/python3/dist-packages/colcon_core/task/python/colcon_distutils_commands:/home/ashraful/HBRS/AMR/AMR_PROJECT/amr-team-bot/install/amr_localization/lib/python3.10/site-packages:${PYTHONPATH} /usr/bin/python3 -W ignore:setup.py install is deprecated -W ignore:easy_install command is deprecated setup.py develop --editable --build-directory /home/ashraful/HBRS/AMR/AMR_PROJECT/amr-team-bot/build/amr_localization/build --no-deps symlink_data --force
[4.949s] Level 1:colcon.colcon_core.shell:create_environment_hook('amr_localization', 'pythonpath_develop')
[4.950s] INFO:colcon.colcon_core.shell:Creating environment hook '/home/ashraful/HBRS/AMR/AMR_PROJECT/amr-team-bot/build/amr_localization/share/amr_localization/hook/pythonpath_develop.ps1'
[4.951s] DEBUG:colcon.colcon_core.event_handler.log_command:Invoked command in '/home/ashraful/HBRS/AMR/AMR_PROJECT/amr-team-bot/build/amr_localization' returned '0': PYTHONPATH=/home/ashraful/HBRS/AMR/AMR_PROJECT/amr-team-bot/build/amr_localization/prefix_override:/usr/lib/python3/dist-packages/colcon_core/task/python/colcon_distutils_commands:/home/ashraful/HBRS/AMR/AMR_PROJECT/amr-team-bot/install/amr_localization/lib/python3.10/site-packages:${PYTHONPATH} /usr/bin/python3 -W ignore:setup.py install is deprecated -W ignore:easy_install command is deprecated setup.py develop --editable --build-directory /home/ashraful/HBRS/AMR/AMR_PROJECT/amr-team-bot/build/amr_localization/build --no-deps symlink_data --force
[4.952s] INFO:colcon.colcon_core.shell:Creating environment descriptor '/home/ashraful/HBRS/AMR/AMR_PROJECT/amr-team-bot/build/amr_localization/share/amr_localization/hook/pythonpath_develop.dsv'
[4.953s] INFO:colcon.colcon_core.shell:Creating environment hook '/home/ashraful/HBRS/AMR/AMR_PROJECT/amr-team-bot/build/amr_localization/share/amr_localization/hook/pythonpath_develop.sh'
[4.963s] Level 1:colcon.colcon_core.environment:checking '/home/ashraful/HBRS/AMR/AMR_PROJECT/amr-team-bot/install/amr_localization' for CMake module files
[4.964s] Level 1:colcon.colcon_core.environment:checking '/home/ashraful/HBRS/AMR/AMR_PROJECT/amr-team-bot/install/amr_localization' for CMake config files
[4.966s] Level 1:colcon.colcon_core.environment:checking '/home/ashraful/HBRS/AMR/AMR_PROJECT/amr-team-bot/install/amr_localization/lib'
[4.967s] Level 1:colcon.colcon_core.environment:checking '/home/ashraful/HBRS/AMR/AMR_PROJECT/amr-team-bot/install/amr_localization/bin'
[4.967s] Level 1:colcon.colcon_core.environment:checking '/home/ashraful/HBRS/AMR/AMR_PROJECT/amr-team-bot/install/amr_localization/lib/pkgconfig/amr_localization.pc'
[4.968s] Level 1:colcon.colcon_core.environment:checking '/home/ashraful/HBRS/AMR/AMR_PROJECT/amr-team-bot/install/amr_localization/lib/python3.10/site-packages'
[4.968s] Level 1:colcon.colcon_core.shell:create_environment_hook('amr_localization', 'pythonpath')
[4.969s] INFO:colcon.colcon_core.shell:Creating environment hook '/home/ashraful/HBRS/AMR/AMR_PROJECT/amr-team-bot/install/amr_localization/share/amr_localization/hook/pythonpath.ps1'
[4.970s] INFO:colcon.colcon_core.shell:Creating environment descriptor '/home/ashraful/HBRS/AMR/AMR_PROJECT/amr-team-bot/install/amr_localization/share/amr_localization/hook/pythonpath.dsv'
[4.971s] INFO:colcon.colcon_core.shell:Creating environment hook '/home/ashraful/HBRS/AMR/AMR_PROJECT/amr-team-bot/install/amr_localization/share/amr_localization/hook/pythonpath.sh'
[4.973s] Level 1:colcon.colcon_core.environment:checking '/home/ashraful/HBRS/AMR/AMR_PROJECT/amr-team-bot/install/amr_localization/bin'
[4.974s] Level 1:colcon.colcon_core.environment:create_environment_scripts_only(amr_localization)
[4.975s] INFO:colcon.colcon_core.shell:Creating package script '/home/ashraful/HBRS/AMR/AMR_PROJECT/amr-team-bot/install/amr_localization/share/amr_localization/package.ps1'
[4.979s] INFO:colcon.colcon_core.shell:Creating package descriptor '/home/ashraful/HBRS/AMR/AMR_PROJECT/amr-team-bot/install/amr_localization/share/amr_localization/package.dsv'
[4.981s] INFO:colcon.colcon_core.shell:Creating package script '/home/ashraful/HBRS/AMR/AMR_PROJECT/amr-team-bot/install/amr_localization/share/amr_localization/package.sh'
[4.984s] INFO:colcon.colcon_core.shell:Creating package script '/home/ashraful/HBRS/AMR/AMR_PROJECT/amr-team-bot/install/amr_localization/share/amr_localization/package.bash'
[4.986s] INFO:colcon.colcon_core.shell:Creating package script '/home/ashraful/HBRS/AMR/AMR_PROJECT/amr-team-bot/install/amr_localization/share/amr_localization/package.zsh'
[4.988s] Level 1:colcon.colcon_core.environment:create_file_with_runtime_dependencies(/home/ashraful/HBRS/AMR/AMR_PROJECT/amr-team-bot/install/amr_localization/share/colcon-core/packages/amr_localization)
[4.989s] DEBUG:colcon.colcon_parallel_executor.executor.parallel:closing loop
[4.989s] DEBUG:colcon.colcon_parallel_executor.executor.parallel:loop closed
[4.991s] DEBUG:colcon.colcon_parallel_executor.executor.parallel:run_until_complete finished with '0'
[4.991s] DEBUG:colcon.colcon_core.event_reactor:joining thread
[5.011s] INFO:colcon.colcon_core.plugin_system:Skipping extension 'colcon_notification.desktop_notification.terminal_notifier': Not used on non-Darwin systems
[5.012s] INFO:colcon.colcon_core.plugin_system:Skipping extension 'colcon_notification.desktop_notification.win32': Not used on non-Windows systems
[5.012s] INFO:colcon.colcon_notification.desktop_notification:Sending desktop notification using 'notify2'
[5.045s] DEBUG:colcon.colcon_core.event_reactor:joined thread
[5.046s] INFO:colcon.colcon_core.shell:Creating prefix script '/home/ashraful/HBRS/AMR/AMR_PROJECT/amr-team-bot/install/local_setup.ps1'
[5.050s] INFO:colcon.colcon_core.shell:Creating prefix util module '/home/ashraful/HBRS/AMR/AMR_PROJECT/amr-team-bot/install/_local_setup_util_ps1.py'
[5.054s] INFO:colcon.colcon_core.shell:Creating prefix chain script '/home/ashraful/HBRS/AMR/AMR_PROJECT/amr-team-bot/install/setup.ps1'
[5.058s] INFO:colcon.colcon_core.shell:Creating prefix script '/home/ashraful/HBRS/AMR/AMR_PROJECT/amr-team-bot/install/local_setup.sh'
[5.060s] INFO:colcon.colcon_core.shell:Creating prefix util module '/home/ashraful/HBRS/AMR/AMR_PROJECT/amr-team-bot/install/_local_setup_util_sh.py'
[5.061s] INFO:colcon.colcon_core.shell:Creating prefix chain script '/home/ashraful/HBRS/AMR/AMR_PROJECT/amr-team-bot/install/setup.sh'
[5.064s] INFO:colcon.colcon_core.shell:Creating prefix script '/home/ashraful/HBRS/AMR/AMR_PROJECT/amr-team-bot/install/local_setup.bash'
[5.066s] INFO:colcon.colcon_core.shell:Creating prefix chain script '/home/ashraful/HBRS/AMR/AMR_PROJECT/amr-team-bot/install/setup.bash'
[5.069s] INFO:colcon.colcon_core.shell:Creating prefix script '/home/ashraful/HBRS/AMR/AMR_PROJECT/amr-team-bot/install/local_setup.zsh'
[5.070s] INFO:colcon.colcon_core.shell:Creating prefix chain script '/home/ashraful/HBRS/AMR/AMR_PROJECT/amr-team-bot/install/setup.zsh'
