[3.001s] Invoking command in '/home/ashraful/HBRS/AMR/AMR_PROJECT/amr-team-bot/build/particle_localization': PYTHONPATH=/home/ashraful/HBRS/AMR/AMR_PROJECT/amr-team-bot/build/particle_localization/prefix_override:/usr/lib/python3/dist-packages/colcon_core/task/python/colcon_distutils_commands:/home/ashraful/HBRS/AMR/AMR_PROJECT/amr-team-bot/install/particle_localization/lib/python3.10/site-packages:${PYTHONPATH} /usr/bin/python3 -W ignore:setup.py install is deprecated -W ignore:easy_install command is deprecated setup.py develop --editable --build-directory /home/ashraful/HBRS/AMR/AMR_PROJECT/amr-team-bot/build/particle_localization/build --no-deps symlink_data --force
[3.890s] running develop
[4.511s] running egg_info
[4.511s] writing particle_localization.egg-info/PKG-INFO
[4.512s] writing dependency_links to particle_localization.egg-info/dependency_links.txt
[4.513s] writing entry points to particle_localization.egg-info/entry_points.txt
[4.513s] writing requirements to particle_localization.egg-info/requires.txt
[4.513s] writing top-level names to particle_localization.egg-info/top_level.txt
[4.519s] reading manifest file 'particle_localization.egg-info/SOURCES.txt'
[4.521s] writing manifest file 'particle_localization.egg-info/SOURCES.txt'
[4.525s] running build_ext
[4.526s] Creating /home/ashraful/HBRS/AMR/AMR_PROJECT/amr-team-bot/install/particle_localization/lib/python3.10/site-packages/particle-localization.egg-link (link to .)
[4.528s] Installing particle_filter script to /home/ashraful/HBRS/AMR/AMR_PROJECT/amr-team-bot/install/particle_localization/lib/particle_localization
[4.529s] 
[4.529s] Installed /home/ashraful/HBRS/AMR/AMR_PROJECT/amr-team-bot/build/particle_localization
[4.529s] running symlink_data
[4.530s] symbolically linking /home/ashraful/HBRS/AMR/AMR_PROJECT/amr-team-bot/build/particle_localization/resource/particle_localization -> /home/ashraful/HBRS/AMR/AMR_PROJECT/amr-team-bot/install/particle_localization/share/ament_index/resource_index/packages
[4.530s] symbolically linking /home/ashraful/HBRS/AMR/AMR_PROJECT/amr-team-bot/build/particle_localization/package.xml -> /home/ashraful/HBRS/AMR/AMR_PROJECT/amr-team-bot/install/particle_localization/share/particle_localization
[4.530s] symbolically linking /home/ashraful/HBRS/AMR/AMR_PROJECT/amr-team-bot/build/particle_localization/config/particle_filter.yaml -> /home/ashraful/HBRS/AMR/AMR_PROJECT/amr-team-bot/install/particle_localization/share/particle_localization/config
[4.599s] Invoked command in '/home/ashraful/HBRS/AMR/AMR_PROJECT/amr-team-bot/build/particle_localization' returned '0': PYTHONPATH=/home/ashraful/HBRS/AMR/AMR_PROJECT/amr-team-bot/build/particle_localization/prefix_override:/usr/lib/python3/dist-packages/colcon_core/task/python/colcon_distutils_commands:/home/ashraful/HBRS/AMR/AMR_PROJECT/amr-team-bot/install/particle_localization/lib/python3.10/site-packages:${PYTHONPATH} /usr/bin/python3 -W ignore:setup.py install is deprecated -W ignore:easy_install command is deprecated setup.py develop --editable --build-directory /home/ashraful/HBRS/AMR/AMR_PROJECT/amr-team-bot/build/particle_localization/build --no-deps symlink_data --force
