[0.041s] Invoking command in '/home/ashraful/HBRS/AMR/AMR_PROJECT/amr-team-bot/build/robile_description': CMAKE_PREFIX_PATH=${CMAKE_PREFIX_PATH}:/home/ashraful/HBRS/AMR/AMR_PROJECT/amr-team-bot/install/wavefront:/home/ashraful/HBRS/AMR/AMR_PROJECT/amr-team-bot/install/robile_reach_goal:/home/ashraful/HBRS/AMR/AMR_PROJECT/amr-team-bot/install/robile_control_simple:/home/ashraful/HBRS/AMR/AMR_PROJECT/amr-team-bot/install/robile_bringup:/home/ashraful/HBRS/AMR/AMR_PROJECT/amr-team-bot/install/potential:/home/ashraful/HBRS/AMR/AMR_PROJECT/amr-team-bot/install/particle_localization:/home/ashraful/HBRS/AMR/AMR_PROJECT/amr-team-bot/install/amr_localization:/opt/ros/humble /usr/bin/cmake /home/ashraful/HBRS/AMR/AMR_PROJECT/amr-team-bot/src/robile_description -DCMAKE_INSTALL_PREFIX=/home/ashraful/HBRS/AMR/AMR_PROJECT/amr-team-bot/install/robile_description
[0.087s] -- Found ament_cmake: 1.3.14 (/opt/ros/humble/share/ament_cmake/cmake)
[0.474s] -- Override CMake install command with custom implementation using symlinks instead of copying resources
[0.770s] -- Configuring done
[0.780s] -- Generating done
[0.785s] -- Build files have been written to: /home/ashraful/HBRS/AMR/AMR_PROJECT/amr-team-bot/build/robile_description
[0.791s] Invoked command in '/home/ashraful/HBRS/AMR/AMR_PROJECT/amr-team-bot/build/robile_description' returned '0': CMAKE_PREFIX_PATH=${CMAKE_PREFIX_PATH}:/home/ashraful/HBRS/AMR/AMR_PROJECT/amr-team-bot/install/wavefront:/home/ashraful/HBRS/AMR/AMR_PROJECT/amr-team-bot/install/robile_reach_goal:/home/ashraful/HBRS/AMR/AMR_PROJECT/amr-team-bot/install/robile_control_simple:/home/ashraful/HBRS/AMR/AMR_PROJECT/amr-team-bot/install/robile_bringup:/home/ashraful/HBRS/AMR/AMR_PROJECT/amr-team-bot/install/potential:/home/ashraful/HBRS/AMR/AMR_PROJECT/amr-team-bot/install/particle_localization:/home/ashraful/HBRS/AMR/AMR_PROJECT/amr-team-bot/install/amr_localization:/opt/ros/humble /usr/bin/cmake /home/ashraful/HBRS/AMR/AMR_PROJECT/amr-team-bot/src/robile_description -DCMAKE_INSTALL_PREFIX=/home/ashraful/HBRS/AMR/AMR_PROJECT/amr-team-bot/install/robile_description
[0.795s] Invoking command in '/home/ashraful/HBRS/AMR/AMR_PROJECT/amr-team-bot/build/robile_description': CMAKE_PREFIX_PATH=${CMAKE_PREFIX_PATH}:/home/ashraful/HBRS/AMR/AMR_PROJECT/amr-team-bot/install/wavefront:/home/ashraful/HBRS/AMR/AMR_PROJECT/amr-team-bot/install/robile_reach_goal:/home/ashraful/HBRS/AMR/AMR_PROJECT/amr-team-bot/install/robile_control_simple:/home/ashraful/HBRS/AMR/AMR_PROJECT/amr-team-bot/install/robile_bringup:/home/ashraful/HBRS/AMR/AMR_PROJECT/amr-team-bot/install/potential:/home/ashraful/HBRS/AMR/AMR_PROJECT/amr-team-bot/install/particle_localization:/home/ashraful/HBRS/AMR/AMR_PROJECT/amr-team-bot/install/amr_localization:/opt/ros/humble /usr/bin/cmake --build /home/ashraful/HBRS/AMR/AMR_PROJECT/amr-team-bot/build/robile_description -- -j8 -l8
[0.877s] Invoked command in '/home/ashraful/HBRS/AMR/AMR_PROJECT/amr-team-bot/build/robile_description' returned '0': CMAKE_PREFIX_PATH=${CMAKE_PREFIX_PATH}:/home/ashraful/HBRS/AMR/AMR_PROJECT/amr-team-bot/install/wavefront:/home/ashraful/HBRS/AMR/AMR_PROJECT/amr-team-bot/install/robile_reach_goal:/home/ashraful/HBRS/AMR/AMR_PROJECT/amr-team-bot/install/robile_control_simple:/home/ashraful/HBRS/AMR/AMR_PROJECT/amr-team-bot/install/robile_bringup:/home/ashraful/HBRS/AMR/AMR_PROJECT/amr-team-bot/install/potential:/home/ashraful/HBRS/AMR/AMR_PROJECT/amr-team-bot/install/particle_localization:/home/ashraful/HBRS/AMR/AMR_PROJECT/amr-team-bot/install/amr_localization:/opt/ros/humble /usr/bin/cmake --build /home/ashraful/HBRS/AMR/AMR_PROJECT/amr-team-bot/build/robile_description -- -j8 -l8
[0.900s] Invoking command in '/home/ashraful/HBRS/AMR/AMR_PROJECT/amr-team-bot/build/robile_description': CMAKE_PREFIX_PATH=${CMAKE_PREFIX_PATH}:/home/ashraful/HBRS/AMR/AMR_PROJECT/amr-team-bot/install/wavefront:/home/ashraful/HBRS/AMR/AMR_PROJECT/amr-team-bot/install/robile_reach_goal:/home/ashraful/HBRS/AMR/AMR_PROJECT/amr-team-bot/install/robile_control_simple:/home/ashraful/HBRS/AMR/AMR_PROJECT/amr-team-bot/install/robile_bringup:/home/ashraful/HBRS/AMR/AMR_PROJECT/amr-team-bot/install/potential:/home/ashraful/HBRS/AMR/AMR_PROJECT/amr-team-bot/install/particle_localization:/home/ashraful/HBRS/AMR/AMR_PROJECT/amr-team-bot/install/amr_localization:/opt/ros/humble /usr/bin/cmake --install /home/ashraful/HBRS/AMR/AMR_PROJECT/amr-team-bot/build/robile_description
[0.919s] -- Install configuration: ""
[0.920s] -- Execute custom install script
[0.921s] -- Up-to-date symlink: /home/ashraful/HBRS/AMR/AMR_PROJECT/amr-team-bot/install/robile_description/share/robile_description//meshes/kelo_drive/kelo_drive_base.dae
[0.921s] -- Up-to-date symlink: /home/ashraful/HBRS/AMR/AMR_PROJECT/amr-team-bot/install/robile_description/share/robile_description//meshes/kelo_drive/kelo_drive_wheel.dae
[0.922s] -- Up-to-date symlink: /home/ashraful/HBRS/AMR/AMR_PROJECT/amr-team-bot/install/robile_description/share/robile_description//meshes/passive_caster_wheel/pivot.dae
[0.922s] -- Up-to-date symlink: /home/ashraful/HBRS/AMR/AMR_PROJECT/amr-team-bot/install/robile_description/share/robile_description//meshes/passive_caster_wheel/wheel.dae
[0.922s] -- Up-to-date symlink: /home/ashraful/HBRS/AMR/AMR_PROJECT/amr-team-bot/install/robile_description/share/robile_description//meshes/robile_brick_housing/general_brick_housing.dae
[0.923s] -- Up-to-date symlink: /home/ashraful/HBRS/AMR/AMR_PROJECT/amr-team-bot/install/robile_description/share/robile_description//meshes/robile_brick_housing/lid.dae
[0.923s] -- Up-to-date symlink: /home/ashraful/HBRS/AMR/AMR_PROJECT/amr-team-bot/install/robile_description/share/robile_description//meshes/robile_brick_housing/lid_cover_blue.dae
[0.923s] -- Up-to-date symlink: /home/ashraful/HBRS/AMR/AMR_PROJECT/amr-team-bot/install/robile_description/share/robile_description//meshes/robile_brick_housing/lid_cover_green.dae
[0.923s] -- Up-to-date symlink: /home/ashraful/HBRS/AMR/AMR_PROJECT/amr-team-bot/install/robile_description/share/robile_description//meshes/robile_brick_housing/lid_cover_red.dae
[0.924s] -- Up-to-date symlink: /home/ashraful/HBRS/AMR/AMR_PROJECT/amr-team-bot/install/robile_description/share/robile_description//meshes/robile_brick_housing/lid_cover_yellow.dae
[0.924s] -- Up-to-date symlink: /home/ashraful/HBRS/AMR/AMR_PROJECT/amr-team-bot/install/robile_description/share/robile_description//meshes/robile_brick_housing/wheeled_brick_housing.dae
[0.924s] -- Up-to-date symlink: /home/ashraful/HBRS/AMR/AMR_PROJECT/amr-team-bot/install/robile_description/share/robile_description//meshes/sensors/hokuyo.dae
[0.924s] -- Up-to-date symlink: /home/ashraful/HBRS/AMR/AMR_PROJECT/amr-team-bot/install/robile_description/share/robile_description//meshes/sensors/hokuyo_convex.dae
[0.924s] -- Up-to-date symlink: /home/ashraful/HBRS/AMR/AMR_PROJECT/amr-team-bot/install/robile_description/share/robile_description//meshes/sensors/sick-lms1xx.dae
[0.925s] -- Up-to-date symlink: /home/ashraful/HBRS/AMR/AMR_PROJECT/amr-team-bot/install/robile_description/share/robile_description//robots/2_wheel_config.urdf.xacro
[0.925s] -- Up-to-date symlink: /home/ashraful/HBRS/AMR/AMR_PROJECT/amr-team-bot/install/robile_description/share/robile_description//robots/4_wheel_config.urdf.xacro
[0.925s] -- Up-to-date symlink: /home/ashraful/HBRS/AMR/AMR_PROJECT/amr-team-bot/install/robile_description/share/robile_description//robots/6_wheel_config.urdf.xacro
[0.925s] -- Up-to-date symlink: /home/ashraful/HBRS/AMR/AMR_PROJECT/amr-team-bot/install/robile_description/share/robile_description//robots/robile3_config.urdf.xacro
[0.926s] -- Up-to-date symlink: /home/ashraful/HBRS/AMR/AMR_PROJECT/amr-team-bot/install/robile_description/share/robile_description//urdf/base_macros/brick_housing.urdf.xacro
[0.927s] -- Up-to-date symlink: /home/ashraful/HBRS/AMR/AMR_PROJECT/amr-team-bot/install/robile_description/share/robile_description//urdf/base_macros/common.xacro
[0.927s] -- Up-to-date symlink: /home/ashraful/HBRS/AMR/AMR_PROJECT/amr-team-bot/install/robile_description/share/robile_description//urdf/base_macros/kelo_drive.urdf.xacro
[0.927s] -- Up-to-date symlink: /home/ashraful/HBRS/AMR/AMR_PROJECT/amr-team-bot/install/robile_description/share/robile_description//urdf/base_macros/kelo_drive_wheel.urdf.xacro
[0.928s] -- Up-to-date symlink: /home/ashraful/HBRS/AMR/AMR_PROJECT/amr-team-bot/install/robile_description/share/robile_description//urdf/base_macros/materials.urdf.xacro
[0.928s] -- Up-to-date symlink: /home/ashraful/HBRS/AMR/AMR_PROJECT/amr-team-bot/install/robile_description/share/robile_description//urdf/base_macros/passive_caster_wheel.urdf.xacro
[0.928s] -- Up-to-date symlink: /home/ashraful/HBRS/AMR/AMR_PROJECT/amr-team-bot/install/robile_description/share/robile_description//urdf/robile_bricks/robile_active_wheel_brick.urdf.xacro
[0.929s] -- Up-to-date symlink: /home/ashraful/HBRS/AMR/AMR_PROJECT/amr-team-bot/install/robile_description/share/robile_description//urdf/robile_bricks/robile_cpu_brick.urdf.xacro
[0.929s] -- Up-to-date symlink: /home/ashraful/HBRS/AMR/AMR_PROJECT/amr-team-bot/install/robile_description/share/robile_description//urdf/robile_bricks/robile_empty_brick.urdf.xacro
[0.929s] -- Up-to-date symlink: /home/ashraful/HBRS/AMR/AMR_PROJECT/amr-team-bot/install/robile_description/share/robile_description//urdf/robile_bricks/robile_master_battery_brick.urdf.xacro
[0.930s] -- Up-to-date symlink: /home/ashraful/HBRS/AMR/AMR_PROJECT/amr-team-bot/install/robile_description/share/robile_description//urdf/robile_bricks/robile_passive_wheel_brick.urdf.xacro
[0.930s] -- Up-to-date symlink: /home/ashraful/HBRS/AMR/AMR_PROJECT/amr-team-bot/install/robile_description/share/robile_description//urdf/robile_bricks/robile_slave_battery_brick.urdf.xacro
[0.930s] -- Up-to-date symlink: /home/ashraful/HBRS/AMR/AMR_PROJECT/amr-team-bot/install/robile_description/share/robile_description//urdf/sensors/camera_front.gazebo.xacro
[0.931s] -- Up-to-date symlink: /home/ashraful/HBRS/AMR/AMR_PROJECT/amr-team-bot/install/robile_description/share/robile_description//urdf/sensors/camera_front.urdf.xacro
[0.931s] -- Up-to-date symlink: /home/ashraful/HBRS/AMR/AMR_PROJECT/amr-team-bot/install/robile_description/share/robile_description//urdf/sensors/hokuyo_urg04_laser.gazebo.xacro
[0.934s] -- Up-to-date symlink: /home/ashraful/HBRS/AMR/AMR_PROJECT/amr-team-bot/install/robile_description/share/robile_description//urdf/sensors/hokuyo_urg04_laser.urdf.xacro
[0.934s] -- Up-to-date symlink: /home/ashraful/HBRS/AMR/AMR_PROJECT/amr-team-bot/install/robile_description/share/robile_description//urdf/sensors/sick_lms1xx.urdf.xacro
[0.934s] -- Up-to-date symlink: /home/ashraful/HBRS/AMR/AMR_PROJECT/amr-team-bot/install/robile_description/share/robile_description//urdf/sensors/sick_lms1xx_mount.urdf.xacro
[0.935s] -- Up-to-date symlink: /home/ashraful/HBRS/AMR/AMR_PROJECT/amr-team-bot/install/robile_description/share/robile_description//gazebo/gazebo_robile.xacro
[0.936s] -- Up-to-date symlink: /home/ashraful/HBRS/AMR/AMR_PROJECT/amr-team-bot/install/robile_description/share/robile_description//gazebo/gazebo_robile_laser_scanner.xacro
[0.936s] -- Up-to-date symlink: /home/ashraful/HBRS/AMR/AMR_PROJECT/amr-team-bot/install/robile_description/share/robile_description//gazebo/gazebo_robile_laserscanner_camera (copy).xacro
[0.936s] -- Up-to-date symlink: /home/ashraful/HBRS/AMR/AMR_PROJECT/amr-team-bot/install/robile_description/share/robile_description//gazebo/gazebo_robile_laserscanner_camera.xacro
[0.937s] -- Up-to-date symlink: /home/ashraful/HBRS/AMR/AMR_PROJECT/amr-team-bot/install/robile_description/share/robile_description//gazebo/gazebo_ros_control.xacro
[0.937s] -- Up-to-date symlink: /home/ashraful/HBRS/AMR/AMR_PROJECT/amr-team-bot/install/robile_description/share/robile_description//gazebo/gazebo_ros_planar_move.xacro
[0.937s] -- Up-to-date symlink: /home/ashraful/HBRS/AMR/AMR_PROJECT/amr-team-bot/install/robile_description/share/robile_description//gazebo/gg/gazebo_robile.xacro
[0.937s] -- Up-to-date symlink: /home/ashraful/HBRS/AMR/AMR_PROJECT/amr-team-bot/install/robile_description/share/robile_description//gazebo/gg/gazebo_robile_laser_scanner.xacro
[0.938s] -- Up-to-date symlink: /home/ashraful/HBRS/AMR/AMR_PROJECT/amr-team-bot/install/robile_description/share/robile_description//gazebo/gg/gazebo_robile_laserscanner_camera (copy).xacro
[0.938s] -- Up-to-date symlink: /home/ashraful/HBRS/AMR/AMR_PROJECT/amr-team-bot/install/robile_description/share/robile_description//gazebo/gg/gazebo_robile_laserscanner_camera.xacro
[0.942s] -- Up-to-date symlink: /home/ashraful/HBRS/AMR/AMR_PROJECT/amr-team-bot/install/robile_description/share/robile_description//gazebo/gg/gazebo_ros_control.xacro
[0.942s] -- Up-to-date symlink: /home/ashraful/HBRS/AMR/AMR_PROJECT/amr-team-bot/install/robile_description/share/robile_description//gazebo/gg/gazebo_ros_planar_move.xacro
[0.943s] -- Up-to-date symlink: /home/ashraful/HBRS/AMR/AMR_PROJECT/amr-team-bot/install/robile_description/share/ament_index/resource_index/package_run_dependencies/robile_description
[0.943s] -- Up-to-date symlink: /home/ashraful/HBRS/AMR/AMR_PROJECT/amr-team-bot/install/robile_description/share/ament_index/resource_index/parent_prefix_path/robile_description
[0.943s] -- Up-to-date symlink: /home/ashraful/HBRS/AMR/AMR_PROJECT/amr-team-bot/install/robile_description/share/robile_description/environment/ament_prefix_path.sh
[0.943s] -- Up-to-date symlink: /home/ashraful/HBRS/AMR/AMR_PROJECT/amr-team-bot/install/robile_description/share/robile_description/environment/ament_prefix_path.dsv
[0.943s] -- Up-to-date symlink: /home/ashraful/HBRS/AMR/AMR_PROJECT/amr-team-bot/install/robile_description/share/robile_description/environment/path.sh
[0.943s] -- Up-to-date symlink: /home/ashraful/HBRS/AMR/AMR_PROJECT/amr-team-bot/install/robile_description/share/robile_description/environment/path.dsv
[0.944s] -- Up-to-date symlink: /home/ashraful/HBRS/AMR/AMR_PROJECT/amr-team-bot/install/robile_description/share/robile_description/local_setup.bash
[0.945s] -- Up-to-date symlink: /home/ashraful/HBRS/AMR/AMR_PROJECT/amr-team-bot/install/robile_description/share/robile_description/local_setup.sh
[0.945s] -- Up-to-date symlink: /home/ashraful/HBRS/AMR/AMR_PROJECT/amr-team-bot/install/robile_description/share/robile_description/local_setup.zsh
[0.946s] -- Up-to-date symlink: /home/ashraful/HBRS/AMR/AMR_PROJECT/amr-team-bot/install/robile_description/share/robile_description/local_setup.dsv
[0.946s] -- Symlinking: /home/ashraful/HBRS/AMR/AMR_PROJECT/amr-team-bot/install/robile_description/share/robile_description/package.dsv
[0.978s] -- Up-to-date symlink: /home/ashraful/HBRS/AMR/AMR_PROJECT/amr-team-bot/install/robile_description/share/ament_index/resource_index/packages/robile_description
[0.979s] -- Up-to-date symlink: /home/ashraful/HBRS/AMR/AMR_PROJECT/amr-team-bot/install/robile_description/share/robile_description/cmake/robile_descriptionConfig.cmake
[0.979s] -- Up-to-date symlink: /home/ashraful/HBRS/AMR/AMR_PROJECT/amr-team-bot/install/robile_description/share/robile_description/cmake/robile_descriptionConfig-version.cmake
[0.980s] -- Up-to-date symlink: /home/ashraful/HBRS/AMR/AMR_PROJECT/amr-team-bot/install/robile_description/share/robile_description/package.xml
[0.993s] Invoked command in '/home/ashraful/HBRS/AMR/AMR_PROJECT/amr-team-bot/build/robile_description' returned '0': CMAKE_PREFIX_PATH=${CMAKE_PREFIX_PATH}:/home/ashraful/HBRS/AMR/AMR_PROJECT/amr-team-bot/install/wavefront:/home/ashraful/HBRS/AMR/AMR_PROJECT/amr-team-bot/install/robile_reach_goal:/home/ashraful/HBRS/AMR/AMR_PROJECT/amr-team-bot/install/robile_control_simple:/home/ashraful/HBRS/AMR/AMR_PROJECT/amr-team-bot/install/robile_bringup:/home/ashraful/HBRS/AMR/AMR_PROJECT/amr-team-bot/install/potential:/home/ashraful/HBRS/AMR/AMR_PROJECT/amr-team-bot/install/particle_localization:/home/ashraful/HBRS/AMR/AMR_PROJECT/amr-team-bot/install/amr_localization:/opt/ros/humble /usr/bin/cmake --install /home/ashraful/HBRS/AMR/AMR_PROJECT/amr-team-bot/build/robile_description
