running develop
Removing /home/ashraful/HBRS/AMR/AMR_PROJECT/amr-team-bot/install/robile_bringup/lib/python3.10/site-packages/robile-bringup.egg-link (link to .)
running egg_info
writing ../../../build/robile_bringup/robile_bringup.egg-info/PKG-INFO
writing dependency_links to ../../../build/robile_bringup/robile_bringup.egg-info/dependency_links.txt
writing entry points to ../../../build/robile_bringup/robile_bringup.egg-info/entry_points.txt
writing requirements to ../../../build/robile_bringup/robile_bringup.egg-info/requires.txt
writing top-level names to ../../../build/robile_bringup/robile_bringup.egg-info/top_level.txt
reading manifest file '../../../build/robile_bringup/robile_bringup.egg-info/SOURCES.txt'
writing manifest file '../../../build/robile_bringup/robile_bringup.egg-info/SOURCES.txt'
running build
running build_py
creating /home/ashraful/HBRS/AMR/AMR_PROJECT/amr-team-bot/build/robile_bringup/build
creating /home/ashraful/HBRS/AMR/AMR_PROJECT/amr-team-bot/build/robile_bringup/build/lib
creating /home/ashraful/HBRS/AMR/AMR_PROJECT/amr-team-bot/build/robile_bringup/build/lib/robile_bringup
copying robile_bringup/__init__.py -> /home/ashraful/HBRS/AMR/AMR_PROJECT/amr-team-bot/build/robile_bringup/build/lib/robile_bringup
running install
running install_lib
creating /home/ashraful/HBRS/AMR/AMR_PROJECT/amr-team-bot/install/robile_bringup/lib/python3.10/site-packages/robile_bringup
copying /home/ashraful/HBRS/AMR/AMR_PROJECT/amr-team-bot/build/robile_bringup/build/lib/robile_bringup/__init__.py -> /home/ashraful/HBRS/AMR/AMR_PROJECT/amr-team-bot/install/robile_bringup/lib/python3.10/site-packages/robile_bringup
byte-compiling /home/ashraful/HBRS/AMR/AMR_PROJECT/amr-team-bot/install/robile_bringup/lib/python3.10/site-packages/robile_bringup/__init__.py to __init__.cpython-310.pyc
running install_data
copying resource/robile_bringup -> /home/ashraful/HBRS/AMR/AMR_PROJECT/amr-team-bot/install/robile_bringup/share/ament_index/resource_index/packages
copying package.xml -> /home/ashraful/HBRS/AMR/AMR_PROJECT/amr-team-bot/install/robile_bringup/share/robile_bringup
copying launch/robot.launch.py -> /home/ashraful/HBRS/AMR/AMR_PROJECT/amr-team-bot/install/robile_bringup/share/robile_bringup
running install_egg_info
Copying ../../../build/robile_bringup/robile_bringup.egg-info to /home/ashraful/HBRS/AMR/AMR_PROJECT/amr-team-bot/install/robile_bringup/lib/python3.10/site-packages/robile_bringup-0.0.0-py3.10.egg-info
running install_scripts
writing list of installed files to '/home/ashraful/HBRS/AMR/AMR_PROJECT/amr-team-bot/build/robile_bringup/install.log'
