[2.143s] Invoking command in '/home/ashraful/HBRS/AMR/AMR_PROJECT/amr-team-bot/build/particle_localization': PYTHONPATH=/home/ashraful/HBRS/AMR/AMR_PROJECT/amr-team-bot/build/particle_localization/prefix_override:/usr/lib/python3/dist-packages/colcon_core/task/python/colcon_distutils_commands:/home/ashraful/HBRS/AMR/AMR_PROJECT/amr-team-bot/install/particle_localization/lib/python3.10/site-packages:${PYTHONPATH} /usr/bin/python3 -W ignore:setup.py install is deprecated -W ignore:easy_install command is deprecated setup.py develop --editable --build-directory /home/ashraful/HBRS/AMR/AMR_PROJECT/amr-team-bot/build/particle_localization/build --no-deps symlink_data
[2.862s] running develop
[3.322s] running egg_info
[3.322s] creating particle_localization.egg-info
[3.323s] writing particle_localization.egg-info/PKG-INFO
[3.323s] writing dependency_links to particle_localization.egg-info/dependency_links.txt
[3.324s] writing entry points to particle_localization.egg-info/entry_points.txt
[3.324s] writing requirements to particle_localization.egg-info/requires.txt
[3.324s] writing top-level names to particle_localization.egg-info/top_level.txt
[3.324s] writing manifest file 'particle_localization.egg-info/SOURCES.txt'
[3.328s] reading manifest file 'particle_localization.egg-info/SOURCES.txt'
[3.329s] writing manifest file 'particle_localization.egg-info/SOURCES.txt'
[3.332s] running build_ext
[3.332s] Creating /home/ashraful/HBRS/AMR/AMR_PROJECT/amr-team-bot/install/particle_localization/lib/python3.10/site-packages/particle-localization.egg-link (link to .)
[3.334s] Installing particle_filter script to /home/ashraful/HBRS/AMR/AMR_PROJECT/amr-team-bot/install/particle_localization/lib/particle_localization
[3.334s] 
[3.335s] Installed /home/ashraful/HBRS/AMR/AMR_PROJECT/amr-team-bot/build/particle_localization
[3.335s] running symlink_data
[3.335s] creating /home/ashraful/HBRS/AMR/AMR_PROJECT/amr-team-bot/install/particle_localization/share/ament_index
[3.335s] creating /home/ashraful/HBRS/AMR/AMR_PROJECT/amr-team-bot/install/particle_localization/share/ament_index/resource_index
[3.336s] creating /home/ashraful/HBRS/AMR/AMR_PROJECT/amr-team-bot/install/particle_localization/share/ament_index/resource_index/packages
[3.336s] symbolically linking /home/ashraful/HBRS/AMR/AMR_PROJECT/amr-team-bot/build/particle_localization/resource/particle_localization -> /home/ashraful/HBRS/AMR/AMR_PROJECT/amr-team-bot/install/particle_localization/share/ament_index/resource_index/packages
[3.336s] symbolically linking /home/ashraful/HBRS/AMR/AMR_PROJECT/amr-team-bot/build/particle_localization/package.xml -> /home/ashraful/HBRS/AMR/AMR_PROJECT/amr-team-bot/install/particle_localization/share/particle_localization
[3.336s] creating /home/ashraful/HBRS/AMR/AMR_PROJECT/amr-team-bot/install/particle_localization/share/particle_localization/launch
[3.336s] symbolically linking /home/ashraful/HBRS/AMR/AMR_PROJECT/amr-team-bot/build/particle_localization/launch/particle_localization.launch.py -> /home/ashraful/HBRS/AMR/AMR_PROJECT/amr-team-bot/install/particle_localization/share/particle_localization/launch
[3.337s] creating /home/ashraful/HBRS/AMR/AMR_PROJECT/amr-team-bot/install/particle_localization/share/particle_localization/config
[3.337s] symbolically linking /home/ashraful/HBRS/AMR/AMR_PROJECT/amr-team-bot/build/particle_localization/config/particle_filter.yaml -> /home/ashraful/HBRS/AMR/AMR_PROJECT/amr-team-bot/install/particle_localization/share/particle_localization/config
[3.392s] Invoked command in '/home/ashraful/HBRS/AMR/AMR_PROJECT/amr-team-bot/build/particle_localization' returned '0': PYTHONPATH=/home/ashraful/HBRS/AMR/AMR_PROJECT/amr-team-bot/build/particle_localization/prefix_override:/usr/lib/python3/dist-packages/colcon_core/task/python/colcon_distutils_commands:/home/ashraful/HBRS/AMR/AMR_PROJECT/amr-team-bot/install/particle_localization/lib/python3.10/site-packages:${PYTHONPATH} /usr/bin/python3 -W ignore:setup.py install is deprecated -W ignore:easy_install command is deprecated setup.py develop --editable --build-directory /home/ashraful/HBRS/AMR/AMR_PROJECT/amr-team-bot/build/particle_localization/build --no-deps symlink_data
