[0.105s] Invoking command in '/home/ashraful/HBRS/AMR/AMR_PROJECT/amr-team-bot/build/robile_description': CMAKE_PREFIX_PATH=${CMAKE_PREFIX_PATH}:/home/ashraful/HBRS/AMR/AMR_PROJECT/amr-team-bot/install/wavefront:/home/ashraful/HBRS/AMR/AMR_PROJECT/amr-team-bot/install/robile_reach_goal:/home/ashraful/HBRS/AMR/AMR_PROJECT/amr-team-bot/install/robile_control_simple:/home/ashraful/HBRS/AMR/AMR_PROJECT/amr-team-bot/install/robile_bringup:/home/ashraful/HBRS/AMR/AMR_PROJECT/amr-team-bot/install/potential:/home/ashraful/HBRS/AMR/AMR_PROJECT/amr-team-bot/install/particle_localization:/home/ashraful/HBRS/AMR/AMR_PROJECT/amr-team-bot/install/my_explorer:/home/ashraful/HBRS/AMR/AMR_PROJECT/amr-team-bot/install/mcl_particle_filter:/home/ashraful/HBRS/AMR/AMR_PROJECT/amr-team-bot/install/amr_localization:/opt/ros/humble /usr/bin/cmake --build /home/ashraful/HBRS/AMR/AMR_PROJECT/amr-team-bot/build/robile_description -- -j8 -l8
[3.205s] Invoked command in '/home/ashraful/HBRS/AMR/AMR_PROJECT/amr-team-bot/build/robile_description' returned '0': CMAKE_PREFIX_PATH=${CMAKE_PREFIX_PATH}:/home/ashraful/HBRS/AMR/AMR_PROJECT/amr-team-bot/install/wavefront:/home/ashraful/HBRS/AMR/AMR_PROJECT/amr-team-bot/install/robile_reach_goal:/home/ashraful/HBRS/AMR/AMR_PROJECT/amr-team-bot/install/robile_control_simple:/home/ashraful/HBRS/AMR/AMR_PROJECT/amr-team-bot/install/robile_bringup:/home/ashraful/HBRS/AMR/AMR_PROJECT/amr-team-bot/install/potential:/home/ashraful/HBRS/AMR/AMR_PROJECT/amr-team-bot/install/particle_localization:/home/ashraful/HBRS/AMR/AMR_PROJECT/amr-team-bot/install/my_explorer:/home/ashraful/HBRS/AMR/AMR_PROJECT/amr-team-bot/install/mcl_particle_filter:/home/ashraful/HBRS/AMR/AMR_PROJECT/amr-team-bot/install/amr_localization:/opt/ros/humble /usr/bin/cmake --build /home/ashraful/HBRS/AMR/AMR_PROJECT/amr-team-bot/build/robile_description -- -j8 -l8
[3.223s] Invoking command in '/home/ashraful/HBRS/AMR/AMR_PROJECT/amr-team-bot/build/robile_description': CMAKE_PREFIX_PATH=${CMAKE_PREFIX_PATH}:/home/ashraful/HBRS/AMR/AMR_PROJECT/amr-team-bot/install/wavefront:/home/ashraful/HBRS/AMR/AMR_PROJECT/amr-team-bot/install/robile_reach_goal:/home/ashraful/HBRS/AMR/AMR_PROJECT/amr-team-bot/install/robile_control_simple:/home/ashraful/HBRS/AMR/AMR_PROJECT/amr-team-bot/install/robile_bringup:/home/ashraful/HBRS/AMR/AMR_PROJECT/amr-team-bot/install/potential:/home/ashraful/HBRS/AMR/AMR_PROJECT/amr-team-bot/install/particle_localization:/home/ashraful/HBRS/AMR/AMR_PROJECT/amr-team-bot/install/my_explorer:/home/ashraful/HBRS/AMR/AMR_PROJECT/amr-team-bot/install/mcl_particle_filter:/home/ashraful/HBRS/AMR/AMR_PROJECT/amr-team-bot/install/amr_localization:/opt/ros/humble /usr/bin/cmake --install /home/ashraful/HBRS/AMR/AMR_PROJECT/amr-team-bot/build/robile_description
[3.237s] -- Install configuration: ""
[3.239s] -- Execute custom install script
[3.241s] -- Up-to-date symlink: /home/ashraful/HBRS/AMR/AMR_PROJECT/amr-team-bot/install/robile_description/share/robile_description//meshes/kelo_drive/kelo_drive_base.dae
[3.241s] -- Up-to-date symlink: /home/ashraful/HBRS/AMR/AMR_PROJECT/amr-team-bot/install/robile_description/share/robile_description//meshes/kelo_drive/kelo_drive_wheel.dae
[3.242s] -- Up-to-date symlink: /home/ashraful/HBRS/AMR/AMR_PROJECT/amr-team-bot/install/robile_description/share/robile_description//meshes/passive_caster_wheel/pivot.dae
[3.242s] -- Up-to-date symlink: /home/ashraful/HBRS/AMR/AMR_PROJECT/amr-team-bot/install/robile_description/share/robile_description//meshes/passive_caster_wheel/wheel.dae
[3.242s] -- Up-to-date symlink: /home/ashraful/HBRS/AMR/AMR_PROJECT/amr-team-bot/install/robile_description/share/robile_description//meshes/robile_brick_housing/general_brick_housing.dae
[3.242s] -- Up-to-date symlink: /home/ashraful/HBRS/AMR/AMR_PROJECT/amr-team-bot/install/robile_description/share/robile_description//meshes/robile_brick_housing/lid.dae
[3.243s] -- Up-to-date symlink: /home/ashraful/HBRS/AMR/AMR_PROJECT/amr-team-bot/install/robile_description/share/robile_description//meshes/robile_brick_housing/lid_cover_blue.dae
[3.243s] -- Up-to-date symlink: /home/ashraful/HBRS/AMR/AMR_PROJECT/amr-team-bot/install/robile_description/share/robile_description//meshes/robile_brick_housing/lid_cover_green.dae
[3.244s] -- Up-to-date symlink: /home/ashraful/HBRS/AMR/AMR_PROJECT/amr-team-bot/install/robile_description/share/robile_description//meshes/robile_brick_housing/lid_cover_red.dae
[3.244s] -- Up-to-date symlink: /home/ashraful/HBRS/AMR/AMR_PROJECT/amr-team-bot/install/robile_description/share/robile_description//meshes/robile_brick_housing/lid_cover_yellow.dae
[3.244s] -- Up-to-date symlink: /home/ashraful/HBRS/AMR/AMR_PROJECT/amr-team-bot/install/robile_description/share/robile_description//meshes/robile_brick_housing/wheeled_brick_housing.dae
[3.244s] -- Up-to-date symlink: /home/ashraful/HBRS/AMR/AMR_PROJECT/amr-team-bot/install/robile_description/share/robile_description//meshes/sensors/hokuyo.dae
[3.245s] -- Up-to-date symlink: /home/ashraful/HBRS/AMR/AMR_PROJECT/amr-team-bot/install/robile_description/share/robile_description//meshes/sensors/hokuyo_convex.dae
[3.245s] -- Up-to-date symlink: /home/ashraful/HBRS/AMR/AMR_PROJECT/amr-team-bot/install/robile_description/share/robile_description//meshes/sensors/sick-lms1xx.dae
[3.245s] -- Up-to-date symlink: /home/ashraful/HBRS/AMR/AMR_PROJECT/amr-team-bot/install/robile_description/share/robile_description//robots/2_wheel_config.urdf.xacro
[3.246s] -- Up-to-date symlink: /home/ashraful/HBRS/AMR/AMR_PROJECT/amr-team-bot/install/robile_description/share/robile_description//robots/4_wheel_config.urdf.xacro
[3.247s] -- Up-to-date symlink: /home/ashraful/HBRS/AMR/AMR_PROJECT/amr-team-bot/install/robile_description/share/robile_description//robots/6_wheel_config.urdf.xacro
[3.247s] -- Up-to-date symlink: /home/ashraful/HBRS/AMR/AMR_PROJECT/amr-team-bot/install/robile_description/share/robile_description//robots/robile3_config.urdf.xacro
[3.249s] -- Up-to-date symlink: /home/ashraful/HBRS/AMR/AMR_PROJECT/amr-team-bot/install/robile_description/share/robile_description//urdf/base_macros/brick_housing.urdf.xacro
[3.249s] -- Up-to-date symlink: /home/ashraful/HBRS/AMR/AMR_PROJECT/amr-team-bot/install/robile_description/share/robile_description//urdf/base_macros/common.xacro
[3.249s] -- Up-to-date symlink: /home/ashraful/HBRS/AMR/AMR_PROJECT/amr-team-bot/install/robile_description/share/robile_description//urdf/base_macros/kelo_drive.urdf.xacro
[3.250s] -- Up-to-date symlink: /home/ashraful/HBRS/AMR/AMR_PROJECT/amr-team-bot/install/robile_description/share/robile_description//urdf/base_macros/kelo_drive_wheel.urdf.xacro
[3.251s] -- Up-to-date symlink: /home/ashraful/HBRS/AMR/AMR_PROJECT/amr-team-bot/install/robile_description/share/robile_description//urdf/base_macros/materials.urdf.xacro
[3.251s] -- Up-to-date symlink: /home/ashraful/HBRS/AMR/AMR_PROJECT/amr-team-bot/install/robile_description/share/robile_description//urdf/base_macros/passive_caster_wheel.urdf.xacro
[3.252s] -- Up-to-date symlink: /home/ashraful/HBRS/AMR/AMR_PROJECT/amr-team-bot/install/robile_description/share/robile_description//urdf/robile_bricks/robile_active_wheel_brick.urdf.xacro
[3.252s] -- Up-to-date symlink: /home/ashraful/HBRS/AMR/AMR_PROJECT/amr-team-bot/install/robile_description/share/robile_description//urdf/robile_bricks/robile_cpu_brick.urdf.xacro
[3.254s] -- Up-to-date symlink: /home/ashraful/HBRS/AMR/AMR_PROJECT/amr-team-bot/install/robile_description/share/robile_description//urdf/robile_bricks/robile_empty_brick.urdf.xacro
[3.255s] -- Up-to-date symlink: /home/ashraful/HBRS/AMR/AMR_PROJECT/amr-team-bot/install/robile_description/share/robile_description//urdf/robile_bricks/robile_master_battery_brick.urdf.xacro
[3.255s] -- Up-to-date symlink: /home/ashraful/HBRS/AMR/AMR_PROJECT/amr-team-bot/install/robile_description/share/robile_description//urdf/robile_bricks/robile_passive_wheel_brick.urdf.xacro
[3.255s] -- Up-to-date symlink: /home/ashraful/HBRS/AMR/AMR_PROJECT/amr-team-bot/install/robile_description/share/robile_description//urdf/robile_bricks/robile_slave_battery_brick.urdf.xacro
[3.255s] -- Up-to-date symlink: /home/ashraful/HBRS/AMR/AMR_PROJECT/amr-team-bot/install/robile_description/share/robile_description//urdf/sensors/camera_front.gazebo.xacro
[3.257s] -- Up-to-date symlink: /home/ashraful/HBRS/AMR/AMR_PROJECT/amr-team-bot/install/robile_description/share/robile_description//urdf/sensors/camera_front.urdf.xacro
[3.257s] -- Up-to-date symlink: /home/ashraful/HBRS/AMR/AMR_PROJECT/amr-team-bot/install/robile_description/share/robile_description//urdf/sensors/hokuyo_urg04_laser.gazebo.xacro
[3.257s] -- Up-to-date symlink: /home/ashraful/HBRS/AMR/AMR_PROJECT/amr-team-bot/install/robile_description/share/robile_description//urdf/sensors/hokuyo_urg04_laser.urdf.xacro
[3.258s] -- Up-to-date symlink: /home/ashraful/HBRS/AMR/AMR_PROJECT/amr-team-bot/install/robile_description/share/robile_description//urdf/sensors/sick_lms1xx.urdf.xacro
[3.258s] -- Up-to-date symlink: /home/ashraful/HBRS/AMR/AMR_PROJECT/amr-team-bot/install/robile_description/share/robile_description//urdf/sensors/sick_lms1xx_mount.urdf.xacro
[3.258s] -- Up-to-date symlink: /home/ashraful/HBRS/AMR/AMR_PROJECT/amr-team-bot/install/robile_description/share/robile_description//gazebo/gazebo_robile.xacro
[3.259s] -- Up-to-date symlink: /home/ashraful/HBRS/AMR/AMR_PROJECT/amr-team-bot/install/robile_description/share/robile_description//gazebo/gazebo_robile_laser_scanner.xacro
[3.259s] -- Up-to-date symlink: /home/ashraful/HBRS/AMR/AMR_PROJECT/amr-team-bot/install/robile_description/share/robile_description//gazebo/gazebo_robile_laserscanner_camera (copy).xacro
[3.259s] -- Up-to-date symlink: /home/ashraful/HBRS/AMR/AMR_PROJECT/amr-team-bot/install/robile_description/share/robile_description//gazebo/gazebo_robile_laserscanner_camera.xacro
[3.259s] -- Up-to-date symlink: /home/ashraful/HBRS/AMR/AMR_PROJECT/amr-team-bot/install/robile_description/share/robile_description//gazebo/gazebo_ros_control.xacro
[3.261s] -- Up-to-date symlink: /home/ashraful/HBRS/AMR/AMR_PROJECT/amr-team-bot/install/robile_description/share/robile_description//gazebo/gazebo_ros_planar_move.xacro
[3.261s] -- Up-to-date symlink: /home/ashraful/HBRS/AMR/AMR_PROJECT/amr-team-bot/install/robile_description/share/robile_description//gazebo/gg/gazebo_robile.xacro
[3.262s] -- Up-to-date symlink: /home/ashraful/HBRS/AMR/AMR_PROJECT/amr-team-bot/install/robile_description/share/robile_description//gazebo/gg/gazebo_robile_laser_scanner.xacro
[3.262s] -- Up-to-date symlink: /home/ashraful/HBRS/AMR/AMR_PROJECT/amr-team-bot/install/robile_description/share/robile_description//gazebo/gg/gazebo_robile_laserscanner_camera (copy).xacro
[3.262s] -- Up-to-date symlink: /home/ashraful/HBRS/AMR/AMR_PROJECT/amr-team-bot/install/robile_description/share/robile_description//gazebo/gg/gazebo_robile_laserscanner_camera.xacro
[3.262s] -- Up-to-date symlink: /home/ashraful/HBRS/AMR/AMR_PROJECT/amr-team-bot/install/robile_description/share/robile_description//gazebo/gg/gazebo_ros_control.xacro
[3.265s] -- Up-to-date symlink: /home/ashraful/HBRS/AMR/AMR_PROJECT/amr-team-bot/install/robile_description/share/robile_description//gazebo/gg/gazebo_ros_planar_move.xacro
[3.267s] -- Up-to-date symlink: /home/ashraful/HBRS/AMR/AMR_PROJECT/amr-team-bot/install/robile_description/share/ament_index/resource_index/package_run_dependencies/robile_description
[3.267s] -- Up-to-date symlink: /home/ashraful/HBRS/AMR/AMR_PROJECT/amr-team-bot/install/robile_description/share/ament_index/resource_index/parent_prefix_path/robile_description
[3.268s] -- Up-to-date symlink: /home/ashraful/HBRS/AMR/AMR_PROJECT/amr-team-bot/install/robile_description/share/robile_description/environment/ament_prefix_path.sh
[3.268s] -- Up-to-date symlink: /home/ashraful/HBRS/AMR/AMR_PROJECT/amr-team-bot/install/robile_description/share/robile_description/environment/ament_prefix_path.dsv
[3.269s] -- Up-to-date symlink: /home/ashraful/HBRS/AMR/AMR_PROJECT/amr-team-bot/install/robile_description/share/robile_description/environment/path.sh
[3.269s] -- Up-to-date symlink: /home/ashraful/HBRS/AMR/AMR_PROJECT/amr-team-bot/install/robile_description/share/robile_description/environment/path.dsv
[3.288s] -- Up-to-date symlink: /home/ashraful/HBRS/AMR/AMR_PROJECT/amr-team-bot/install/robile_description/share/robile_description/local_setup.bash
[3.295s] -- Up-to-date symlink: /home/ashraful/HBRS/AMR/AMR_PROJECT/amr-team-bot/install/robile_description/share/robile_description/local_setup.sh
[3.296s] -- Up-to-date symlink: /home/ashraful/HBRS/AMR/AMR_PROJECT/amr-team-bot/install/robile_description/share/robile_description/local_setup.zsh
[3.296s] -- Up-to-date symlink: /home/ashraful/HBRS/AMR/AMR_PROJECT/amr-team-bot/install/robile_description/share/robile_description/local_setup.dsv
[3.296s] -- Symlinking: /home/ashraful/HBRS/AMR/AMR_PROJECT/amr-team-bot/install/robile_description/share/robile_description/package.dsv
[3.368s] -- Up-to-date symlink: /home/ashraful/HBRS/AMR/AMR_PROJECT/amr-team-bot/install/robile_description/share/ament_index/resource_index/packages/robile_description
[3.373s] -- Up-to-date symlink: /home/ashraful/HBRS/AMR/AMR_PROJECT/amr-team-bot/install/robile_description/share/robile_description/cmake/robile_descriptionConfig.cmake
[3.376s] -- Up-to-date symlink: /home/ashraful/HBRS/AMR/AMR_PROJECT/amr-team-bot/install/robile_description/share/robile_description/cmake/robile_descriptionConfig-version.cmake
[3.385s] -- Up-to-date symlink: /home/ashraful/HBRS/AMR/AMR_PROJECT/amr-team-bot/install/robile_description/share/robile_description/package.xml
[3.400s] Invoked command in '/home/ashraful/HBRS/AMR/AMR_PROJECT/amr-team-bot/build/robile_description' returned '0': CMAKE_PREFIX_PATH=${CMAKE_PREFIX_PATH}:/home/ashraful/HBRS/AMR/AMR_PROJECT/amr-team-bot/install/wavefront:/home/ashraful/HBRS/AMR/AMR_PROJECT/amr-team-bot/install/robile_reach_goal:/home/ashraful/HBRS/AMR/AMR_PROJECT/amr-team-bot/install/robile_control_simple:/home/ashraful/HBRS/AMR/AMR_PROJECT/amr-team-bot/install/robile_bringup:/home/ashraful/HBRS/AMR/AMR_PROJECT/amr-team-bot/install/potential:/home/ashraful/HBRS/AMR/AMR_PROJECT/amr-team-bot/install/particle_localization:/home/ashraful/HBRS/AMR/AMR_PROJECT/amr-team-bot/install/my_explorer:/home/ashraful/HBRS/AMR/AMR_PROJECT/amr-team-bot/install/mcl_particle_filter:/home/ashraful/HBRS/AMR/AMR_PROJECT/amr-team-bot/install/amr_localization:/opt/ros/humble /usr/bin/cmake --install /home/ashraful/HBRS/AMR/AMR_PROJECT/amr-team-bot/build/robile_description
