[8.090s] Invoking command in '/home/ashraful/HBRS/AMR/AMR_PROJECT/amr-team-bot/build/amr_localization': PYTHONPATH=/home/ashraful/HBRS/AMR/AMR_PROJECT/amr-team-bot/build/amr_localization/prefix_override:/usr/lib/python3/dist-packages/colcon_core/task/python/colcon_distutils_commands:/home/ashraful/HBRS/AMR/AMR_PROJECT/amr-team-bot/install/amr_localization/lib/python3.10/site-packages:${PYTHONPATH} /usr/bin/python3 -W ignore:setup.py install is deprecated -W ignore:easy_install command is deprecated setup.py develop --uninstall --editable --build-directory /home/ashraful/HBRS/AMR/AMR_PROJECT/amr-team-bot/build/amr_localization/build
[10.827s] running develop
[12.237s] Removing /home/ashraful/HBRS/AMR/AMR_PROJECT/amr-team-bot/install/amr_localization/lib/python3.10/site-packages/amr-localization.egg-link (link to .)
[12.518s] Invoked command in '/home/ashraful/HBRS/AMR/AMR_PROJECT/amr-team-bot/build/amr_localization' returned '0': PYTHONPATH=/home/ashraful/HBRS/AMR/AMR_PROJECT/amr-team-bot/build/amr_localization/prefix_override:/usr/lib/python3/dist-packages/colcon_core/task/python/colcon_distutils_commands:/home/ashraful/HBRS/AMR/AMR_PROJECT/amr-team-bot/install/amr_localization/lib/python3.10/site-packages:${PYTHONPATH} /usr/bin/python3 -W ignore:setup.py install is deprecated -W ignore:easy_install command is deprecated setup.py develop --uninstall --editable --build-directory /home/ashraful/HBRS/AMR/AMR_PROJECT/amr-team-bot/build/amr_localization/build
[12.520s] Invoking command in '/home/ashraful/HBRS/AMR/AMR_PROJECT/amr-team-bot/src/amr_localization': PYTHONPATH=/home/ashraful/HBRS/AMR/AMR_PROJECT/amr-team-bot/build/amr_localization/prefix_override:/usr/lib/python3/dist-packages/colcon_core/task/python/colcon_distutils_commands:/home/ashraful/HBRS/AMR/AMR_PROJECT/amr-team-bot/install/amr_localization/lib/python3.10/site-packages:${PYTHONPATH} /usr/bin/python3 -W ignore:setup.py install is deprecated -W ignore:easy_install command is deprecated setup.py egg_info --egg-base ../../build/amr_localization build --build-base /home/ashraful/HBRS/AMR/AMR_PROJECT/amr-team-bot/build/amr_localization/build install --record /home/ashraful/HBRS/AMR/AMR_PROJECT/amr-team-bot/build/amr_localization/install.log --install-scripts $base/lib/amr_localization --single-version-externally-managed install_data --force
[13.654s] running egg_info
[13.656s] writing ../../build/amr_localization/amr_localization.egg-info/PKG-INFO
[13.657s] writing dependency_links to ../../build/amr_localization/amr_localization.egg-info/dependency_links.txt
[13.657s] writing entry points to ../../build/amr_localization/amr_localization.egg-info/entry_points.txt
[13.658s] writing requirements to ../../build/amr_localization/amr_localization.egg-info/requires.txt
[13.658s] writing top-level names to ../../build/amr_localization/amr_localization.egg-info/top_level.txt
[13.662s] reading manifest file '../../build/amr_localization/amr_localization.egg-info/SOURCES.txt'
[13.663s] adding license file 'LICENSE'
[13.664s] writing manifest file '../../build/amr_localization/amr_localization.egg-info/SOURCES.txt'
[13.665s] running build
[13.666s] running build_py
[13.670s] copying amr_localization/ggwp.py -> /home/ashraful/HBRS/AMR/AMR_PROJECT/amr-team-bot/build/amr_localization/build/lib/amr_localization
[13.670s] copying amr_localization/lo.py -> /home/ashraful/HBRS/AMR/AMR_PROJECT/amr-team-bot/build/amr_localization/build/lib/amr_localization
[13.671s] copying amr_localization/particle_filter_node_backup.py -> /home/ashraful/HBRS/AMR/AMR_PROJECT/amr-team-bot/build/amr_localization/build/lib/amr_localization
[13.671s] copying amr_localization/import math.py -> /home/ashraful/HBRS/AMR/AMR_PROJECT/amr-team-bot/build/amr_localization/build/lib/amr_localization
[13.672s] copying amr_localization/particle_filter_node.py -> /home/ashraful/HBRS/AMR/AMR_PROJECT/amr-team-bot/build/amr_localization/build/lib/amr_localization
[13.672s] running install
[13.676s] running install_lib
[13.678s] creating /home/ashraful/HBRS/AMR/AMR_PROJECT/amr-team-bot/install/amr_localization/lib/python3.10/site-packages/amr_localization
[13.679s] copying /home/ashraful/HBRS/AMR/AMR_PROJECT/amr-team-bot/build/amr_localization/build/lib/amr_localization/ggwp.py -> /home/ashraful/HBRS/AMR/AMR_PROJECT/amr-team-bot/install/amr_localization/lib/python3.10/site-packages/amr_localization
[13.679s] copying /home/ashraful/HBRS/AMR/AMR_PROJECT/amr-team-bot/build/amr_localization/build/lib/amr_localization/__init__.py -> /home/ashraful/HBRS/AMR/AMR_PROJECT/amr-team-bot/install/amr_localization/lib/python3.10/site-packages/amr_localization
[13.683s] copying /home/ashraful/HBRS/AMR/AMR_PROJECT/amr-team-bot/build/amr_localization/build/lib/amr_localization/lo.py -> /home/ashraful/HBRS/AMR/AMR_PROJECT/amr-team-bot/install/amr_localization/lib/python3.10/site-packages/amr_localization
[13.685s] copying /home/ashraful/HBRS/AMR/AMR_PROJECT/amr-team-bot/build/amr_localization/build/lib/amr_localization/ggwp copy.py -> /home/ashraful/HBRS/AMR/AMR_PROJECT/amr-team-bot/install/amr_localization/lib/python3.10/site-packages/amr_localization
[13.686s] copying /home/ashraful/HBRS/AMR/AMR_PROJECT/amr-team-bot/build/amr_localization/build/lib/amr_localization/particle_filter_node_backup.py -> /home/ashraful/HBRS/AMR/AMR_PROJECT/amr-team-bot/install/amr_localization/lib/python3.10/site-packages/amr_localization
[13.686s] copying /home/ashraful/HBRS/AMR/AMR_PROJECT/amr-team-bot/build/amr_localization/build/lib/amr_localization/import math.py -> /home/ashraful/HBRS/AMR/AMR_PROJECT/amr-team-bot/install/amr_localization/lib/python3.10/site-packages/amr_localization
[13.686s] copying /home/ashraful/HBRS/AMR/AMR_PROJECT/amr-team-bot/build/amr_localization/build/lib/amr_localization/particle_filter_node.py -> /home/ashraful/HBRS/AMR/AMR_PROJECT/amr-team-bot/install/amr_localization/lib/python3.10/site-packages/amr_localization
[13.686s] copying /home/ashraful/HBRS/AMR/AMR_PROJECT/amr-team-bot/build/amr_localization/build/lib/amr_localization/_2ndggwp.py -> /home/ashraful/HBRS/AMR/AMR_PROJECT/amr-team-bot/install/amr_localization/lib/python3.10/site-packages/amr_localization
[13.686s] byte-compiling /home/ashraful/HBRS/AMR/AMR_PROJECT/amr-team-bot/install/amr_localization/lib/python3.10/site-packages/amr_localization/ggwp.py to ggwp.cpython-310.pyc
[13.765s] byte-compiling /home/ashraful/HBRS/AMR/AMR_PROJECT/amr-team-bot/install/amr_localization/lib/python3.10/site-packages/amr_localization/__init__.py to __init__.cpython-310.pyc
[13.766s] byte-compiling /home/ashraful/HBRS/AMR/AMR_PROJECT/amr-team-bot/install/amr_localization/lib/python3.10/site-packages/amr_localization/lo.py to lo.cpython-310.pyc
[13.787s] byte-compiling /home/ashraful/HBRS/AMR/AMR_PROJECT/amr-team-bot/install/amr_localization/lib/python3.10/site-packages/amr_localization/ggwp copy.py to ggwp copy.cpython-310.pyc
[13.820s] byte-compiling /home/ashraful/HBRS/AMR/AMR_PROJECT/amr-team-bot/install/amr_localization/lib/python3.10/site-packages/amr_localization/particle_filter_node_backup.py to particle_filter_node_backup.cpython-310.pyc
[13.850s] byte-compiling /home/ashraful/HBRS/AMR/AMR_PROJECT/amr-team-bot/install/amr_localization/lib/python3.10/site-packages/amr_localization/import math.py to import math.cpython-310.pyc
[13.909s] byte-compiling /home/ashraful/HBRS/AMR/AMR_PROJECT/amr-team-bot/install/amr_localization/lib/python3.10/site-packages/amr_localization/particle_filter_node.py to particle_filter_node.cpython-310.pyc
[13.945s] byte-compiling /home/ashraful/HBRS/AMR/AMR_PROJECT/amr-team-bot/install/amr_localization/lib/python3.10/site-packages/amr_localization/_2ndggwp.py to _2ndggwp.cpython-310.pyc
[13.966s] running install_data
[13.967s] copying resource/amr_localization -> /home/ashraful/HBRS/AMR/AMR_PROJECT/amr-team-bot/install/amr_localization/share/ament_index/resource_index/packages
[13.969s] copying package.xml -> /home/ashraful/HBRS/AMR/AMR_PROJECT/amr-team-bot/install/amr_localization/share/amr_localization
[13.971s] copying launch/map_server.launch.py -> /home/ashraful/HBRS/AMR/AMR_PROJECT/amr-team-bot/install/amr_localization/share/amr_localization/launch
[13.971s] running install_egg_info
[13.978s] Copying ../../build/amr_localization/amr_localization.egg-info to /home/ashraful/HBRS/AMR/AMR_PROJECT/amr-team-bot/install/amr_localization/lib/python3.10/site-packages/amr_localization-0.0.0-py3.10.egg-info
[13.994s] running install_scripts
[14.123s] Installing gg script to /home/ashraful/HBRS/AMR/AMR_PROJECT/amr-team-bot/install/amr_localization/lib/amr_localization
[14.125s] Installing ggwp script to /home/ashraful/HBRS/AMR/AMR_PROJECT/amr-team-bot/install/amr_localization/lib/amr_localization
[14.125s] Installing lo script to /home/ashraful/HBRS/AMR/AMR_PROJECT/amr-team-bot/install/amr_localization/lib/amr_localization
[14.125s] Installing particle_filter_node script to /home/ashraful/HBRS/AMR/AMR_PROJECT/amr-team-bot/install/amr_localization/lib/amr_localization
[14.125s] writing list of installed files to '/home/ashraful/HBRS/AMR/AMR_PROJECT/amr-team-bot/build/amr_localization/install.log'
[14.591s] Invoked command in '/home/ashraful/HBRS/AMR/AMR_PROJECT/amr-team-bot/src/amr_localization' returned '0': PYTHONPATH=/home/ashraful/HBRS/AMR/AMR_PROJECT/amr-team-bot/build/amr_localization/prefix_override:/usr/lib/python3/dist-packages/colcon_core/task/python/colcon_distutils_commands:/home/ashraful/HBRS/AMR/AMR_PROJECT/amr-team-bot/install/amr_localization/lib/python3.10/site-packages:${PYTHONPATH} /usr/bin/python3 -W ignore:setup.py install is deprecated -W ignore:easy_install command is deprecated setup.py egg_info --egg-base ../../build/amr_localization build --build-base /home/ashraful/HBRS/AMR/AMR_PROJECT/amr-team-bot/build/amr_localization/build install --record /home/ashraful/HBRS/AMR/AMR_PROJECT/amr-team-bot/build/amr_localization/install.log --install-scripts $base/lib/amr_localization --single-version-externally-managed install_data --force
