[2.500s] Invoking command in '/home/ashraful/HBRS/AMR/AMR_PROJECT/amr-team-bot/build/amr_localization': PYTHONPATH=/home/ashraful/HBRS/AMR/AMR_PROJECT/amr-team-bot/build/amr_localization/prefix_override:/usr/lib/python3/dist-packages/colcon_core/task/python/colcon_distutils_commands:/home/ashraful/HBRS/AMR/AMR_PROJECT/amr-team-bot/install/amr_localization/lib/python3.10/site-packages:${PYTHONPATH} /usr/bin/python3 -W ignore:setup.py install is deprecated -W ignore:easy_install command is deprecated setup.py develop --editable --build-directory /home/ashraful/HBRS/AMR/AMR_PROJECT/amr-team-bot/build/amr_localization/build --no-deps symlink_data
[3.226s] running develop
[3.713s] running egg_info
[3.714s] writing amr_localization.egg-info/PKG-INFO
[3.714s] writing dependency_links to amr_localization.egg-info/dependency_links.txt
[3.714s] writing entry points to amr_localization.egg-info/entry_points.txt
[3.715s] writing requirements to amr_localization.egg-info/requires.txt
[3.715s] writing top-level names to amr_localization.egg-info/top_level.txt
[3.719s] reading manifest file 'amr_localization.egg-info/SOURCES.txt'
[3.721s] writing manifest file 'amr_localization.egg-info/SOURCES.txt'
[3.725s] running build_ext
[3.725s] Creating /home/ashraful/HBRS/AMR/AMR_PROJECT/amr-team-bot/install/amr_localization/lib/python3.10/site-packages/amr-localization.egg-link (link to .)
[3.727s] Installing gg script to /home/ashraful/HBRS/AMR/AMR_PROJECT/amr-team-bot/install/amr_localization/lib/amr_localization
[3.728s] Installing ggwp script to /home/ashraful/HBRS/AMR/AMR_PROJECT/amr-team-bot/install/amr_localization/lib/amr_localization
[3.728s] Installing lo script to /home/ashraful/HBRS/AMR/AMR_PROJECT/amr-team-bot/install/amr_localization/lib/amr_localization
[3.728s] Installing particle_filter_node script to /home/ashraful/HBRS/AMR/AMR_PROJECT/amr-team-bot/install/amr_localization/lib/amr_localization
[3.728s] 
[3.729s] Installed /home/ashraful/HBRS/AMR/AMR_PROJECT/amr-team-bot/build/amr_localization
[3.729s] running symlink_data
[3.792s] Invoked command in '/home/ashraful/HBRS/AMR/AMR_PROJECT/amr-team-bot/build/amr_localization' returned '0': PYTHONPATH=/home/ashraful/HBRS/AMR/AMR_PROJECT/amr-team-bot/build/amr_localization/prefix_override:/usr/lib/python3/dist-packages/colcon_core/task/python/colcon_distutils_commands:/home/ashraful/HBRS/AMR/AMR_PROJECT/amr-team-bot/install/amr_localization/lib/python3.10/site-packages:${PYTHONPATH} /usr/bin/python3 -W ignore:setup.py install is deprecated -W ignore:easy_install command is deprecated setup.py develop --editable --build-directory /home/ashraful/HBRS/AMR/AMR_PROJECT/amr-team-bot/build/amr_localization/build --no-deps symlink_data
