running egg_info
creating ../../build/particle_localization/particle_localization.egg-info
writing ../../build/particle_localization/particle_localization.egg-info/PKG-INFO
writing dependency_links to ../../build/particle_localization/particle_localization.egg-info/dependency_links.txt
writing entry points to ../../build/particle_localization/particle_localization.egg-info/entry_points.txt
writing requirements to ../../build/particle_localization/particle_localization.egg-info/requires.txt
writing top-level names to ../../build/particle_localization/particle_localization.egg-info/top_level.txt
writing manifest file '../../build/particle_localization/particle_localization.egg-info/SOURCES.txt'
reading manifest file '../../build/particle_localization/particle_localization.egg-info/SOURCES.txt'
writing manifest file '../../build/particle_localization/particle_localization.egg-info/SOURCES.txt'
running build
running build_py
creating /home/ashraful/HBRS/AMR/AMR_PROJECT/amr-team-bot/build/particle_localization/build
creating /home/ashraful/HBRS/AMR/AMR_PROJECT/amr-team-bot/build/particle_localization/build/lib
creating /home/ashraful/HBRS/AMR/AMR_PROJECT/amr-team-bot/build/particle_localization/build/lib/particle_localization
copying particle_localization/particle_filter.py -> /home/ashraful/HBRS/AMR/AMR_PROJECT/amr-team-bot/build/particle_localization/build/lib/particle_localization
copying particle_localization/__init__.py -> /home/ashraful/HBRS/AMR/AMR_PROJECT/amr-team-bot/build/particle_localization/build/lib/particle_localization
running install
running install_lib
creating /home/ashraful/HBRS/AMR/AMR_PROJECT/amr-team-bot/install/particle_localization/lib/python3.10/site-packages/particle_localization
copying /home/ashraful/HBRS/AMR/AMR_PROJECT/amr-team-bot/build/particle_localization/build/lib/particle_localization/particle_filter.py -> /home/ashraful/HBRS/AMR/AMR_PROJECT/amr-team-bot/install/particle_localization/lib/python3.10/site-packages/particle_localization
copying /home/ashraful/HBRS/AMR/AMR_PROJECT/amr-team-bot/build/particle_localization/build/lib/particle_localization/__init__.py -> /home/ashraful/HBRS/AMR/AMR_PROJECT/amr-team-bot/install/particle_localization/lib/python3.10/site-packages/particle_localization
byte-compiling /home/ashraful/HBRS/AMR/AMR_PROJECT/amr-team-bot/install/particle_localization/lib/python3.10/site-packages/particle_localization/particle_filter.py to particle_filter.cpython-310.pyc
byte-compiling /home/ashraful/HBRS/AMR/AMR_PROJECT/amr-team-bot/install/particle_localization/lib/python3.10/site-packages/particle_localization/__init__.py to __init__.cpython-310.pyc
running install_data
creating /home/ashraful/HBRS/AMR/AMR_PROJECT/amr-team-bot/install/particle_localization/share/ament_index
creating /home/ashraful/HBRS/AMR/AMR_PROJECT/amr-team-bot/install/particle_localization/share/ament_index/resource_index
creating /home/ashraful/HBRS/AMR/AMR_PROJECT/amr-team-bot/install/particle_localization/share/ament_index/resource_index/packages
copying resource/particle_localization -> /home/ashraful/HBRS/AMR/AMR_PROJECT/amr-team-bot/install/particle_localization/share/ament_index/resource_index/packages
copying package.xml -> /home/ashraful/HBRS/AMR/AMR_PROJECT/amr-team-bot/install/particle_localization/share/particle_localization
creating /home/ashraful/HBRS/AMR/AMR_PROJECT/amr-team-bot/install/particle_localization/share/particle_localization/config
copying config/particle_filter.yaml -> /home/ashraful/HBRS/AMR/AMR_PROJECT/amr-team-bot/install/particle_localization/share/particle_localization/config
running install_egg_info
Copying ../../build/particle_localization/particle_localization.egg-info to /home/ashraful/HBRS/AMR/AMR_PROJECT/amr-team-bot/install/particle_localization/lib/python3.10/site-packages/particle_localization-0.0.1-py3.10.egg-info
running install_scripts
Installing particle_filter script to /home/ashraful/HBRS/AMR/AMR_PROJECT/amr-team-bot/install/particle_localization/lib/particle_localization
writing list of installed files to '/home/ashraful/HBRS/AMR/AMR_PROJECT/amr-team-bot/build/particle_localization/install.log'
