[1.510s] Invoking command in '/home/ashraful/HBRS/AMR/AMR_PROJECT/amr-team-bot/src/particle_localization': PYTHONPATH=/home/ashraful/HBRS/AMR/AMR_PROJECT/amr-team-bot/build/particle_localization/prefix_override:/usr/lib/python3/dist-packages/colcon_core/task/python/colcon_distutils_commands:/home/ashraful/HBRS/AMR/AMR_PROJECT/amr-team-bot/install/particle_localization/lib/python3.10/site-packages:${PYTHONPATH} /usr/bin/python3 -W ignore:setup.py install is deprecated -W ignore:easy_install command is deprecated setup.py egg_info --egg-base ../../build/particle_localization build --build-base /home/ashraful/HBRS/AMR/AMR_PROJECT/amr-team-bot/build/particle_localization/build install --record /home/ashraful/HBRS/AMR/AMR_PROJECT/amr-team-bot/build/particle_localization/install.log --install-scripts $base/lib/particle_localization --single-version-externally-managed install_data
[2.078s] running egg_info
[2.079s] creating ../../build/particle_localization/particle_localization.egg-info
[2.080s] writing ../../build/particle_localization/particle_localization.egg-info/PKG-INFO
[2.081s] writing dependency_links to ../../build/particle_localization/particle_localization.egg-info/dependency_links.txt
[2.081s] writing entry points to ../../build/particle_localization/particle_localization.egg-info/entry_points.txt
[2.081s] writing requirements to ../../build/particle_localization/particle_localization.egg-info/requires.txt
[2.081s] writing top-level names to ../../build/particle_localization/particle_localization.egg-info/top_level.txt
[2.082s] writing manifest file '../../build/particle_localization/particle_localization.egg-info/SOURCES.txt'
[2.085s] reading manifest file '../../build/particle_localization/particle_localization.egg-info/SOURCES.txt'
[2.087s] writing manifest file '../../build/particle_localization/particle_localization.egg-info/SOURCES.txt'
[2.087s] running build
[2.088s] running build_py
[2.088s] creating /home/ashraful/HBRS/AMR/AMR_PROJECT/amr-team-bot/build/particle_localization/build
[2.088s] creating /home/ashraful/HBRS/AMR/AMR_PROJECT/amr-team-bot/build/particle_localization/build/lib
[2.088s] creating /home/ashraful/HBRS/AMR/AMR_PROJECT/amr-team-bot/build/particle_localization/build/lib/particle_localization
[2.089s] copying particle_localization/particle_filter.py -> /home/ashraful/HBRS/AMR/AMR_PROJECT/amr-team-bot/build/particle_localization/build/lib/particle_localization
[2.089s] copying particle_localization/__init__.py -> /home/ashraful/HBRS/AMR/AMR_PROJECT/amr-team-bot/build/particle_localization/build/lib/particle_localization
[2.089s] running install
[2.090s] running install_lib
[2.092s] creating /home/ashraful/HBRS/AMR/AMR_PROJECT/amr-team-bot/install/particle_localization/lib/python3.10/site-packages/particle_localization
[2.092s] copying /home/ashraful/HBRS/AMR/AMR_PROJECT/amr-team-bot/build/particle_localization/build/lib/particle_localization/particle_filter.py -> /home/ashraful/HBRS/AMR/AMR_PROJECT/amr-team-bot/install/particle_localization/lib/python3.10/site-packages/particle_localization
[2.092s] copying /home/ashraful/HBRS/AMR/AMR_PROJECT/amr-team-bot/build/particle_localization/build/lib/particle_localization/__init__.py -> /home/ashraful/HBRS/AMR/AMR_PROJECT/amr-team-bot/install/particle_localization/lib/python3.10/site-packages/particle_localization
[2.094s] byte-compiling /home/ashraful/HBRS/AMR/AMR_PROJECT/amr-team-bot/install/particle_localization/lib/python3.10/site-packages/particle_localization/particle_filter.py to particle_filter.cpython-310.pyc
[2.103s] byte-compiling /home/ashraful/HBRS/AMR/AMR_PROJECT/amr-team-bot/install/particle_localization/lib/python3.10/site-packages/particle_localization/__init__.py to __init__.cpython-310.pyc
[2.103s] running install_data
[2.103s] creating /home/ashraful/HBRS/AMR/AMR_PROJECT/amr-team-bot/install/particle_localization/share/ament_index
[2.104s] creating /home/ashraful/HBRS/AMR/AMR_PROJECT/amr-team-bot/install/particle_localization/share/ament_index/resource_index
[2.104s] creating /home/ashraful/HBRS/AMR/AMR_PROJECT/amr-team-bot/install/particle_localization/share/ament_index/resource_index/packages
[2.104s] copying resource/particle_localization -> /home/ashraful/HBRS/AMR/AMR_PROJECT/amr-team-bot/install/particle_localization/share/ament_index/resource_index/packages
[2.105s] copying package.xml -> /home/ashraful/HBRS/AMR/AMR_PROJECT/amr-team-bot/install/particle_localization/share/particle_localization
[2.105s] creating /home/ashraful/HBRS/AMR/AMR_PROJECT/amr-team-bot/install/particle_localization/share/particle_localization/config
[2.105s] copying config/particle_filter.yaml -> /home/ashraful/HBRS/AMR/AMR_PROJECT/amr-team-bot/install/particle_localization/share/particle_localization/config
[2.105s] running install_egg_info
[2.109s] Copying ../../build/particle_localization/particle_localization.egg-info to /home/ashraful/HBRS/AMR/AMR_PROJECT/amr-team-bot/install/particle_localization/lib/python3.10/site-packages/particle_localization-0.0.1-py3.10.egg-info
[2.110s] running install_scripts
[2.158s] Installing particle_filter script to /home/ashraful/HBRS/AMR/AMR_PROJECT/amr-team-bot/install/particle_localization/lib/particle_localization
[2.159s] writing list of installed files to '/home/ashraful/HBRS/AMR/AMR_PROJECT/amr-team-bot/build/particle_localization/install.log'
[2.203s] Invoked command in '/home/ashraful/HBRS/AMR/AMR_PROJECT/amr-team-bot/src/particle_localization' returned '0': PYTHONPATH=/home/ashraful/HBRS/AMR/AMR_PROJECT/amr-team-bot/build/particle_localization/prefix_override:/usr/lib/python3/dist-packages/colcon_core/task/python/colcon_distutils_commands:/home/ashraful/HBRS/AMR/AMR_PROJECT/amr-team-bot/install/particle_localization/lib/python3.10/site-packages:${PYTHONPATH} /usr/bin/python3 -W ignore:setup.py install is deprecated -W ignore:easy_install command is deprecated setup.py egg_info --egg-base ../../build/particle_localization build --build-base /home/ashraful/HBRS/AMR/AMR_PROJECT/amr-team-bot/build/particle_localization/build install --record /home/ashraful/HBRS/AMR/AMR_PROJECT/amr-team-bot/build/particle_localization/install.log --install-scripts $base/lib/particle_localization --single-version-externally-managed install_data
