[1.915s] Invoking command in '/home/ashraful/HBRS/AMR/AMR_PROJECT/amr-team-bot/build/particle_localization': PYTHONPATH=/home/ashraful/HBRS/AMR/AMR_PROJECT/amr-team-bot/build/particle_localization/prefix_override:/usr/lib/python3/dist-packages/colcon_core/task/python/colcon_distutils_commands:/home/ashraful/HBRS/AMR/AMR_PROJECT/amr-team-bot/install/particle_localization/lib/python3.10/site-packages:${PYTHONPATH} /usr/bin/python3 -W ignore:setup.py install is deprecated -W ignore:easy_install command is deprecated setup.py develop --uninstall --editable --build-directory /home/ashraful/HBRS/AMR/AMR_PROJECT/amr-team-bot/build/particle_localization/build
[2.720s] running develop
[3.275s] Removing /home/ashraful/HBRS/AMR/AMR_PROJECT/amr-team-bot/install/particle_localization/lib/python3.10/site-packages/particle-localization.egg-link (link to .)
[3.338s] Invoked command in '/home/ashraful/HBRS/AMR/AMR_PROJECT/amr-team-bot/build/particle_localization' returned '0': PYTHONPATH=/home/ashraful/HBRS/AMR/AMR_PROJECT/amr-team-bot/build/particle_localization/prefix_override:/usr/lib/python3/dist-packages/colcon_core/task/python/colcon_distutils_commands:/home/ashraful/HBRS/AMR/AMR_PROJECT/amr-team-bot/install/particle_localization/lib/python3.10/site-packages:${PYTHONPATH} /usr/bin/python3 -W ignore:setup.py install is deprecated -W ignore:easy_install command is deprecated setup.py develop --uninstall --editable --build-directory /home/ashraful/HBRS/AMR/AMR_PROJECT/amr-team-bot/build/particle_localization/build
[3.343s] Invoking command in '/home/ashraful/HBRS/AMR/AMR_PROJECT/amr-team-bot/src/particle_localization': PYTHONPATH=/home/ashraful/HBRS/AMR/AMR_PROJECT/amr-team-bot/build/particle_localization/prefix_override:/usr/lib/python3/dist-packages/colcon_core/task/python/colcon_distutils_commands:/home/ashraful/HBRS/AMR/AMR_PROJECT/amr-team-bot/install/particle_localization/lib/python3.10/site-packages:${PYTHONPATH} /usr/bin/python3 -W ignore:setup.py install is deprecated -W ignore:easy_install command is deprecated setup.py egg_info --egg-base ../../build/particle_localization build --build-base /home/ashraful/HBRS/AMR/AMR_PROJECT/amr-team-bot/build/particle_localization/build install --record /home/ashraful/HBRS/AMR/AMR_PROJECT/amr-team-bot/build/particle_localization/install.log --install-scripts $base/lib/particle_localization --single-version-externally-managed install_data --force
[4.036s] running egg_info
[4.039s] writing ../../build/particle_localization/particle_localization.egg-info/PKG-INFO
[4.039s] writing dependency_links to ../../build/particle_localization/particle_localization.egg-info/dependency_links.txt
[4.039s] writing entry points to ../../build/particle_localization/particle_localization.egg-info/entry_points.txt
[4.040s] writing requirements to ../../build/particle_localization/particle_localization.egg-info/requires.txt
[4.040s] writing top-level names to ../../build/particle_localization/particle_localization.egg-info/top_level.txt
[4.045s] reading manifest file '../../build/particle_localization/particle_localization.egg-info/SOURCES.txt'
[4.047s] writing manifest file '../../build/particle_localization/particle_localization.egg-info/SOURCES.txt'
[4.048s] running build
[4.048s] running build_py
[4.048s] creating /home/ashraful/HBRS/AMR/AMR_PROJECT/amr-team-bot/build/particle_localization/build
[4.048s] creating /home/ashraful/HBRS/AMR/AMR_PROJECT/amr-team-bot/build/particle_localization/build/lib
[4.048s] creating /home/ashraful/HBRS/AMR/AMR_PROJECT/amr-team-bot/build/particle_localization/build/lib/particle_localization
[4.049s] copying particle_localization/particle_filter.py -> /home/ashraful/HBRS/AMR/AMR_PROJECT/amr-team-bot/build/particle_localization/build/lib/particle_localization
[4.049s] copying particle_localization/__init__.py -> /home/ashraful/HBRS/AMR/AMR_PROJECT/amr-team-bot/build/particle_localization/build/lib/particle_localization
[4.049s] running install
[4.050s] running install_lib
[4.052s] creating /home/ashraful/HBRS/AMR/AMR_PROJECT/amr-team-bot/install/particle_localization/lib/python3.10/site-packages/particle_localization
[4.052s] copying /home/ashraful/HBRS/AMR/AMR_PROJECT/amr-team-bot/build/particle_localization/build/lib/particle_localization/particle_filter.py -> /home/ashraful/HBRS/AMR/AMR_PROJECT/amr-team-bot/install/particle_localization/lib/python3.10/site-packages/particle_localization
[4.053s] copying /home/ashraful/HBRS/AMR/AMR_PROJECT/amr-team-bot/build/particle_localization/build/lib/particle_localization/__init__.py -> /home/ashraful/HBRS/AMR/AMR_PROJECT/amr-team-bot/install/particle_localization/lib/python3.10/site-packages/particle_localization
[4.054s] byte-compiling /home/ashraful/HBRS/AMR/AMR_PROJECT/amr-team-bot/install/particle_localization/lib/python3.10/site-packages/particle_localization/particle_filter.py to particle_filter.cpython-310.pyc
[4.069s] byte-compiling /home/ashraful/HBRS/AMR/AMR_PROJECT/amr-team-bot/install/particle_localization/lib/python3.10/site-packages/particle_localization/__init__.py to __init__.cpython-310.pyc
[4.070s] running install_data
[4.070s] copying resource/particle_localization -> /home/ashraful/HBRS/AMR/AMR_PROJECT/amr-team-bot/install/particle_localization/share/ament_index/resource_index/packages
[4.070s] copying package.xml -> /home/ashraful/HBRS/AMR/AMR_PROJECT/amr-team-bot/install/particle_localization/share/particle_localization
[4.071s] copying config/particle_filter.yaml -> /home/ashraful/HBRS/AMR/AMR_PROJECT/amr-team-bot/install/particle_localization/share/particle_localization/config
[4.071s] running install_egg_info
[4.077s] Copying ../../build/particle_localization/particle_localization.egg-info to /home/ashraful/HBRS/AMR/AMR_PROJECT/amr-team-bot/install/particle_localization/lib/python3.10/site-packages/particle_localization-0.0.1-py3.10.egg-info
[4.080s] running install_scripts
[4.136s] Installing particle_filter script to /home/ashraful/HBRS/AMR/AMR_PROJECT/amr-team-bot/install/particle_localization/lib/particle_localization
[4.137s] writing list of installed files to '/home/ashraful/HBRS/AMR/AMR_PROJECT/amr-team-bot/build/particle_localization/install.log'
[4.200s] Invoked command in '/home/ashraful/HBRS/AMR/AMR_PROJECT/amr-team-bot/src/particle_localization' returned '0': PYTHONPATH=/home/ashraful/HBRS/AMR/AMR_PROJECT/amr-team-bot/build/particle_localization/prefix_override:/usr/lib/python3/dist-packages/colcon_core/task/python/colcon_distutils_commands:/home/ashraful/HBRS/AMR/AMR_PROJECT/amr-team-bot/install/particle_localization/lib/python3.10/site-packages:${PYTHONPATH} /usr/bin/python3 -W ignore:setup.py install is deprecated -W ignore:easy_install command is deprecated setup.py egg_info --egg-base ../../build/particle_localization build --build-base /home/ashraful/HBRS/AMR/AMR_PROJECT/amr-team-bot/build/particle_localization/build install --record /home/ashraful/HBRS/AMR/AMR_PROJECT/amr-team-bot/build/particle_localization/install.log --install-scripts $base/lib/particle_localization --single-version-externally-managed install_data --force
