[0.114s] Invoking command in '/home/ashraful/HBRS/AMR/AMR_PROJECT/amr-team-bot/build/robile_navigation': AMENT_PREFIX_PATH=/home/ashraful/HBRS/AMR/AMR_PROJECT/amr-team-bot/install/robile_interfaces:${AMENT_PREFIX_PATH} CMAKE_PREFIX_PATH=/home/ashraful/HBRS/AMR/AMR_PROJECT/amr-team-bot/install/robile_interfaces LD_LIBRARY_PATH=/home/ashraful/HBRS/AMR/AMR_PROJECT/amr-team-bot/install/robile_interfaces/lib:${LD_LIBRARY_PATH} PYTHONPATH=/home/ashraful/HBRS/AMR/AMR_PROJECT/amr-team-bot/install/robile_interfaces/local/lib/python3.10/dist-packages:${PYTHONPATH} /usr/bin/cmake /home/ashraful/HBRS/AMR/AMR_PROJECT/amr-team-bot/src/robile_navigation -DCMAKE_INSTALL_PREFIX=/home/ashraful/HBRS/AMR/AMR_PROJECT/amr-team-bot/install/robile_navigation
[0.125s] -- Found ament_cmake: 1.3.14 (/opt/ros/humble/share/ament_cmake/cmake)
[0.540s] -- Override CMake install command with custom implementation using symlinks instead of copying resources
[0.577s] -- Found rclcpp: 16.0.19 (/opt/ros/humble/share/rclcpp/cmake)
[0.720s] -- Found rosidl_generator_c: 3.1.9 (/opt/ros/humble/share/rosidl_generator_c/cmake)
[0.726s] -- Found rosidl_adapter: 3.1.9 (/opt/ros/humble/share/rosidl_adapter/cmake)
[0.749s] -- Found rosidl_generator_cpp: 3.1.9 (/opt/ros/humble/share/rosidl_generator_cpp/cmake)
[0.797s] -- Using all available rosidl_typesupport_c: rosidl_typesupport_fastrtps_c;rosidl_typesupport_introspection_c
[0.841s] -- Using all available rosidl_typesupport_cpp: rosidl_typesupport_fastrtps_cpp;rosidl_typesupport_introspection_cpp
[1.048s] -- Found rmw_implementation_cmake: 6.1.3 (/opt/ros/humble/share/rmw_implementation_cmake/cmake)
[1.078s] -- Found rmw_fastrtps_cpp: 6.2.10 (/opt/ros/humble/share/rmw_fastrtps_cpp/cmake)
[1.514s] -- Using RMW implementation 'rmw_fastrtps_cpp' as default
[1.712s] -- Found rclpy: 3.3.21 (/opt/ros/humble/share/rclpy/cmake)
[1.713s] -- Found nav_msgs: 4.9.2 (/opt/ros/humble/share/nav_msgs/cmake)
[1.817s] -- Found robile_interfaces: 0.0.0 (/home/ashraful/HBRS/AMR/AMR_PROJECT/amr-team-bot/install/robile_interfaces/share/robile_interfaces/cmake)
[1.880s] -- Found ament_lint_auto: 0.12.15 (/opt/ros/humble/share/ament_lint_auto/cmake)
[2.090s] Error parsing '/home/ashraful/HBRS/AMR/AMR_PROJECT/amr-team-bot/src/robile_navigation/package.xml':
[2.189s] Traceback (most recent call last):
[2.189s]   File "/opt/ros/humble/share/ament_cmake_core/cmake/core/package_xml_2_cmake.py", line 150, in <module>
[2.190s]     main()
[2.190s]   File "/opt/ros/humble/share/ament_cmake_core/cmake/core/package_xml_2_cmake.py", line 53, in main
[2.190s]     raise e
[2.190s]   File "/opt/ros/humble/share/ament_cmake_core/cmake/core/package_xml_2_cmake.py", line 49, in main
[2.190s]     package = parse_package_string(
[2.191s]   File "/usr/lib/python3/dist-packages/catkin_pkg/package.py", line 786, in parse_package_string
[2.191s]     raise InvalidPackage('Error(s):%s' % (''.join(['\n- %s' % e for e in errors])), filename)
[2.191s] catkin_pkg.package.InvalidPackage: Error(s) in package '/home/ashraful/HBRS/AMR/AMR_PROJECT/amr-team-bot/src/robile_navigation/package.xml':
[2.191s] Error(s):
[2.192s] - The generic dependency on 'rclpy' is redundant with: build_depend, build_export_depend, exec_depend
[2.192s] - The generic dependency on 'sensor_msgs' is redundant with: exec_depend
[2.192s] - The generic dependency on 'geometry_msgs' is redundant with: exec_depend
[2.228s] [31mCMake Error at /opt/ros/humble/share/ament_cmake_core/cmake/core/ament_package_xml.cmake:95 (message):
[2.228s]   execute_process(/usr/bin/python3
[2.228s]   /opt/ros/humble/share/ament_cmake_core/cmake/core/package_xml_2_cmake.py
[2.228s]   /home/ashraful/HBRS/AMR/AMR_PROJECT/amr-team-bot/src/robile_navigation/package.xml
[2.228s]   /home/ashraful/HBRS/AMR/AMR_PROJECT/amr-team-bot/build/robile_navigation/ament_cmake_core/package.cmake)
[2.228s]   returned error code 1
[2.229s] Call Stack (most recent call first):
[2.229s]   /opt/ros/humble/share/ament_cmake_core/cmake/core/ament_package_xml.cmake:49 (_ament_package_xml)
[2.229s]   /opt/ros/humble/share/ament_lint_auto/cmake/ament_lint_auto_find_test_dependencies.cmake:31 (ament_package_xml)
[2.229s]   CMakeLists.txt:25 (ament_lint_auto_find_test_dependencies)
[2.229s] 
[2.229s] [0m
[2.230s] -- Configuring incomplete, errors occurred!
[2.230s] See also "/home/ashraful/HBRS/AMR/AMR_PROJECT/amr-team-bot/build/robile_navigation/CMakeFiles/CMakeOutput.log".
[2.244s] Invoked command in '/home/ashraful/HBRS/AMR/AMR_PROJECT/amr-team-bot/build/robile_navigation' returned '1': AMENT_PREFIX_PATH=/home/ashraful/HBRS/AMR/AMR_PROJECT/amr-team-bot/install/robile_interfaces:${AMENT_PREFIX_PATH} CMAKE_PREFIX_PATH=/home/ashraful/HBRS/AMR/AMR_PROJECT/amr-team-bot/install/robile_interfaces LD_LIBRARY_PATH=/home/ashraful/HBRS/AMR/AMR_PROJECT/amr-team-bot/install/robile_interfaces/lib:${LD_LIBRARY_PATH} PYTHONPATH=/home/ashraful/HBRS/AMR/AMR_PROJECT/amr-team-bot/install/robile_interfaces/local/lib/python3.10/dist-packages:${PYTHONPATH} /usr/bin/cmake /home/ashraful/HBRS/AMR/AMR_PROJECT/amr-team-bot/src/robile_navigation -DCMAKE_INSTALL_PREFIX=/home/ashraful/HBRS/AMR/AMR_PROJECT/amr-team-bot/install/robile_navigation
