[2.740s] Invoking command in '/home/ashraful/HBRS/AMR/AMR_PROJECT/amr-team-bot/build/amr_localization': PYTHONPATH=/home/ashraful/HBRS/AMR/AMR_PROJECT/amr-team-bot/build/amr_localization/prefix_override:/usr/lib/python3/dist-packages/colcon_core/task/python/colcon_distutils_commands:/home/ashraful/HBRS/AMR/AMR_PROJECT/amr-team-bot/install/amr_localization/lib/python3.10/site-packages:${PYTHONPATH} /usr/bin/python3 -W ignore:setup.py install is deprecated -W ignore:easy_install command is deprecated setup.py develop --editable --build-directory /home/ashraful/HBRS/AMR/AMR_PROJECT/amr-team-bot/build/amr_localization/build --no-deps symlink_data
[3.522s] running develop
[4.133s] running egg_info
[4.134s] writing amr_localization.egg-info/PKG-INFO
[4.134s] writing dependency_links to amr_localization.egg-info/dependency_links.txt
[4.135s] writing entry points to amr_localization.egg-info/entry_points.txt
[4.135s] writing requirements to amr_localization.egg-info/requires.txt
[4.135s] writing top-level names to amr_localization.egg-info/top_level.txt
[4.141s] reading manifest file 'amr_localization.egg-info/SOURCES.txt'
[4.143s] writing manifest file 'amr_localization.egg-info/SOURCES.txt'
[4.147s] running build_ext
[4.147s] Creating /home/ashraful/HBRS/AMR/AMR_PROJECT/amr-team-bot/install/amr_localization/lib/python3.10/site-packages/amr-localization.egg-link (link to .)
[4.149s] Installing gg script to /home/ashraful/HBRS/AMR/AMR_PROJECT/amr-team-bot/install/amr_localization/lib/amr_localization
[4.150s] Installing ggwp script to /home/ashraful/HBRS/AMR/AMR_PROJECT/amr-team-bot/install/amr_localization/lib/amr_localization
[4.150s] Installing lo script to /home/ashraful/HBRS/AMR/AMR_PROJECT/amr-team-bot/install/amr_localization/lib/amr_localization
[4.151s] Installing particle_filter_node script to /home/ashraful/HBRS/AMR/AMR_PROJECT/amr-team-bot/install/amr_localization/lib/amr_localization
[4.151s] 
[4.152s] Installed /home/ashraful/HBRS/AMR/AMR_PROJECT/amr-team-bot/build/amr_localization
[4.152s] running symlink_data
[4.220s] Invoked command in '/home/ashraful/HBRS/AMR/AMR_PROJECT/amr-team-bot/build/amr_localization' returned '0': PYTHONPATH=/home/ashraful/HBRS/AMR/AMR_PROJECT/amr-team-bot/build/amr_localization/prefix_override:/usr/lib/python3/dist-packages/colcon_core/task/python/colcon_distutils_commands:/home/ashraful/HBRS/AMR/AMR_PROJECT/amr-team-bot/install/amr_localization/lib/python3.10/site-packages:${PYTHONPATH} /usr/bin/python3 -W ignore:setup.py install is deprecated -W ignore:easy_install command is deprecated setup.py develop --editable --build-directory /home/ashraful/HBRS/AMR/AMR_PROJECT/amr-team-bot/build/amr_localization/build --no-deps symlink_data
