[11.136s] Invoking command in '/home/ashraful/HBRS/AMR/AMR_PROJECT/amr-team-bot/build/potential': PYTHONPATH=/home/ashraful/HBRS/AMR/AMR_PROJECT/amr-team-bot/build/potential/prefix_override:/usr/lib/python3/dist-packages/colcon_core/task/python/colcon_distutils_commands:/home/ashraful/HBRS/AMR/AMR_PROJECT/amr-team-bot/install/potential/lib/python3.10/site-packages:${PYTHONPATH} /usr/bin/python3 -W ignore:setup.py install is deprecated -W ignore:easy_install command is deprecated setup.py develop --uninstall --editable --build-directory /home/ashraful/HBRS/AMR/AMR_PROJECT/amr-team-bot/build/potential/build
[13.445s] running develop
[14.802s] Removing /home/ashraful/HBRS/AMR/AMR_PROJECT/amr-team-bot/install/potential/lib/python3.10/site-packages/potential.egg-link (link to .)
[15.854s] Invoked command in '/home/ashraful/HBRS/AMR/AMR_PROJECT/amr-team-bot/build/potential' returned '0': PYTHONPATH=/home/ashraful/HBRS/AMR/AMR_PROJECT/amr-team-bot/build/potential/prefix_override:/usr/lib/python3/dist-packages/colcon_core/task/python/colcon_distutils_commands:/home/ashraful/HBRS/AMR/AMR_PROJECT/amr-team-bot/install/potential/lib/python3.10/site-packages:${PYTHONPATH} /usr/bin/python3 -W ignore:setup.py install is deprecated -W ignore:easy_install command is deprecated setup.py develop --uninstall --editable --build-directory /home/ashraful/HBRS/AMR/AMR_PROJECT/amr-team-bot/build/potential/build
[15.864s] Invoking command in '/home/ashraful/HBRS/AMR/AMR_PROJECT/amr-team-bot/src/potential': PYTHONPATH=/home/ashraful/HBRS/AMR/AMR_PROJECT/amr-team-bot/build/potential/prefix_override:/usr/lib/python3/dist-packages/colcon_core/task/python/colcon_distutils_commands:/home/ashraful/HBRS/AMR/AMR_PROJECT/amr-team-bot/install/potential/lib/python3.10/site-packages:${PYTHONPATH} /usr/bin/python3 -W ignore:setup.py install is deprecated -W ignore:easy_install command is deprecated setup.py egg_info --egg-base ../../build/potential build --build-base /home/ashraful/HBRS/AMR/AMR_PROJECT/amr-team-bot/build/potential/build install --record /home/ashraful/HBRS/AMR/AMR_PROJECT/amr-team-bot/build/potential/install.log --install-scripts $base/lib/potential --single-version-externally-managed install_data --force
[16.870s] running egg_info
[16.871s] writing ../../build/potential/potential.egg-info/PKG-INFO
[16.872s] writing dependency_links to ../../build/potential/potential.egg-info/dependency_links.txt
[16.872s] writing entry points to ../../build/potential/potential.egg-info/entry_points.txt
[16.873s] writing requirements to ../../build/potential/potential.egg-info/requires.txt
[16.875s] writing top-level names to ../../build/potential/potential.egg-info/top_level.txt
[16.882s] reading manifest file '../../build/potential/potential.egg-info/SOURCES.txt'
[16.883s] adding license file 'LICENSE'
[16.884s] writing manifest file '../../build/potential/potential.egg-info/SOURCES.txt'
[16.885s] running build
[16.885s] running build_py
[16.886s] creating /home/ashraful/HBRS/AMR/AMR_PROJECT/amr-team-bot/build/potential/build
[16.887s] creating /home/ashraful/HBRS/AMR/AMR_PROJECT/amr-team-bot/build/potential/build/lib
[16.887s] creating /home/ashraful/HBRS/AMR/AMR_PROJECT/amr-team-bot/build/potential/build/lib/potential
[16.888s] copying potential/__init__.py -> /home/ashraful/HBRS/AMR/AMR_PROJECT/amr-team-bot/build/potential/build/lib/potential
[16.889s] copying potential/potential.py -> /home/ashraful/HBRS/AMR/AMR_PROJECT/amr-team-bot/build/potential/build/lib/potential
[16.890s] running install
[16.891s] running install_lib
[16.892s] creating /home/ashraful/HBRS/AMR/AMR_PROJECT/amr-team-bot/install/potential/lib/python3.10/site-packages/potential
[16.892s] copying /home/ashraful/HBRS/AMR/AMR_PROJECT/amr-team-bot/build/potential/build/lib/potential/__init__.py -> /home/ashraful/HBRS/AMR/AMR_PROJECT/amr-team-bot/install/potential/lib/python3.10/site-packages/potential
[16.892s] copying /home/ashraful/HBRS/AMR/AMR_PROJECT/amr-team-bot/build/potential/build/lib/potential/potential.py -> /home/ashraful/HBRS/AMR/AMR_PROJECT/amr-team-bot/install/potential/lib/python3.10/site-packages/potential
[16.893s] byte-compiling /home/ashraful/HBRS/AMR/AMR_PROJECT/amr-team-bot/install/potential/lib/python3.10/site-packages/potential/__init__.py to __init__.cpython-310.pyc
[16.893s] byte-compiling /home/ashraful/HBRS/AMR/AMR_PROJECT/amr-team-bot/install/potential/lib/python3.10/site-packages/potential/potential.py to potential.cpython-310.pyc
[16.899s] running install_data
[16.899s] copying resource/potential -> /home/ashraful/HBRS/AMR/AMR_PROJECT/amr-team-bot/install/potential/share/ament_index/resource_index/packages
[16.899s] copying package.xml -> /home/ashraful/HBRS/AMR/AMR_PROJECT/amr-team-bot/install/potential/share/potential
[16.900s] running install_egg_info
[16.905s] Copying ../../build/potential/potential.egg-info to /home/ashraful/HBRS/AMR/AMR_PROJECT/amr-team-bot/install/potential/lib/python3.10/site-packages/potential-0.0.0-py3.10.egg-info
[16.909s] running install_scripts
[16.979s] Installing potential script to /home/ashraful/HBRS/AMR/AMR_PROJECT/amr-team-bot/install/potential/lib/potential
[16.987s] writing list of installed files to '/home/ashraful/HBRS/AMR/AMR_PROJECT/amr-team-bot/build/potential/install.log'
[17.059s] Invoked command in '/home/ashraful/HBRS/AMR/AMR_PROJECT/amr-team-bot/src/potential' returned '0': PYTHONPATH=/home/ashraful/HBRS/AMR/AMR_PROJECT/amr-team-bot/build/potential/prefix_override:/usr/lib/python3/dist-packages/colcon_core/task/python/colcon_distutils_commands:/home/ashraful/HBRS/AMR/AMR_PROJECT/amr-team-bot/install/potential/lib/python3.10/site-packages:${PYTHONPATH} /usr/bin/python3 -W ignore:setup.py install is deprecated -W ignore:easy_install command is deprecated setup.py egg_info --egg-base ../../build/potential build --build-base /home/ashraful/HBRS/AMR/AMR_PROJECT/amr-team-bot/build/potential/build install --record /home/ashraful/HBRS/AMR/AMR_PROJECT/amr-team-bot/build/potential/install.log --install-scripts $base/lib/potential --single-version-externally-managed install_data --force
