[0.250s] DEBUG:colcon:Command line arguments: ['/usr/bin/colcon', 'build', '--packages-select', 'robile_navigation']
[0.251s] DEBUG:colcon:Parsed command line arguments: Namespace(log_base=None, log_level=None, verb_name='build', build_base='build', install_base='install', merge_install=False, symlink_install=False, test_result_base=None, continue_on_error=False, executor='parallel', parallel_workers=8, event_handlers=None, ignore_user_meta=False, metas=['./colcon.meta'], base_paths=['.'], packages_ignore=None, packages_ignore_regex=None, paths=None, packages_up_to=None, packages_up_to_regex=None, packages_above=None, packages_above_and_dependencies=None, packages_above_depth=None, packages_select_by_dep=None, packages_skip_by_dep=None, packages_skip_up_to=None, packages_select_build_failed=False, packages_skip_build_finished=False, packages_select_test_failures=False, packages_skip_test_passed=False, packages_select=['robile_navigation'], packages_skip=None, packages_select_regex=None, packages_skip_regex=None, packages_start=None, packages_end=None, allow_overriding=[], cmake_args=None, cmake_target=None, cmake_target_skip_unavailable=False, cmake_clean_cache=False, cmake_clean_first=False, cmake_force_configure=False, ament_cmake_args=None, catkin_cmake_args=None, catkin_skip_building_tests=False, verb_parser=<colcon_defaults.argument_parser.defaults.DefaultArgumentsDecorator object at 0x794dc0d95ff0>, verb_extension=<colcon_core.verb.build.BuildVerb object at 0x794dc0d95ab0>, main=<bound method BuildVerb.main of <colcon_core.verb.build.BuildVerb object at 0x794dc0d95ab0>>)
[0.740s] Level 1:colcon.colcon_core.package_discovery:discover_packages(colcon_meta) check parameters
[0.740s] Level 1:colcon.colcon_core.package_discovery:discover_packages(recursive) check parameters
[0.740s] Level 1:colcon.colcon_core.package_discovery:discover_packages(ignore) check parameters
[0.740s] Level 1:colcon.colcon_core.package_discovery:discover_packages(path) check parameters
[0.740s] Level 1:colcon.colcon_core.package_discovery:discover_packages(colcon_meta) discover
[0.741s] Level 1:colcon.colcon_core.package_discovery:discover_packages(recursive) discover
[0.741s] INFO:colcon.colcon_core.package_discovery:Crawling recursively for packages in '/home/ashraful/HBRS/AMR/AMR_PROJECT/amr-team-bot/src'
[0.741s] Level 1:colcon.colcon_core.package_identification:_identify(.) by extensions ['ignore', 'ignore_ament_install']
[0.741s] Level 1:colcon.colcon_core.package_identification:_identify(.) by extension 'ignore'
[0.741s] Level 1:colcon.colcon_core.package_identification:_identify(.) by extension 'ignore_ament_install'
[0.741s] Level 1:colcon.colcon_core.package_identification:_identify(.) by extensions ['colcon_pkg']
[0.741s] Level 1:colcon.colcon_core.package_identification:_identify(.) by extension 'colcon_pkg'
[0.742s] Level 1:colcon.colcon_core.package_identification:_identify(.) by extensions ['colcon_meta']
[0.742s] Level 1:colcon.colcon_core.package_identification:_identify(.) by extension 'colcon_meta'
[0.742s] Level 1:colcon.colcon_core.package_identification:_identify(.) by extensions ['ros']
[0.742s] Level 1:colcon.colcon_core.package_identification:_identify(.) by extension 'ros'
[0.801s] Level 1:colcon.colcon_core.package_identification:_identify(.) by extensions ['cmake', 'python']
[0.802s] Level 1:colcon.colcon_core.package_identification:_identify(.) by extension 'cmake'
[0.802s] Level 1:colcon.colcon_core.package_identification:_identify(.) by extension 'python'
[0.802s] Level 1:colcon.colcon_core.package_identification:_identify(.) by extensions ['python_setup_py']
[0.802s] Level 1:colcon.colcon_core.package_identification:_identify(.) by extension 'python_setup_py'
[0.802s] Level 1:colcon.colcon_core.package_identification:_identify(Robile) by extensions ['ignore', 'ignore_ament_install']
[0.802s] Level 1:colcon.colcon_core.package_identification:_identify(Robile) by extension 'ignore'
[0.802s] Level 1:colcon.colcon_core.package_identification:_identify(Robile) by extension 'ignore_ament_install'
[0.802s] Level 1:colcon.colcon_core.package_identification:_identify(Robile) by extensions ['colcon_pkg']
[0.802s] Level 1:colcon.colcon_core.package_identification:_identify(Robile) by extension 'colcon_pkg'
[0.803s] Level 1:colcon.colcon_core.package_identification:_identify(Robile) by extensions ['colcon_meta']
[0.803s] Level 1:colcon.colcon_core.package_identification:_identify(Robile) by extension 'colcon_meta'
[0.803s] Level 1:colcon.colcon_core.package_identification:_identify(Robile) by extensions ['ros']
[0.803s] Level 1:colcon.colcon_core.package_identification:_identify(Robile) by extension 'ros'
[0.803s] Level 1:colcon.colcon_core.package_identification:_identify(Robile) by extensions ['cmake', 'python']
[0.803s] Level 1:colcon.colcon_core.package_identification:_identify(Robile) by extension 'cmake'
[0.803s] Level 1:colcon.colcon_core.package_identification:_identify(Robile) by extension 'python'
[0.803s] Level 1:colcon.colcon_core.package_identification:_identify(Robile) by extensions ['python_setup_py']
[0.803s] Level 1:colcon.colcon_core.package_identification:_identify(Robile) by extension 'python_setup_py'
[0.803s] Level 1:colcon.colcon_core.package_identification:_identify(Robile/docs) by extensions ['ignore', 'ignore_ament_install']
[0.804s] Level 1:colcon.colcon_core.package_identification:_identify(Robile/docs) by extension 'ignore'
[0.804s] Level 1:colcon.colcon_core.package_identification:_identify(Robile/docs) ignored
[0.804s] Level 1:colcon.colcon_core.package_identification:_identify(Robile/robile_bringup) by extensions ['ignore', 'ignore_ament_install']
[0.804s] Level 1:colcon.colcon_core.package_identification:_identify(Robile/robile_bringup) by extension 'ignore'
[0.804s] Level 1:colcon.colcon_core.package_identification:_identify(Robile/robile_bringup) by extension 'ignore_ament_install'
[0.804s] Level 1:colcon.colcon_core.package_identification:_identify(Robile/robile_bringup) by extensions ['colcon_pkg']
[0.805s] Level 1:colcon.colcon_core.package_identification:_identify(Robile/robile_bringup) by extension 'colcon_pkg'
[0.805s] Level 1:colcon.colcon_core.package_identification:_identify(Robile/robile_bringup) by extensions ['colcon_meta']
[0.805s] Level 1:colcon.colcon_core.package_identification:_identify(Robile/robile_bringup) by extension 'colcon_meta'
[0.805s] Level 1:colcon.colcon_core.package_identification:_identify(Robile/robile_bringup) by extensions ['ros']
[0.805s] Level 1:colcon.colcon_core.package_identification:_identify(Robile/robile_bringup) by extension 'ros'
[0.811s] DEBUG:colcon.colcon_core.package_identification:Package 'Robile/robile_bringup' with type 'ros.ament_python' and name 'robile_bringup'
[0.811s] Level 1:colcon.colcon_core.package_identification:_identify(Robile/robile_demos) by extensions ['ignore', 'ignore_ament_install']
[0.812s] Level 1:colcon.colcon_core.package_identification:_identify(Robile/robile_demos) by extension 'ignore'
[0.812s] Level 1:colcon.colcon_core.package_identification:_identify(Robile/robile_demos) by extension 'ignore_ament_install'
[0.812s] Level 1:colcon.colcon_core.package_identification:_identify(Robile/robile_demos) by extensions ['colcon_pkg']
[0.812s] Level 1:colcon.colcon_core.package_identification:_identify(Robile/robile_demos) by extension 'colcon_pkg'
[0.812s] Level 1:colcon.colcon_core.package_identification:_identify(Robile/robile_demos) by extensions ['colcon_meta']
[0.812s] Level 1:colcon.colcon_core.package_identification:_identify(Robile/robile_demos) by extension 'colcon_meta'
[0.812s] Level 1:colcon.colcon_core.package_identification:_identify(Robile/robile_demos) by extensions ['ros']
[0.812s] Level 1:colcon.colcon_core.package_identification:_identify(Robile/robile_demos) by extension 'ros'
[0.812s] Level 1:colcon.colcon_core.package_identification:_identify(Robile/robile_demos) by extensions ['cmake', 'python']
[0.812s] Level 1:colcon.colcon_core.package_identification:_identify(Robile/robile_demos) by extension 'cmake'
[0.813s] Level 1:colcon.colcon_core.package_identification:_identify(Robile/robile_demos) by extension 'python'
[0.813s] Level 1:colcon.colcon_core.package_identification:_identify(Robile/robile_demos) by extensions ['python_setup_py']
[0.813s] Level 1:colcon.colcon_core.package_identification:_identify(Robile/robile_demos) by extension 'python_setup_py'
[0.813s] Level 1:colcon.colcon_core.package_identification:_identify(Robile/robile_demos/robile_control_simple) by extensions ['ignore', 'ignore_ament_install']
[0.813s] Level 1:colcon.colcon_core.package_identification:_identify(Robile/robile_demos/robile_control_simple) by extension 'ignore'
[0.813s] Level 1:colcon.colcon_core.package_identification:_identify(Robile/robile_demos/robile_control_simple) by extension 'ignore_ament_install'
[0.813s] Level 1:colcon.colcon_core.package_identification:_identify(Robile/robile_demos/robile_control_simple) by extensions ['colcon_pkg']
[0.813s] Level 1:colcon.colcon_core.package_identification:_identify(Robile/robile_demos/robile_control_simple) by extension 'colcon_pkg'
[0.813s] Level 1:colcon.colcon_core.package_identification:_identify(Robile/robile_demos/robile_control_simple) by extensions ['colcon_meta']
[0.814s] Level 1:colcon.colcon_core.package_identification:_identify(Robile/robile_demos/robile_control_simple) by extension 'colcon_meta'
[0.814s] Level 1:colcon.colcon_core.package_identification:_identify(Robile/robile_demos/robile_control_simple) by extensions ['ros']
[0.814s] Level 1:colcon.colcon_core.package_identification:_identify(Robile/robile_demos/robile_control_simple) by extension 'ros'
[0.815s] DEBUG:colcon.colcon_core.package_identification:Package 'Robile/robile_demos/robile_control_simple' with type 'ros.ament_python' and name 'robile_control_simple'
[0.815s] Level 1:colcon.colcon_core.package_identification:_identify(Robile/robile_demos/robile_reach_goal) by extensions ['ignore', 'ignore_ament_install']
[0.815s] Level 1:colcon.colcon_core.package_identification:_identify(Robile/robile_demos/robile_reach_goal) by extension 'ignore'
[0.816s] Level 1:colcon.colcon_core.package_identification:_identify(Robile/robile_demos/robile_reach_goal) by extension 'ignore_ament_install'
[0.816s] Level 1:colcon.colcon_core.package_identification:_identify(Robile/robile_demos/robile_reach_goal) by extensions ['colcon_pkg']
[0.816s] Level 1:colcon.colcon_core.package_identification:_identify(Robile/robile_demos/robile_reach_goal) by extension 'colcon_pkg'
[0.816s] Level 1:colcon.colcon_core.package_identification:_identify(Robile/robile_demos/robile_reach_goal) by extensions ['colcon_meta']
[0.816s] Level 1:colcon.colcon_core.package_identification:_identify(Robile/robile_demos/robile_reach_goal) by extension 'colcon_meta'
[0.816s] Level 1:colcon.colcon_core.package_identification:_identify(Robile/robile_demos/robile_reach_goal) by extensions ['ros']
[0.816s] Level 1:colcon.colcon_core.package_identification:_identify(Robile/robile_demos/robile_reach_goal) by extension 'ros'
[0.817s] DEBUG:colcon.colcon_core.package_identification:Package 'Robile/robile_demos/robile_reach_goal' with type 'ros.ament_python' and name 'robile_reach_goal'
[0.818s] Level 1:colcon.colcon_core.package_identification:_identify(Robile/worksheets) by extensions ['ignore', 'ignore_ament_install']
[0.818s] Level 1:colcon.colcon_core.package_identification:_identify(Robile/worksheets) by extension 'ignore'
[0.818s] Level 1:colcon.colcon_core.package_identification:_identify(Robile/worksheets) by extension 'ignore_ament_install'
[0.818s] Level 1:colcon.colcon_core.package_identification:_identify(Robile/worksheets) by extensions ['colcon_pkg']
[0.818s] Level 1:colcon.colcon_core.package_identification:_identify(Robile/worksheets) by extension 'colcon_pkg'
[0.818s] Level 1:colcon.colcon_core.package_identification:_identify(Robile/worksheets) by extensions ['colcon_meta']
[0.818s] Level 1:colcon.colcon_core.package_identification:_identify(Robile/worksheets) by extension 'colcon_meta'
[0.818s] Level 1:colcon.colcon_core.package_identification:_identify(Robile/worksheets) by extensions ['ros']
[0.818s] Level 1:colcon.colcon_core.package_identification:_identify(Robile/worksheets) by extension 'ros'
[0.819s] Level 1:colcon.colcon_core.package_identification:_identify(Robile/worksheets) by extensions ['cmake', 'python']
[0.819s] Level 1:colcon.colcon_core.package_identification:_identify(Robile/worksheets) by extension 'cmake'
[0.819s] Level 1:colcon.colcon_core.package_identification:_identify(Robile/worksheets) by extension 'python'
[0.819s] Level 1:colcon.colcon_core.package_identification:_identify(Robile/worksheets) by extensions ['python_setup_py']
[0.819s] Level 1:colcon.colcon_core.package_identification:_identify(Robile/worksheets) by extension 'python_setup_py'
[0.819s] Level 1:colcon.colcon_core.package_identification:_identify(Robile/worksheets/bitmaps) by extensions ['ignore', 'ignore_ament_install']
[0.819s] Level 1:colcon.colcon_core.package_identification:_identify(Robile/worksheets/bitmaps) by extension 'ignore'
[0.819s] Level 1:colcon.colcon_core.package_identification:_identify(Robile/worksheets/bitmaps) by extension 'ignore_ament_install'
[0.820s] Level 1:colcon.colcon_core.package_identification:_identify(Robile/worksheets/bitmaps) by extensions ['colcon_pkg']
[0.820s] Level 1:colcon.colcon_core.package_identification:_identify(Robile/worksheets/bitmaps) by extension 'colcon_pkg'
[0.820s] Level 1:colcon.colcon_core.package_identification:_identify(Robile/worksheets/bitmaps) by extensions ['colcon_meta']
[0.820s] Level 1:colcon.colcon_core.package_identification:_identify(Robile/worksheets/bitmaps) by extension 'colcon_meta'
[0.820s] Level 1:colcon.colcon_core.package_identification:_identify(Robile/worksheets/bitmaps) by extensions ['ros']
[0.820s] Level 1:colcon.colcon_core.package_identification:_identify(Robile/worksheets/bitmaps) by extension 'ros'
[0.820s] Level 1:colcon.colcon_core.package_identification:_identify(Robile/worksheets/bitmaps) by extensions ['cmake', 'python']
[0.820s] Level 1:colcon.colcon_core.package_identification:_identify(Robile/worksheets/bitmaps) by extension 'cmake'
[0.820s] Level 1:colcon.colcon_core.package_identification:_identify(Robile/worksheets/bitmaps) by extension 'python'
[0.820s] Level 1:colcon.colcon_core.package_identification:_identify(Robile/worksheets/bitmaps) by extensions ['python_setup_py']
[0.820s] Level 1:colcon.colcon_core.package_identification:_identify(Robile/worksheets/bitmaps) by extension 'python_setup_py'
[0.821s] Level 1:colcon.colcon_core.package_identification:_identify(Robile/worksheets/worksheet01) by extensions ['ignore', 'ignore_ament_install']
[0.821s] Level 1:colcon.colcon_core.package_identification:_identify(Robile/worksheets/worksheet01) by extension 'ignore'
[0.821s] Level 1:colcon.colcon_core.package_identification:_identify(Robile/worksheets/worksheet01) by extension 'ignore_ament_install'
[0.821s] Level 1:colcon.colcon_core.package_identification:_identify(Robile/worksheets/worksheet01) by extensions ['colcon_pkg']
[0.821s] Level 1:colcon.colcon_core.package_identification:_identify(Robile/worksheets/worksheet01) by extension 'colcon_pkg'
[0.821s] Level 1:colcon.colcon_core.package_identification:_identify(Robile/worksheets/worksheet01) by extensions ['colcon_meta']
[0.821s] Level 1:colcon.colcon_core.package_identification:_identify(Robile/worksheets/worksheet01) by extension 'colcon_meta'
[0.821s] Level 1:colcon.colcon_core.package_identification:_identify(Robile/worksheets/worksheet01) by extensions ['ros']
[0.821s] Level 1:colcon.colcon_core.package_identification:_identify(Robile/worksheets/worksheet01) by extension 'ros'
[0.821s] Level 1:colcon.colcon_core.package_identification:_identify(Robile/worksheets/worksheet01) by extensions ['cmake', 'python']
[0.822s] Level 1:colcon.colcon_core.package_identification:_identify(Robile/worksheets/worksheet01) by extension 'cmake'
[0.822s] Level 1:colcon.colcon_core.package_identification:_identify(Robile/worksheets/worksheet01) by extension 'python'
[0.822s] Level 1:colcon.colcon_core.package_identification:_identify(Robile/worksheets/worksheet01) by extensions ['python_setup_py']
[0.822s] Level 1:colcon.colcon_core.package_identification:_identify(Robile/worksheets/worksheet01) by extension 'python_setup_py'
[0.822s] Level 1:colcon.colcon_core.package_identification:_identify(Robile/worksheets/worksheet02) by extensions ['ignore', 'ignore_ament_install']
[0.822s] Level 1:colcon.colcon_core.package_identification:_identify(Robile/worksheets/worksheet02) by extension 'ignore'
[0.822s] Level 1:colcon.colcon_core.package_identification:_identify(Robile/worksheets/worksheet02) by extension 'ignore_ament_install'
[0.822s] Level 1:colcon.colcon_core.package_identification:_identify(Robile/worksheets/worksheet02) by extensions ['colcon_pkg']
[0.822s] Level 1:colcon.colcon_core.package_identification:_identify(Robile/worksheets/worksheet02) by extension 'colcon_pkg'
[0.823s] Level 1:colcon.colcon_core.package_identification:_identify(Robile/worksheets/worksheet02) by extensions ['colcon_meta']
[0.823s] Level 1:colcon.colcon_core.package_identification:_identify(Robile/worksheets/worksheet02) by extension 'colcon_meta'
[0.823s] Level 1:colcon.colcon_core.package_identification:_identify(Robile/worksheets/worksheet02) by extensions ['ros']
[0.823s] Level 1:colcon.colcon_core.package_identification:_identify(Robile/worksheets/worksheet02) by extension 'ros'
[0.823s] Level 1:colcon.colcon_core.package_identification:_identify(Robile/worksheets/worksheet02) by extensions ['cmake', 'python']
[0.823s] Level 1:colcon.colcon_core.package_identification:_identify(Robile/worksheets/worksheet02) by extension 'cmake'
[0.823s] Level 1:colcon.colcon_core.package_identification:_identify(Robile/worksheets/worksheet02) by extension 'python'
[0.823s] Level 1:colcon.colcon_core.package_identification:_identify(Robile/worksheets/worksheet02) by extensions ['python_setup_py']
[0.823s] Level 1:colcon.colcon_core.package_identification:_identify(Robile/worksheets/worksheet02) by extension 'python_setup_py'
[0.823s] Level 1:colcon.colcon_core.package_identification:_identify(amr_localization) by extensions ['ignore', 'ignore_ament_install']
[0.824s] Level 1:colcon.colcon_core.package_identification:_identify(amr_localization) by extension 'ignore'
[0.824s] Level 1:colcon.colcon_core.package_identification:_identify(amr_localization) by extension 'ignore_ament_install'
[0.824s] Level 1:colcon.colcon_core.package_identification:_identify(amr_localization) by extensions ['colcon_pkg']
[0.824s] Level 1:colcon.colcon_core.package_identification:_identify(amr_localization) by extension 'colcon_pkg'
[0.824s] Level 1:colcon.colcon_core.package_identification:_identify(amr_localization) by extensions ['colcon_meta']
[0.824s] Level 1:colcon.colcon_core.package_identification:_identify(amr_localization) by extension 'colcon_meta'
[0.824s] Level 1:colcon.colcon_core.package_identification:_identify(amr_localization) by extensions ['ros']
[0.824s] Level 1:colcon.colcon_core.package_identification:_identify(amr_localization) by extension 'ros'
[0.826s] DEBUG:colcon.colcon_core.package_identification:Package 'amr_localization' with type 'ros.ament_python' and name 'amr_localization'
[0.826s] Level 1:colcon.colcon_core.package_identification:_identify(aws-robomaker-small-house-world) by extensions ['ignore', 'ignore_ament_install']
[0.826s] Level 1:colcon.colcon_core.package_identification:_identify(aws-robomaker-small-house-world) by extension 'ignore'
[0.826s] Level 1:colcon.colcon_core.package_identification:_identify(aws-robomaker-small-house-world) by extension 'ignore_ament_install'
[0.826s] Level 1:colcon.colcon_core.package_identification:_identify(aws-robomaker-small-house-world) by extensions ['colcon_pkg']
[0.826s] Level 1:colcon.colcon_core.package_identification:_identify(aws-robomaker-small-house-world) by extension 'colcon_pkg'
[0.827s] Level 1:colcon.colcon_core.package_identification:_identify(aws-robomaker-small-house-world) by extensions ['colcon_meta']
[0.827s] Level 1:colcon.colcon_core.package_identification:_identify(aws-robomaker-small-house-world) by extension 'colcon_meta'
[0.827s] Level 1:colcon.colcon_core.package_identification:_identify(aws-robomaker-small-house-world) by extensions ['ros']
[0.827s] Level 1:colcon.colcon_core.package_identification:_identify(aws-robomaker-small-house-world) by extension 'ros'
[0.828s] DEBUG:colcon.colcon_core.package_identification:Package 'aws-robomaker-small-house-world' with type 'ros.ament_cmake' and name 'aws_robomaker_small_house_world'
[0.828s] Level 1:colcon.colcon_core.package_identification:_identify(build) by extensions ['ignore', 'ignore_ament_install']
[0.828s] Level 1:colcon.colcon_core.package_identification:_identify(build) by extension 'ignore'
[0.828s] Level 1:colcon.colcon_core.package_identification:_identify(build) ignored
[0.828s] Level 1:colcon.colcon_core.package_identification:_identify(install) by extensions ['ignore', 'ignore_ament_install']
[0.828s] Level 1:colcon.colcon_core.package_identification:_identify(install) by extension 'ignore'
[0.829s] Level 1:colcon.colcon_core.package_identification:_identify(install) ignored
[0.829s] Level 1:colcon.colcon_core.package_identification:_identify(log) by extensions ['ignore', 'ignore_ament_install']
[0.829s] Level 1:colcon.colcon_core.package_identification:_identify(log) by extension 'ignore'
[0.829s] Level 1:colcon.colcon_core.package_identification:_identify(log) ignored
[0.829s] Level 1:colcon.colcon_core.package_identification:_identify(mcl_particle_filter) by extensions ['ignore', 'ignore_ament_install']
[0.829s] Level 1:colcon.colcon_core.package_identification:_identify(mcl_particle_filter) by extension 'ignore'
[0.829s] Level 1:colcon.colcon_core.package_identification:_identify(mcl_particle_filter) by extension 'ignore_ament_install'
[0.829s] Level 1:colcon.colcon_core.package_identification:_identify(mcl_particle_filter) by extensions ['colcon_pkg']
[0.829s] Level 1:colcon.colcon_core.package_identification:_identify(mcl_particle_filter) by extension 'colcon_pkg'
[0.829s] Level 1:colcon.colcon_core.package_identification:_identify(mcl_particle_filter) by extensions ['colcon_meta']
[0.830s] Level 1:colcon.colcon_core.package_identification:_identify(mcl_particle_filter) by extension 'colcon_meta'
[0.830s] Level 1:colcon.colcon_core.package_identification:_identify(mcl_particle_filter) by extensions ['ros']
[0.830s] Level 1:colcon.colcon_core.package_identification:_identify(mcl_particle_filter) by extension 'ros'
[0.831s] DEBUG:colcon.colcon_core.package_identification:Package 'mcl_particle_filter' with type 'ros.ament_python' and name 'mcl_particle_filter'
[0.831s] Level 1:colcon.colcon_core.package_identification:_identify(my_explorer) by extensions ['ignore', 'ignore_ament_install']
[0.831s] Level 1:colcon.colcon_core.package_identification:_identify(my_explorer) by extension 'ignore'
[0.831s] Level 1:colcon.colcon_core.package_identification:_identify(my_explorer) by extension 'ignore_ament_install'
[0.832s] Level 1:colcon.colcon_core.package_identification:_identify(my_explorer) by extensions ['colcon_pkg']
[0.832s] Level 1:colcon.colcon_core.package_identification:_identify(my_explorer) by extension 'colcon_pkg'
[0.832s] Level 1:colcon.colcon_core.package_identification:_identify(my_explorer) by extensions ['colcon_meta']
[0.832s] Level 1:colcon.colcon_core.package_identification:_identify(my_explorer) by extension 'colcon_meta'
[0.832s] Level 1:colcon.colcon_core.package_identification:_identify(my_explorer) by extensions ['ros']
[0.832s] Level 1:colcon.colcon_core.package_identification:_identify(my_explorer) by extension 'ros'
[0.834s] DEBUG:colcon.colcon_core.package_identification:Package 'my_explorer' with type 'ros.ament_python' and name 'my_explorer'
[0.834s] Level 1:colcon.colcon_core.package_identification:_identify(particle_localization) by extensions ['ignore', 'ignore_ament_install']
[0.834s] Level 1:colcon.colcon_core.package_identification:_identify(particle_localization) by extension 'ignore'
[0.834s] Level 1:colcon.colcon_core.package_identification:_identify(particle_localization) by extension 'ignore_ament_install'
[0.834s] Level 1:colcon.colcon_core.package_identification:_identify(particle_localization) by extensions ['colcon_pkg']
[0.834s] Level 1:colcon.colcon_core.package_identification:_identify(particle_localization) by extension 'colcon_pkg'
[0.834s] Level 1:colcon.colcon_core.package_identification:_identify(particle_localization) by extensions ['colcon_meta']
[0.834s] Level 1:colcon.colcon_core.package_identification:_identify(particle_localization) by extension 'colcon_meta'
[0.834s] Level 1:colcon.colcon_core.package_identification:_identify(particle_localization) by extensions ['ros']
[0.834s] Level 1:colcon.colcon_core.package_identification:_identify(particle_localization) by extension 'ros'
[0.836s] DEBUG:colcon.colcon_core.package_identification:Package 'particle_localization' with type 'ros.ament_python' and name 'particle_localization'
[0.836s] Level 1:colcon.colcon_core.package_identification:_identify(potential) by extensions ['ignore', 'ignore_ament_install']
[0.836s] Level 1:colcon.colcon_core.package_identification:_identify(potential) by extension 'ignore'
[0.837s] Level 1:colcon.colcon_core.package_identification:_identify(potential) by extension 'ignore_ament_install'
[0.837s] Level 1:colcon.colcon_core.package_identification:_identify(potential) by extensions ['colcon_pkg']
[0.837s] Level 1:colcon.colcon_core.package_identification:_identify(potential) by extension 'colcon_pkg'
[0.837s] Level 1:colcon.colcon_core.package_identification:_identify(potential) by extensions ['colcon_meta']
[0.837s] Level 1:colcon.colcon_core.package_identification:_identify(potential) by extension 'colcon_meta'
[0.837s] Level 1:colcon.colcon_core.package_identification:_identify(potential) by extensions ['ros']
[0.837s] Level 1:colcon.colcon_core.package_identification:_identify(potential) by extension 'ros'
[0.839s] DEBUG:colcon.colcon_core.package_identification:Package 'potential' with type 'ros.ament_python' and name 'potential'
[0.839s] Level 1:colcon.colcon_core.package_identification:_identify(robile_description) by extensions ['ignore', 'ignore_ament_install']
[0.839s] Level 1:colcon.colcon_core.package_identification:_identify(robile_description) by extension 'ignore'
[0.839s] Level 1:colcon.colcon_core.package_identification:_identify(robile_description) by extension 'ignore_ament_install'
[0.839s] Level 1:colcon.colcon_core.package_identification:_identify(robile_description) by extensions ['colcon_pkg']
[0.839s] Level 1:colcon.colcon_core.package_identification:_identify(robile_description) by extension 'colcon_pkg'
[0.840s] Level 1:colcon.colcon_core.package_identification:_identify(robile_description) by extensions ['colcon_meta']
[0.840s] Level 1:colcon.colcon_core.package_identification:_identify(robile_description) by extension 'colcon_meta'
[0.840s] Level 1:colcon.colcon_core.package_identification:_identify(robile_description) by extensions ['ros']
[0.840s] Level 1:colcon.colcon_core.package_identification:_identify(robile_description) by extension 'ros'
[0.841s] DEBUG:colcon.colcon_core.package_identification:Package 'robile_description' with type 'ros.ament_cmake' and name 'robile_description'
[0.841s] Level 1:colcon.colcon_core.package_identification:_identify(robile_gazebo) by extensions ['ignore', 'ignore_ament_install']
[0.841s] Level 1:colcon.colcon_core.package_identification:_identify(robile_gazebo) by extension 'ignore'
[0.841s] Level 1:colcon.colcon_core.package_identification:_identify(robile_gazebo) by extension 'ignore_ament_install'
[0.841s] Level 1:colcon.colcon_core.package_identification:_identify(robile_gazebo) by extensions ['colcon_pkg']
[0.841s] Level 1:colcon.colcon_core.package_identification:_identify(robile_gazebo) by extension 'colcon_pkg'
[0.842s] Level 1:colcon.colcon_core.package_identification:_identify(robile_gazebo) by extensions ['colcon_meta']
[0.842s] Level 1:colcon.colcon_core.package_identification:_identify(robile_gazebo) by extension 'colcon_meta'
[0.842s] Level 1:colcon.colcon_core.package_identification:_identify(robile_gazebo) by extensions ['ros']
[0.842s] Level 1:colcon.colcon_core.package_identification:_identify(robile_gazebo) by extension 'ros'
[0.845s] DEBUG:colcon.colcon_core.package_identification:Package 'robile_gazebo' with type 'ros.ament_cmake' and name 'robile_gazebo'
[0.845s] Level 1:colcon.colcon_core.package_identification:_identify(robile_interfaces) by extensions ['ignore', 'ignore_ament_install']
[0.845s] Level 1:colcon.colcon_core.package_identification:_identify(robile_interfaces) by extension 'ignore'
[0.845s] Level 1:colcon.colcon_core.package_identification:_identify(robile_interfaces) by extension 'ignore_ament_install'
[0.845s] Level 1:colcon.colcon_core.package_identification:_identify(robile_interfaces) by extensions ['colcon_pkg']
[0.845s] Level 1:colcon.colcon_core.package_identification:_identify(robile_interfaces) by extension 'colcon_pkg'
[0.845s] Level 1:colcon.colcon_core.package_identification:_identify(robile_interfaces) by extensions ['colcon_meta']
[0.845s] Level 1:colcon.colcon_core.package_identification:_identify(robile_interfaces) by extension 'colcon_meta'
[0.845s] Level 1:colcon.colcon_core.package_identification:_identify(robile_interfaces) by extensions ['ros']
[0.845s] Level 1:colcon.colcon_core.package_identification:_identify(robile_interfaces) by extension 'ros'
[0.847s] DEBUG:colcon.colcon_core.package_identification:Package 'robile_interfaces' with type 'ros.ament_cmake' and name 'robile_interfaces'
[0.847s] Level 1:colcon.colcon_core.package_identification:_identify(robile_navigation) by extensions ['ignore', 'ignore_ament_install']
[0.847s] Level 1:colcon.colcon_core.package_identification:_identify(robile_navigation) by extension 'ignore'
[0.847s] Level 1:colcon.colcon_core.package_identification:_identify(robile_navigation) by extension 'ignore_ament_install'
[0.847s] Level 1:colcon.colcon_core.package_identification:_identify(robile_navigation) by extensions ['colcon_pkg']
[0.847s] Level 1:colcon.colcon_core.package_identification:_identify(robile_navigation) by extension 'colcon_pkg'
[0.847s] Level 1:colcon.colcon_core.package_identification:_identify(robile_navigation) by extensions ['colcon_meta']
[0.847s] Level 1:colcon.colcon_core.package_identification:_identify(robile_navigation) by extension 'colcon_meta'
[0.848s] Level 1:colcon.colcon_core.package_identification:_identify(robile_navigation) by extensions ['ros']
[0.848s] Level 1:colcon.colcon_core.package_identification:_identify(robile_navigation) by extension 'ros'
[0.850s] DEBUG:colcon.colcon_core.package_identification:Found ROS schema reference in package manifest in 'robile_navigation'
[0.851s] WARNING:colcon.colcon_core.package_identification:Failed to parse ROS package manifest in 'robile_navigation': Error(s) in package 'robile_navigation/package.xml':
Error(s):
- The generic dependency on 'rclpy' is redundant with: build_depend, build_export_depend, exec_depend
- The generic dependency on 'sensor_msgs' is redundant with: exec_depend
- The generic dependency on 'geometry_msgs' is redundant with: exec_depend
[0.851s] Level 1:colcon.colcon_core.package_identification:_identify(robile_navigation) by extensions ['cmake', 'python']
[0.851s] Level 1:colcon.colcon_core.package_identification:_identify(robile_navigation) by extension 'cmake'
[0.853s] Level 1:colcon.colcon_core.package_identification:_identify(robile_navigation) by extension 'python'
[0.854s] DEBUG:colcon.colcon_core.package_identification:Package 'robile_navigation' with type 'cmake' and name 'robile_navigation'
[0.854s] Level 1:colcon.colcon_core.package_identification:_identify(wavefront) by extensions ['ignore', 'ignore_ament_install']
[0.854s] Level 1:colcon.colcon_core.package_identification:_identify(wavefront) by extension 'ignore'
[0.854s] Level 1:colcon.colcon_core.package_identification:_identify(wavefront) by extension 'ignore_ament_install'
[0.854s] Level 1:colcon.colcon_core.package_identification:_identify(wavefront) by extensions ['colcon_pkg']
[0.854s] Level 1:colcon.colcon_core.package_identification:_identify(wavefront) by extension 'colcon_pkg'
[0.854s] Level 1:colcon.colcon_core.package_identification:_identify(wavefront) by extensions ['colcon_meta']
[0.854s] Level 1:colcon.colcon_core.package_identification:_identify(wavefront) by extension 'colcon_meta'
[0.854s] Level 1:colcon.colcon_core.package_identification:_identify(wavefront) by extensions ['ros']
[0.854s] Level 1:colcon.colcon_core.package_identification:_identify(wavefront) by extension 'ros'
[0.856s] DEBUG:colcon.colcon_core.package_identification:Package 'wavefront' with type 'ros.ament_python' and name 'wavefront'
[0.856s] Level 1:colcon.colcon_core.package_discovery:discover_packages(recursive) using defaults
[0.856s] Level 1:colcon.colcon_core.package_discovery:discover_packages(ignore) discover
[0.856s] Level 1:colcon.colcon_core.package_discovery:discover_packages(ignore) using defaults
[0.856s] Level 1:colcon.colcon_core.package_discovery:discover_packages(path) discover
[0.856s] Level 1:colcon.colcon_core.package_discovery:discover_packages(path) using defaults
[0.908s] INFO:colcon.colcon_core.package_selection:Skipping not selected package 'amr_localization' in 'amr_localization'
[0.909s] INFO:colcon.colcon_core.package_selection:Skipping not selected package 'aws_robomaker_small_house_world' in 'aws-robomaker-small-house-world'
[0.909s] INFO:colcon.colcon_core.package_selection:Skipping not selected package 'mcl_particle_filter' in 'mcl_particle_filter'
[0.909s] INFO:colcon.colcon_core.package_selection:Skipping not selected package 'my_explorer' in 'my_explorer'
[0.909s] INFO:colcon.colcon_core.package_selection:Skipping not selected package 'particle_localization' in 'particle_localization'
[0.909s] INFO:colcon.colcon_core.package_selection:Skipping not selected package 'potential' in 'potential'
[0.909s] INFO:colcon.colcon_core.package_selection:Skipping not selected package 'robile_bringup' in 'Robile/robile_bringup'
[0.909s] INFO:colcon.colcon_core.package_selection:Skipping not selected package 'robile_control_simple' in 'Robile/robile_demos/robile_control_simple'
[0.909s] INFO:colcon.colcon_core.package_selection:Skipping not selected package 'robile_description' in 'robile_description'
[0.909s] INFO:colcon.colcon_core.package_selection:Skipping not selected package 'robile_interfaces' in 'robile_interfaces'
[0.909s] INFO:colcon.colcon_core.package_selection:Skipping not selected package 'robile_reach_goal' in 'Robile/robile_demos/robile_reach_goal'
[0.909s] INFO:colcon.colcon_core.package_selection:Skipping not selected package 'wavefront' in 'wavefront'
[0.909s] INFO:colcon.colcon_core.package_selection:Skipping not selected package 'robile_gazebo' in 'robile_gazebo'
[0.910s] Level 1:colcon.colcon_core.package_discovery:discover_packages(prefix_path) check parameters
[0.910s] Level 1:colcon.colcon_core.package_discovery:discover_packages(prefix_path) discover
[0.915s] DEBUG:colcon.colcon_installed_package_information.package_discovery:Found 14 installed packages in /home/ashraful/HBRS/AMR/AMR_PROJECT/amr-team-bot/install
[0.919s] DEBUG:colcon.colcon_installed_package_information.package_discovery:Found 353 installed packages in /opt/ros/humble
[0.924s] Level 1:colcon.colcon_core.package_discovery:discover_packages(prefix_path) using defaults
[1.011s] Level 5:colcon.colcon_core.verb:set package 'robile_navigation' build argument 'cmake_args' from command line to 'None'
[1.012s] Level 5:colcon.colcon_core.verb:set package 'robile_navigation' build argument 'cmake_target' from command line to 'None'
[1.012s] Level 5:colcon.colcon_core.verb:set package 'robile_navigation' build argument 'cmake_target_skip_unavailable' from command line to 'False'
[1.012s] Level 5:colcon.colcon_core.verb:set package 'robile_navigation' build argument 'cmake_clean_cache' from command line to 'False'
[1.012s] Level 5:colcon.colcon_core.verb:set package 'robile_navigation' build argument 'cmake_clean_first' from command line to 'False'
[1.012s] Level 5:colcon.colcon_core.verb:set package 'robile_navigation' build argument 'cmake_force_configure' from command line to 'False'
[1.012s] Level 5:colcon.colcon_core.verb:set package 'robile_navigation' build argument 'ament_cmake_args' from command line to 'None'
[1.012s] Level 5:colcon.colcon_core.verb:set package 'robile_navigation' build argument 'catkin_cmake_args' from command line to 'None'
[1.012s] Level 5:colcon.colcon_core.verb:set package 'robile_navigation' build argument 'catkin_skip_building_tests' from command line to 'False'
[1.012s] DEBUG:colcon.colcon_core.verb:Building package 'robile_navigation' with the following arguments: {'ament_cmake_args': None, 'build_base': '/home/ashraful/HBRS/AMR/AMR_PROJECT/amr-team-bot/src/build/robile_navigation', 'catkin_cmake_args': None, 'catkin_skip_building_tests': False, 'cmake_args': None, 'cmake_clean_cache': False, 'cmake_clean_first': False, 'cmake_force_configure': False, 'cmake_target': None, 'cmake_target_skip_unavailable': False, 'install_base': '/home/ashraful/HBRS/AMR/AMR_PROJECT/amr-team-bot/src/install/robile_navigation', 'merge_install': False, 'path': '/home/ashraful/HBRS/AMR/AMR_PROJECT/amr-team-bot/src/robile_navigation', 'symlink_install': False, 'test_result_base': None}
[1.012s] INFO:colcon.colcon_core.executor:Executing jobs using 'parallel' executor
[1.014s] DEBUG:colcon.colcon_parallel_executor.executor.parallel:run_until_complete
[1.015s] INFO:colcon.colcon_cmake.task.cmake.build:Building CMake package in '/home/ashraful/HBRS/AMR/AMR_PROJECT/amr-team-bot/src/robile_navigation'
[1.020s] INFO:colcon.colcon_core.plugin_system:Skipping extension 'colcon_core.shell.bat': Not used on non-Windows systems
[1.021s] INFO:colcon.colcon_core.shell:Skip shell extension 'powershell' for command environment: Not usable outside of PowerShell
[1.021s] DEBUG:colcon.colcon_core.shell:Skip shell extension 'dsv' for command environment
[1.026s] WARNING:colcon.colcon_core.shell:The following packages are in the workspace but haven't been built:
- robile_interfaces
They are being used from the following locations instead:
- /home/ashraful/HBRS/AMR/AMR_PROJECT/amr-team-bot/install/robile_interfaces
To suppress this warning ignore these packages in the workspace:
--packages-ignore robile_interfaces
[1.037s] DEBUG:colcon.colcon_core.event_handler.log_command:Invoking command in '/home/ashraful/HBRS/AMR/AMR_PROJECT/amr-team-bot/src/build/robile_navigation': /usr/bin/cmake /home/ashraful/HBRS/AMR/AMR_PROJECT/amr-team-bot/src/robile_navigation -DCMAKE_INSTALL_PREFIX=/home/ashraful/HBRS/AMR/AMR_PROJECT/amr-team-bot/src/install/robile_navigation
[3.717s] DEBUG:colcon.colcon_core.event_handler.log_command:Invoked command in '/home/ashraful/HBRS/AMR/AMR_PROJECT/amr-team-bot/src/build/robile_navigation' returned '1': /usr/bin/cmake /home/ashraful/HBRS/AMR/AMR_PROJECT/amr-team-bot/src/robile_navigation -DCMAKE_INSTALL_PREFIX=/home/ashraful/HBRS/AMR/AMR_PROJECT/amr-team-bot/src/install/robile_navigation
[3.728s] DEBUG:colcon.colcon_parallel_executor.executor.parallel:closing loop
[3.729s] DEBUG:colcon.colcon_parallel_executor.executor.parallel:loop closed
[3.729s] DEBUG:colcon.colcon_parallel_executor.executor.parallel:run_until_complete finished with '1'
[3.729s] DEBUG:colcon.colcon_core.event_reactor:joining thread
[3.739s] INFO:colcon.colcon_core.plugin_system:Skipping extension 'colcon_notification.desktop_notification.terminal_notifier': Not used on non-Darwin systems
[3.740s] INFO:colcon.colcon_core.plugin_system:Skipping extension 'colcon_notification.desktop_notification.win32': Not used on non-Windows systems
[3.740s] INFO:colcon.colcon_notification.desktop_notification:Sending desktop notification using 'notify2'
[3.766s] DEBUG:colcon.colcon_core.event_reactor:joined thread
[3.767s] INFO:colcon.colcon_core.shell:Creating prefix script '/home/ashraful/HBRS/AMR/AMR_PROJECT/amr-team-bot/src/install/local_setup.ps1'
[3.769s] INFO:colcon.colcon_core.shell:Creating prefix util module '/home/ashraful/HBRS/AMR/AMR_PROJECT/amr-team-bot/src/install/_local_setup_util_ps1.py'
[3.773s] INFO:colcon.colcon_core.shell:Creating prefix chain script '/home/ashraful/HBRS/AMR/AMR_PROJECT/amr-team-bot/src/install/setup.ps1'
[3.776s] INFO:colcon.colcon_core.shell:Creating prefix script '/home/ashraful/HBRS/AMR/AMR_PROJECT/amr-team-bot/src/install/local_setup.sh'
[3.777s] INFO:colcon.colcon_core.shell:Creating prefix util module '/home/ashraful/HBRS/AMR/AMR_PROJECT/amr-team-bot/src/install/_local_setup_util_sh.py'
[3.778s] INFO:colcon.colcon_core.shell:Creating prefix chain script '/home/ashraful/HBRS/AMR/AMR_PROJECT/amr-team-bot/src/install/setup.sh'
[3.781s] INFO:colcon.colcon_core.shell:Creating prefix script '/home/ashraful/HBRS/AMR/AMR_PROJECT/amr-team-bot/src/install/local_setup.bash'
[3.782s] INFO:colcon.colcon_core.shell:Creating prefix chain script '/home/ashraful/HBRS/AMR/AMR_PROJECT/amr-team-bot/src/install/setup.bash'
[3.785s] INFO:colcon.colcon_core.shell:Creating prefix script '/home/ashraful/HBRS/AMR/AMR_PROJECT/amr-team-bot/src/install/local_setup.zsh'
[3.786s] INFO:colcon.colcon_core.shell:Creating prefix chain script '/home/ashraful/HBRS/AMR/AMR_PROJECT/amr-team-bot/src/install/setup.zsh'
